10 22.4931
20 44.1382
30 65.4072
40 86.437
50 107.174
60 127.717
70 148.169
80 168.645
90 189.075
100 209.626
110 230.186
120 250.806
130 271.446
140 292.088
150 312.608
160 333.044
170 353.484
180 373.964
190 394.427
200 414.836
210 435.189
220 455.471
230 475.701
240 495.941
250 516.011
260 535.999
270 555.981
280 576.04
290 596.138
300 616.198
310 636.326
320 656.487
330 676.55
340 696.595
350 716.556
360 736.465
370 756.503
380 776.589
390 796.725
400 816.877
410 837.057
420 857.216
430 877.374
440 897.523
450 917.617
460 937.705
470 957.832
480 977.926
490 998.044
500 1018.11
510 1038.21
520 1058.21
530 1078.23
540 1098.23
550 1118.26
560 1138.32
570 1158.41
580 1178.45
590 1198.45
600 1218.39
610 1238.26
620 1258.13
630 1278.03
640 1297.93
650 1317.93
660 1337.91
670 1357.73
680 1377.57
690 1397.37
700 1417.25
710 1437.16
720 1457.06
730 1476.91
740 1496.87
750 1516.87
760 1536.93
770 1556.94
780 1577.06
790 1597.17
800 1617.38
810 1637.74
820 1658.14
830 1678.48
840 1698.67
850 1718.9
860 1739.2
870 1759.54
880 1779.85
890 1800.17
900 1820.36
910 1840.45
920 1860.6
930 1880.76
940 1900.96
950 1921.14
960 1941.35
970 1961.66
980 1982
990 2002.33
1000 2022.7
1010 2043.05
1020 2063.39
1030 2083.76
1040 2104.2
1050 2124.52
1060 2144.85
1070 2165.29
1080 2185.72
1090 2206.22
1100 2226.7
1110 2247.25
1120 2267.88
1130 2288.57
1140 2309.29
1150 2330.1
1160 2350.98
1170 2371.85
1180 2392.7
1190 2413.61
1200 2434.47
1210 2455.33
1220 2476.36
1230 2497.61
1240 2518.94
1250 2540.21
1260 2561.55
1270 2582.97
1280 2604.37
1290 2625.65
1300 2646.86
1310 2668.19
1320 2689.55
1330 2710.73
1340 2731.91
1350 2753.2
1360 2774.48
1370 2795.81
1380 2817.19
1390 2838.46
1400 2859.63
1410 2880.82
1420 2902.02
1430 2923.24
1440 2944.47
1450 2965.61
1460 2986.8
1470 3007.98
1480 3029.3
1490 3050.72
1500 3072.16
1510 3093.75
1520 3115.44
1530 3137.13
1540 3158.91
1550 3180.67
1560 3202.31
1570 3223.89
1580 3245.37
1590 3266.81
1600 3288.16
1610 3309.67
1620 3331.25
1630 3352.71
1640 3374.06
1650 3395.39
1660 3416.78
1670 3438.16
1680 3459.57
1690 3481.09
1700 3502.62
1710 3524.19
1720 3545.74
1730 3567.26
1740 3588.72
1750 3610.23
1760 3631.81
1770 3653.52
1780 3675.22
1790 3696.82
1800 3718.44
1810 3740.02
1820 3761.5
1830 3783.14
1840 3804.78
1850 3826.26
1860 3847.65
1870 3869.02
1880 3890.57
1890 3912.1
1900 3933.71
1910 3955.31
1920 3976.85
1930 3998.44
1940 4019.91
1950 4041.4
1960 4062.92
1970 4084.42
1980 4105.93
1990 4127.53
2000 4149.1
2010 4170.61
2020 4192.11
2030 4213.59
2040 4235.06
2050 4256.47
2060 4277.78
2070 4299.05
2080 4320.34
2090 4341.51
2100 4362.49
2110 4383.53
2120 4404.63
2130 4425.74
2140 4446.84
2150 4467.93
2160 4489.07
2170 4510.05
2180 4530.97
2190 4551.96
2200 4573.01
2210 4594.07
2220 4615.17
2230 4636.35
2240 4657.47
2250 4678.62
2260 4699.7
2270 4720.76
2280 4741.64
2290 4762.64
2300 4783.77
2310 4804.88
2320 4825.96
2330 4846.95
2340 4867.87
2350 4888.68
2360 4909.59
2370 4930.5
2380 4951.37
2390 4972.26
2400 4993.28
2410 5014.39
2420 5035.57
2430 5056.82
2440 5078.17
2450 5099.51
2460 5120.85
2470 5142.18
2480 5163.5
2490 5184.93
2500 5206.32
2510 5227.65
2520 5249.13
2530 5270.71
2540 5292.3
2550 5313.81
2560 5335.37
2570 5356.93
2580 5378.58
2590 5400.31
2600 5421.99
2610 5443.83
2620 5465.76
2630 5487.71
2640 5509.83
2650 5531.95
2660 5554.06
2670 5576.15
2680 5598.2
2690 5620.3
2700 5642.38
2710 5664.49
2720 5686.6
2730 5708.71
2740 5730.84
2750 5753.06
2760 5775.26
2770 5797.44
2780 5819.53
2790 5841.56
2800 5863.59
2810 5885.57
2820 5907.55
2830 5929.47
2840 5951.43
2850 5973.47
2860 5995.58
2870 6017.58
2880 6039.4
2890 6061.12
2900 6082.8
2910 6104.51
2920 6126.26
2930 6148.19
2940 6170.09
2950 6192.03
2960 6213.91
2970 6235.7
2980 6257.53
2990 6279.36
3000 6301.17
3010 6322.99
3020 6344.81
3030 6366.45
3040 6388.03
3050 6409.59
3060 6431.14
3070 6452.74
3080 6474.36
3090 6496.05
3100 6517.74
3110 6539.43
3120 6561.09
3130 6582.73
3140 6604.36
3150 6625.98
3160 6647.53
3170 6668.98
3180 6690.35
3190 6711.75
3200 6733.03
3210 6754.19
3220 6775.35
3230 6796.45
3240 6817.48
3250 6838.53
3260 6859.62
3270 6880.67
3280 6901.7
3290 6922.83
3300 6944.04
3310 6965.31
3320 6986.6
3330 7007.97
3340 7029.27
3350 7050.5
3360 7071.91
3370 7093.39
3380 7114.87
3390 7136.4
3400 7157.94
3410 7179.44
3420 7201
3430 7222.59
3440 7244.18
3450 7265.83
3460 7287.51
3470 7309.08
3480 7330.72
3490 7352.29
3500 7373.9
3510 7395.64
3520 7417.34
3530 7438.99
3540 7460.48
3550 7481.91
3560 7503.33
3570 7524.69
3580 7546.07
3590 7567.37
3600 7588.56
3610 7609.71
3620 7630.99
3630 7652.35
3640 7673.7
3650 7695.15
3660 7716.63
3670 7738.23
3680 7759.83
3690 7781.58
3700 7803.35
3710 7825.2
3720 7847.05
3730 7868.93
3740 7890.64
3750 7912.26
3760 7933.93
3770 7955.65
3780 7977.49
3790 7999.24
3800 8020.85
3810 8042.56
3820 8064.43
3830 8086.34
3840 8108.17
3850 8129.9
3860 8151.63
3870 8173.38
3880 8195
3890 8216.66
3900 8238.42
3910 8260.18
3920 8281.92
3930 8303.65
3940 8325.3
3950 8346.9
3960 8368.48
3970 8390.19
3980 8411.96
3990 8433.82
4000 8455.66
4010 8477.49
4020 8499.34
4030 8521.12
4040 8542.97
4050 8564.84
4060 8586.78
4070 8608.76
4080 8630.71
4090 8652.47
4100 8674.12
4110 8695.79
4120 8717.6
4130 8739.56
4140 8761.61
4150 8783.47
4160 8805.27
4170 8827.02
4180 8848.72
4190 8870.43
4200 8892.25
4210 8914.06
4220 8935.83
4230 8957.62
4240 8979.43
4250 9001.18
4260 9022.88
4270 9044.49
4280 9066.1
4290 9087.65
4300 9109.16
4310 9130.68
4320 9152.2
4330 9173.82
4340 9195.39
4350 9217.06
4360 9238.94
4370 9261.02
4380 9283.22
4390 9305.41
4400 9327.52
4410 9349.58
4420 9371.65
4430 9393.82
4440 9416.13
4450 9438.45
4460 9460.78
4470 9483.17
4480 9505.6
4490 9528
4500 9550.35
4510 9572.84
4520 9595.27
4530 9617.76
4540 9640.31
4550 9662.85
4560 9685.35
4570 9707.97
4580 9730.56
4590 9753.13
4600 9775.67
4610 9798.15
4620 9820.48
4630 9842.62
4640 9864.72
4650 9886.76
4660 9908.75
4670 9930.66
4680 9952.52
4690 9974.3
4700 9996.06
4710 10017.9
4720 10039.8
4730 10061.7
4740 10083.6
4750 10105.5
4760 10127.4
4770 10149.5
4780 10171.5
4790 10193.5
4800 10215.5
4810 10237.5
4820 10259.5
4830 10281.5
4840 10303.5
4850 10325.5
4860 10347.8
4870 10370.1
4880 10392.5
4890 10414.8
4900 10437.1
4910 10459.2
4920 10481.5
4930 10503.9
4940 10526.3
4950 10548.7
4960 10571.1
4970 10593.5
4980 10615.8
4990 10638.1
5000 10660.6
5010 10683.2
5020 10705.8
5030 10728.3
5040 10750.9
5050 10773.4
5060 10796
5070 10818.4
5080 10840.7
5090 10862.9
5100 10885
5110 10907.1
5120 10929.3
5130 10951.5
5140 10974
5150 10996.3
5160 11018.7
5170 11041
5180 11063.1
5190 11085.3
5200 11107.5
5210 11129.8
5220 11152.2
5230 11174.8
5240 11197.5
5250 11220.3
5260 11243.2
5270 11266
5280 11288.7
5290 11311.4
5300 11334.1
5310 11356.7
5320 11379.5
5330 11402.3
5340 11425.1
5350 11447.7
5360 11470.4
5370 11493.1
5380 11515.7
5390 11538.3
5400 11560.9
5410 11583.6
5420 11606.2
5430 11628.8
5440 11651.5
5450 11674.3
5460 11697.2
5470 11720.2
5480 11743
5490 11765.9
5500 11788.7
5510 11811.6
5520 11834.5
5530 11857.4
5540 11880.3
5550 11903.1
5560 11925.8
5570 11948.6
5580 11971.3
5590 11994
5600 12016.7
5610 12039.3
5620 12061.9
5630 12084.5
5640 12106.9
5650 12129.3
5660 12151.6
5670 12173.9
5680 12196.2
5690 12218.5
5700 12240.7
5710 12263
5720 12285.2
5730 12307.4
5740 12329.6
5750 12351.9
5760 12374.2
5770 12396.5
5780 12418.9
5790 12441.3
5800 12463.9
5810 12486.5
5820 12509.2
5830 12532
5840 12554.8
5850 12577.6
5860 12600.3
5870 12623.2
5880 12646
5890 12668.7
5900 12691.5
5910 12714.3
5920 12737.2
5930 12760.1
5940 12782.9
5950 12805.5
5960 12828.2
5970 12850.8
5980 12873.4
5990 12895.9
6000 12918.5
6010 12941.1
6020 12963.7
6030 12986.3
6040 13008.9
6050 13031.6
6060 13054.4
6070 13077.2
6080 13099.9
6090 13122.6
6100 13145.3
6110 13168.2
6120 13191.3
6130 13214.3
6140 13237.4
6150 13260.4
6160 13283.3
6170 13306.1
6180 13328.8
6190 13351.6
6200 13374.4
6210 13397.2
6220 13419.9
6230 13442.5
6240 13465.1
6250 13487.6
6260 13510
6270 13532.4
6280 13554.8
6290 13577.3
6300 13599.8
6310 13622.2
6320 13644.6
6330 13667.2
6340 13689.8
6350 13712.2
6360 13734.6
6370 13757
6380 13779.6
6390 13802.2
6400 13824.9
6410 13847.5
6420 13870.2
6430 13892.9
6440 13915.4
6450 13937.8
6460 13960.2
6470 13982.7
6480 14005.2
6490 14027.8
6500 14050.5
6510 14073.2
6520 14095.7
6530 14118.2
6540 14140.7
6550 14163.3
6560 14185.7
6570 14208.1
6580 14230.6
6590 14253
6600 14275.5
6610 14298.1
6620 14320.7
6630 14343.2
6640 14365.7
6650 14388.3
6660 14410.9
6670 14433.5
6680 14455.9
6690 14478.4
6700 14500.8
6710 14523.1
6720 14545.6
6730 14568
6740 14590.3
6750 14612.8
6760 14635.2
6770 14657.5
6780 14679.8
6790 14702.2
6800 14724.5
6810 14746.7
6820 14769
6830 14791.2
6840 14813.5
6850 14835.8
6860 14858.1
6870 14880.3
6880 14902.5
6890 14924.8
6900 14947.1
6910 14969.4
6920 14991.7
6930 15014
6940 15036.2
6950 15058.4
6960 15080.7
6970 15102.8
6980 15124.8
6990 15146.8
7000 15168.9
7010 15191
7020 15213.1
7030 15235.3
7040 15257.4
7050 15279.6
7060 15301.8
7070 15324
7080 15346.4
7090 15368.6
7100 15390.9
7110 15413.2
7120 15435.5
7130 15457.7
7140 15480.1
7150 15502.5
7160 15525
7170 15547.4
7180 15569.9
7190 15592.4
7200 15614.8
7210 15637.3
7220 15659.9
7230 15682.5
7240 15705.1
7250 15727.7
7260 15750.4
7270 15773
7280 15795.7
7290 15818.4
7300 15841.2
7310 15863.8
7320 15886.5
7330 15909.2
7340 15931.9
7350 15954.5
7360 15977.1
7370 15999.6
7380 16022.1
7390 16044.7
7400 16067.2
7410 16089.7
7420 16112.1
7430 16134.4
7440 16156.8
7450 16179
7460 16201.3
7470 16223.6
7480 16245.9
7490 16268.2
7500 16290.7
7510 16313.2
7520 16335.8
7530 16358.3
7540 16380.9
7550 16403.5
7560 16426
7570 16448.6
7580 16471.3
7590 16494
7600 16516.6
7610 16539.2
7620 16561.7
7630 16584.4
7640 16607
7650 16629.5
7660 16652.1
7670 16674.7
7680 16697.3
7690 16720
7700 16742.6
7710 16765.4
7720 16788.1
7730 16810.7
7740 16833.2
7750 16855.8
7760 16878.3
7770 16900.7
7780 16923.1
7790 16945.6
7800 16968
7810 16990.5
7820 17013.1
7830 17035.7
7840 17058.3
7850 17080.7
7860 17103.3
7870 17126
7880 17148.8
7890 17171.7
7900 17194.4
7910 17217.1
7920 17239.9
7930 17262.7
7940 17285.6
7950 17308.5
7960 17331.5
7970 17354.6
7980 17377.7
7990 17400.9
8000 17424.2
8010 17447.5
8020 17470.7
8030 17494
8040 17517.4
8050 17540.6
8060 17563.6
8070 17586.6
8080 17609.4
8090 17632.2
8100 17654.8
8110 17677.5
8120 17700.2
8130 17722.8
8140 17745.5
8150 17768.2
8160 17790.8
8170 17813.4
8180 17835.8
8190 17858.3
8200 17880.6
8210 17902.9
8220 17925.2
8230 17947.4
8240 17969.6
8250 17991.7
8260 18014
8270 18036.2
8280 18058.3
8290 18080.5
8300 18102.7
8310 18125
8320 18147.2
8330 18169.1
8340 18191
8350 18212.9
8360 18234.7
8370 18256.5
8380 18278.3
8390 18300.1
8400 18322
8410 18343.9
8420 18365.9
8430 18387.9
8440 18409.8
8450 18431.7
8460 18453.7
8470 18475.5
8480 18497.3
8490 18519.3
8500 18541.5
8510 18563.5
8520 18585.5
8530 18607.3
8540 18629.1
8550 18650.8
8560 18672.3
8570 18693.8
8580 18715.3
8590 18736.8
8600 18758.4
8610 18779.8
8620 18801.2
8630 18822.6
8640 18843.9
8650 18865.2
8660 18886.6
8670 18908
8680 18929.2
8690 18950.4
8700 18971.5
8710 18992.3
8720 19013.1
8730 19033.9
8740 19054.6
8750 19075.3
8760 19096.1
8770 19117
8780 19138
8790 19159
8800 19180
8810 19201.3
8820 19222.6
8830 19243.9
8840 19265
8850 19286.2
8860 19307.4
8870 19328.6
8880 19349.8
8890 19371.2
8900 19392.6
8910 19414
8920 19435.6
8930 19456.9
8940 19478.3
8950 19499.6
8960 19520.9
8970 19542.2
8980 19563.5
8990 19584.9
9000 19606.1
9010 19627.3
9020 19648.4
9030 19669.6
9040 19690.6
9050 19711.6
9060 19732.6
9070 19753.7
9080 19775
9090 19796.3
9100 19817.5
9110 19838.9
9120 19860.3
9130 19881.6
9140 19902.9
9150 19924.2
9160 19945.4
9170 19966.7
9180 19987.9
9190 20009.3
9200 20030.9
9210 20052.5
9220 20074
9230 20095.4
9240 20116.7
9250 20138.1
9260 20159.5
9270 20180.9
9280 20202.3
9290 20223.8
9300 20245.2
9310 20266.7
9320 20288.2
9330 20309.6
9340 20331
9350 20352.3
9360 20373.8
9370 20395.3
9380 20416.6
9390 20437.7
9400 20458.8
9410 20480
9420 20501.1
9430 20522.2
9440 20543.4
9450 20564.4
9460 20585.3
9470 20606.2
9480 20627.1
9490 20647.9
9500 20668.8
9510 20689.5
9520 20710.2
9530 20731
9540 20751.9
9550 20772.8
9560 20793.7
9570 20814.4
9580 20835.3
9590 20856.1
9600 20876.7
9610 20897.4
9620 20918
9630 20938.7
9640 20959.5
9650 20980.3
9660 21001.2
9670 21022.1
9680 21042.9
9690 21063.7
9700 21084.6
9710 21105.4
9720 21126.3
9730 21147.3
9740 21168.3
9750 21189.4
9760 21210.4
9770 21231.6
9780 21252.6
9790 21273.6
9800 21294.5
9810 21315.3
9820 21336
9830 21356.5
9840 21377.1
9850 21397.5
9860 21417.9
9870 21438.4
9880 21458.9
9890 21479.3
9900 21499.5
9910 21519.7
9920 21540
9930 21560.3
9940 21580.6
9950 21601
9960 21621.3
9970 21641.6
9980 21662
9990 21682.3
