10 30.4036
20 59.3844
30 87.6035
40 115.276
50 142.495
60 169.585
70 196.649
80 223.899
90 251.359
100 278.654
110 305.858
120 333.072
130 360.191
140 387.019
150 413.694
160 440.417
170 467.259
180 494.152
190 521.161
200 547.923
210 574.371
220 600.667
230 626.986
240 653.241
250 679.477
260 705.643
270 731.732
280 758.34
290 785.115
300 812.009
310 838.861
320 865.735
330 892.689
340 919.584
350 946.287
360 973.077
370 999.853
380 1026.79
390 1053.9
400 1080.82
410 1107.64
420 1134.62
430 1161.59
440 1188.57
450 1215.54
460 1242.4
470 1269.21
480 1296.05
490 1322.91
500 1349.96
510 1376.9
520 1403.57
530 1429.96
540 1456.7
550 1483.44
560 1510.22
570 1536.88
580 1563.64
590 1590.18
600 1616.49
610 1642.88
620 1669.26
630 1695.72
640 1722.06
650 1748.41
660 1774.48
670 1800.6
680 1826.46
690 1852.51
700 1878.58
710 1904.83
720 1931.1
730 1957.41
740 1983.76
750 2010.08
760 2036.59
770 2063.3
780 2089.81
790 2115.99
800 2141.91
810 2167.73
820 2193.55
830 2219.36
840 2245.04
850 2270.64
860 2296.35
870 2321.95
880 2347.2
890 2372.38
900 2397.72
910 2423.23
920 2448.72
930 2474.1
940 2499.53
950 2524.99
960 2550.27
970 2575.56
980 2600.82
990 2625.97
1000 2651.58
1010 2677.25
1020 2702.83
1030 2728.36
1040 2754.13
1050 2779.8
1060 2805.42
1070 2831.12
1080 2856.67
1090 2882.41
1100 2908.2
1110 2934.13
1120 2960
1130 2985.85
1140 3011.7
1150 3037.83
1160 3064.01
1170 3089.99
1180 3115.97
1190 3142.08
1200 3168.41
1210 3194.76
1220 3221.12
1230 3247.47
1240 3273.96
1250 3300.42
1260 3326.92
1270 3353.48
1280 3379.95
1290 3406.21
1300 3432.55
1310 3459.08
1320 3485.79
1330 3512.5
1340 3539.25
1350 3566.14
1360 3592.95
1370 3619.6
1380 3646.34
1390 3673.13
1400 3699.74
1410 3726.05
1420 3752.42
1430 3778.96
1440 3805.54
1450 3832.05
1460 3858.46
1470 3884.73
1480 3911.29
1490 3937.89
1500 3964.5
1510 3991.1
1520 4017.59
1530 4043.97
1540 4070.23
1550 4096.42
1560 4122.61
1570 4149.02
1580 4175.47
1590 4202.09
1600 4228.84
1610 4255.81
1620 4282.99
1630 4310.11
1640 4337.48
1650 4364.87
1660 4392.12
1670 4419.29
1680 4446.43
1690 4473.39
1700 4500.39
1710 4527.44
1720 4554.57
1730 4581.64
1740 4608.88
1750 4636.17
1760 4663.34
1770 4690.33
1780 4717.3
1790 4744.29
1800 4771.15
1810 4797.88
1820 4824.41
1830 4850.85
1840 4877.22
1850 4903.44
1860 4929.59
1870 4955.7
1880 4981.87
1890 5007.76
1900 5033.69
1910 5059.49
1920 5085.2
1930 5110.97
1940 5136.81
1950 5162.46
1960 5187.93
1970 5213.38
1980 5238.82
1990 5264.18
2000 5289.31
2010 5314.32
2020 5339.55
2030 5364.44
2040 5389.43
2050 5414.38
2060 5439.34
2070 5464.25
2080 5489.12
2090 5513.92
2100 5538.89
2110 5563.82
2120 5588.71
2130 5613.54
2140 5638.31
2150 5663.19
2160 5687.99
2170 5712.89
2180 5737.94
2190 5762.97
2200 5788.17
2210 5813.38
2220 5838.48
2230 5863.58
2240 5888.59
2250 5913.67
2260 5938.6
2270 5963.57
2280 5988.71
2290 6013.89
2300 6039.14
2310 6064.63
2320 6090.25
2330 6115.68
2340 6141.04
2350 6166.3
2360 6191.47
2370 6216.74
2380 6242.08
2390 6267.46
2400 6292.74
2410 6317.98
2420 6343.09
2430 6368.14
2440 6393.1
2450 6418.25
2460 6443.17
2470 6467.79
2480 6492.49
2490 6517.12
2500 6541.91
2510 6566.77
2520 6591.35
2530 6616.02
2540 6640.66
2550 6665.39
2560 6690.16
2570 6714.76
2580 6739.3
2590 6764.01
2600 6788.88
2610 6813.95
2620 6839.12
2630 6864.33
2640 6889.78
2650 6915.12
2660 6940.66
2670 6966.33
2680 6991.79
2690 7017.36
2700 7042.85
2710 7067.99
2720 7093.27
2730 7118.86
2740 7144.67
2750 7170.65
2760 7196.72
2770 7222.83
2780 7249.23
2790 7275.62
2800 7302.12
2810 7328.87
2820 7355.65
2830 7382.35
2840 7408.98
2850 7435.68
2860 7462.19
2870 7488.69
2880 7515.31
2890 7541.99
2900 7568.71
2910 7595.65
2920 7622.83
2930 7650.15
2940 7677.56
2950 7704.69
2960 7731.84
2970 7758.77
2980 7785.51
2990 7812.1
3000 7838.57
3010 7864.84
3020 7891.23
3030 7917.5
3040 7943.66
3050 7969.68
3060 7995.62
3070 8021.51
3080 8047.47
3090 8073.57
3100 8099.87
3110 8126.29
3120 8152.5
3130 8178.85
3140 8205.17
3150 8231.56
3160 8258.11
3170 8284.63
3180 8311.06
3190 8337.54
3200 8363.9
3210 8390.06
3220 8416.28
3230 8442.5
3240 8468.76
3250 8495.11
3260 8521.57
3270 8547.98
3280 8574.22
3290 8600.48
3300 8626.69
3310 8652.64
3320 8678.35
3330 8704.24
3340 8730.11
3350 8755.93
3360 8782.01
3370 8808.14
3380 8834.32
3390 8860.4
3400 8886.74
3410 8913.12
3420 8939.55
3430 8965.81
3440 8992
3450 9018.2
3460 9044.29
3470 9070.28
3480 9096.31
3490 9122.5
3500 9148.89
3510 9175.29
3520 9201.58
3530 9227.95
3540 9254.36
3550 9280.8
3560 9307.17
3570 9333.5
3580 9359.97
3590 9386.4
3600 9412.91
3610 9439.32
3620 9465.67
3630 9492.12
3640 9518.85
3650 9545.55
3660 9572.1
3670 9598.82
3680 9625.62
3690 9652.46
3700 9679.45
3710 9706.49
3720 9733.51
3730 9760.54
3740 9787.52
3750 9814.31
3760 9841.18
3770 9867.67
3780 9894.02
3790 9920.11
3800 9946.32
3810 9972.82
3820 9999.34
3830 10025.9
3840 10052.3
3850 10078.6
3860 10105.1
3870 10131.8
3880 10158.6
3890 10185.4
3900 10212.2
3910 10238.9
3920 10265.3
3930 10291.6
3940 10317.8
3950 10344.2
3960 10370.6
3970 10396.7
3980 10422.7
3990 10448.7
4000 10474.6
4010 10500.5
4020 10526.4
4030 10552.2
4040 10578.2
4050 10604.5
4060 10631
4070 10657.4
4080 10683.6
4090 10709.9
4100 10736.2
4110 10762.5
4120 10788.8
4130 10815.3
4140 10841.5
4150 10867.7
4160 10893.9
4170 10920.1
4180 10946.2
4190 10972.3
4200 10998.5
4210 11024.6
4220 11050.7
4230 11076.8
4240 11102.8
4250 11128.7
4260 11154.7
4270 11180.8
4280 11207
4290 11233
4300 11259.1
4310 11285.1
4320 11311.1
4330 11337.2
4340 11363.5
4350 11389.7
4360 11415.7
4370 11441.8
4380 11467.9
4390 11493.8
4400 11519.7
4410 11545.5
4420 11571.2
4430 11597.3
4440 11623.3
4450 11649.2
4460 11674.9
4470 11700.6
4480 11726.2
4490 11751.6
4500 11777.1
4510 11802.6
4520 11828.4
4530 11854.1
4540 11879.7
4550 11905.6
4560 11931.6
4570 11957.7
4580 11984.1
4590 12010.7
4600 12037.2
4610 12063.7
4620 12090.2
4630 12116.9
4640 12143.8
4650 12170.8
4660 12197.7
4670 12224.7
4680 12251.7
4690 12278.9
4700 12306.3
4710 12333.6
4720 12361
4730 12388.2
4740 12415.2
4750 12441.9
4760 12468.6
4770 12495.1
4780 12521.6
4790 12547.9
4800 12574.3
4810 12600.9
4820 12627.6
4830 12654.4
4840 12681.2
4850 12707.9
4860 12734.8
4870 12761.9
4880 12789.2
4890 12816.7
4900 12844.1
4910 12871.7
4920 12899.4
4930 12927.3
4940 12955.2
4950 12983.3
4960 13011.4
4970 13039.5
4980 13067.5
4990 13095.5
5000 13123.6
5010 13151.8
5020 13179.9
5030 13207.7
5040 13235.6
5050 13263.2
5060 13290.6
5070 13318.1
5080 13345.5
5090 13372.9
5100 13400.4
5110 13428.3
5120 13456.1
5130 13483.9
5140 13511.7
5150 13539.5
5160 13567.5
5170 13595.7
5180 13624
5190 13652.5
5200 13681.1
5210 13710
5220 13738.8
5230 13768
5240 13797.2
5250 13826.2
5260 13855.1
5270 13884.1
5280 13913
5290 13941.8
5300 13970.6
5310 13999.6
5320 14028.6
5330 14057.4
5340 14086.2
5350 14115
5360 14144
5370 14173.2
5380 14202.2
5390 14231.1
5400 14259.7
5410 14288.7
5420 14317.5
5430 14346.4
5440 14375.5
5450 14404.7
5460 14434.1
5470 14463.3
5480 14492.3
5490 14521.6
5500 14551
5510 14580.4
5520 14609.9
5530 14639.5
5540 14669.3
5550 14699.5
5560 14729.8
5570 14760.1
5580 14790.3
5590 14820.6
5600 14851.2
5610 14881.9
5620 14912.5
5630 14943.4
5640 14974.3
5650 15005.1
5660 15036
5670 15066.9
5680 15098.1
5690 15129.3
5700 15160.7
5710 15192
5720 15223.1
5730 15253.9
5740 15285
5750 15316.1
5760 15347.2
5770 15378.6
5780 15410
5790 15441.6
5800 15472.9
5810 15504.1
5820 15535.5
5830 15566.7
5840 15597.9
5850 15629.2
5860 15660.6
5870 15691.8
5880 15722.9
5890 15754.1
5900 15785.2
5910 15816
5920 15846.7
5930 15877.2
5940 15907.6
5950 15938.3
5960 15969.1
5970 15999.9
5980 16030.5
5990 16061.2
6000 16091.7
6010 16122.4
6020 16152.7
6030 16183
6040 16213.4
6050 16243.8
6060 16274
6070 16304.3
6080 16334.6
6090 16365.2
6100 16395.7
6110 16426
6120 16456.4
6130 16486.8
6140 16517
6150 16547.2
6160 16577.5
6170 16607.7
6180 16637.8
6190 16668
6200 16698.1
6210 16727.8
6220 16757.3
6230 16786.3
6240 16815.7
6250 16845.2
6260 16874.7
6270 16904.2
6280 16933.7
6290 16963.1
6300 16992.9
6310 17022.4
6320 17052.1
6330 17081.7
6340 17111.4
6350 17141.4
6360 17171.3
6370 17200.9
6380 17230.5
6390 17260.1
6400 17289.5
6410 17319.3
6420 17349.1
6430 17379
6440 17408.8
6450 17438.5
6460 17468.3
6470 17497.8
6480 17527.6
6490 17557.5
6500 17587.3
6510 17617.2
6520 17647.2
6530 17677.1
6540 17706.9
6550 17737.2
6560 17767.5
6570 17797.8
6580 17828.2
6590 17858.7
6600 17889.1
6610 17919.5
6620 17949.9
6630 17980.5
6640 18011.3
6650 18042.2
6660 18073.4
6670 18104.6
6680 18135.7
6690 18166.8
6700 18197.7
6710 18228.6
6720 18259.4
6730 18290.4
6740 18321.5
6750 18352.9
6760 18384.2
6770 18415.4
6780 18446.4
6790 18477.3
6800 18508.2
6810 18538.9
6820 18569.4
6830 18600.2
6840 18631
6850 18661.9
6860 18692.8
6870 18723.7
6880 18754.4
6890 18784.8
6900 18815
6910 18845
6920 18875
6930 18904.7
6940 18934.1
6950 18963.6
6960 18993.3
6970 19022.9
6980 19052.6
6990 19082.2
7000 19111.8
7010 19141.6
7020 19171.7
7030 19201.6
7040 19231.6
7050 19262
7060 19292.7
7070 19323.4
7080 19354.1
7090 19384.4
7100 19414.7
7110 19444.8
7120 19474.9
7130 19505.1
7140 19535.4
7150 19565.7
7160 19596.2
7170 19626.7
7180 19657.1
7190 19687.6
7200 19718
7210 19748.1
7220 19778.2
7230 19808.7
7240 19839.3
7250 19869.8
7260 19900
7270 19930.1
7280 19960.2
7290 19990.4
7300 20020.8
7310 20051.5
7320 20082.3
7330 20112.9
7340 20143.6
7350 20174.5
7360 20205.2
7370 20235.9
7380 20266.9
7390 20297.9
7400 20328.6
7410 20359.4
7420 20390
7430 20420.7
7440 20451.4
7450 20482.5
7460 20513.7
7470 20544.8
7480 20575.7
7490 20607
7500 20638.6
7510 20670.3
7520 20702.3
7530 20733.9
7540 20765.3
7550 20796.9
7560 20828.8
7570 20860.7
7580 20892.7
7590 20924.3
7600 20955.7
7610 20986.9
7620 21018.1
7630 21049
7640 21080.2
7650 21111.4
7660 21142.7
7670 21174
7680 21205.3
7690 21236.6
7700 21268.1
7710 21299.5
7720 21330.9
7730 21362.5
7740 21394.3
7750 21426.2
7760 21458.1
7770 21490.1
7780 21522.2
7790 21554.5
7800 21586.9
7810 21619
7820 21650.9
7830 21682.7
7840 21714.4
7850 21746.3
7860 21778.3
7870 21810.4
7880 21842.4
7890 21874.6
7900 21907.1
7910 21939.6
7920 21972.1
7930 22004.7
7940 22037.4
7950 22070.1
7960 22103.1
7970 22136.3
7980 22169.4
7990 22202.2
8000 22235
8010 22267.7
8020 22300.1
8030 22332.5
8040 22364.9
8050 22397.5
8060 22430.1
8070 22462.7
8080 22495.4
8090 22528.1
8100 22560.8
8110 22593.4
8120 22625.9
8130 22658.4
8140 22691.4
8150 22724.5
8160 22757.5
8170 22790.3
8180 22822.8
8190 22855.5
8200 22888
8210 22920.8
8220 22953.7
8230 22986.7
8240 23019.8
8250 23052.7
8260 23085.5
8270 23118.4
8280 23151.4
8290 23184.4
8300 23217.5
8310 23250.7
8320 23284.2
8330 23317.5
8340 23350.7
8350 23384
8360 23417.3
8370 23450.6
8380 23483.7
8390 23517.1
8400 23550.7
8410 23584.2
8420 23617.4
8430 23650.6
8440 23683.9
8450 23717.2
8460 23750.2
8470 23783.1
8480 23816.1
8490 23849.1
8500 23881.9
8510 23914.9
8520 23947.9
8530 23980.8
8540 24013.8
8550 24046.7
8560 24079.3
8570 24111.7
8580 24144.2
8590 24176.8
8600 24209.4
8610 24241.9
8620 24274
8630 24305.9
8640 24337.8
8650 24369.7
8660 24401.6
8670 24433.4
8680 24465.1
8690 24496.9
8700 24528.7
8710 24560.7
8720 24592.8
8730 24624.8
8740 24656.7
8750 24688.5
8760 24720.2
8770 24751.8
8780 24783.3
8790 24814.8
8800 24846.6
8810 24878.6
8820 24910.8
8830 24943
8840 24975
8850 25007
8860 25039.1
8870 25071.1
8880 25103.3
8890 25135.7
8900 25168.1
8910 25200.6
8920 25233.1
8930 25265.8
8940 25298.3
8950 25330.9
8960 25363.4
8970 25395.9
8980 25428.5
8990 25460.8
9000 25493.3
9010 25525.7
9020 25557.7
9030 25589.7
9040 25621.7
9050 25653.8
9060 25685.9
9070 25717.8
9080 25749.6
9090 25781.5
9100 25813.3
9110 25845.2
9120 25877
9130 25908.9
9140 25940.9
9150 25972.9
9160 26004.7
9170 26036.6
9180 26068.4
9190 26100.3
9200 26132.3
9210 26164.2
9220 26196
9230 26227.6
9240 26259.7
9250 26292
9260 26324.4
9270 26356.8
9280 26389
9290 26420.8
9300 26452.7
9310 26484.5
9320 26516.2
9330 26547.9
9340 26579.2
9350 26610.6
9360 26642
9370 26673.3
9380 26704.5
9390 26735.5
9400 26766.4
9410 26797.5
9420 26828.6
9430 26859.8
9440 26890.9
9450 26922.1
9460 26953.3
9470 26984.5
9480 27015.8
9490 27047.1
9500 27078.1
9510 27109.1
9520 27140.1
9530 27171.1
9540 27201.9
9550 27232.9
9560 27263.9
9570 27295.2
9580 27326.6
9590 27357.7
9600 27388.8
9610 27419.9
9620 27450.9
9630 27481.8
9640 27512.6
9650 27543.3
9660 27573.7
9670 27604.4
9680 27635
9690 27665.7
9700 27696.4
9710 27726.9
9720 27757.5
9730 27788.2
9740 27819
9750 27849.9
9760 27880.7
9770 27911.6
9780 27942.4
9790 27973.3
9800 28003.9
9810 28034.1
9820 28064.3
9830 28094.3
9840 28124.6
9850 28154.7
9860 28184.8
9870 28215.2
9880 28245.6
9890 28276.1
9900 28306.4
9910 28336.6
9920 28366.8
9930 28396.9
9940 28427.1
9950 28457.4
9960 28487.7
9970 28518.2
9980 28548.6
9990 28579.2
