10 35.9359
20 70.0364
30 102.806
40 135.175
50 168.041
60 200.825
70 233.163
80 265.482
90 298.097
100 330.799
110 363.309
120 396.044
130 429.074
140 462.179
150 495.469
160 529.008
170 562.412
180 595.497
190 627.973
200 660.418
210 693.269
220 726.076
230 758.659
240 791.177
250 823.563
260 855.79
270 888.021
280 920.035
290 952.305
300 984.629
310 1017.55
320 1050.12
330 1082.68
340 1115.52
350 1148.44
360 1181.63
370 1215.11
380 1249.12
390 1282.85
400 1316.35
410 1349.87
420 1383.49
430 1417.58
440 1451.97
450 1486.38
460 1520.88
470 1555.12
480 1589.64
490 1624.23
500 1658.98
510 1693.58
520 1728.1
530 1762.58
540 1797.14
550 1831.66
560 1865.89
570 1900.07
580 1934.6
590 1969.15
600 2003.62
610 2037.99
620 2072
630 2105.75
640 2139.94
650 2174.21
660 2208.17
670 2241.98
680 2275.96
690 2310.48
700 2344.89
710 2379.37
720 2413.77
730 2448.26
740 2482.58
750 2516.4
760 2549.55
770 2582.1
780 2614.49
790 2646.88
800 2678.98
810 2710.95
820 2742.97
830 2774.66
840 2806.29
850 2838.22
860 2870.05
870 2901.91
880 2934
890 2966.15
900 2997.97
910 3029.88
920 3061.86
930 3093.34
940 3124.6
950 3156.17
960 3187.92
970 3220
980 3251.95
990 3283.71
1000 3315.85
1010 3348.17
1020 3380.18
1030 3412.08
1040 3443.95
1050 3476.06
1060 3508.33
1070 3540.63
1080 3572.9
1090 3605.35
1100 3637.62
1110 3669.84
1120 3702.61
1130 3736.01
1140 3769.56
1150 3803.25
1160 3836.87
1170 3870.3
1180 3903.66
1190 3936.8
1200 3969.89
1210 4003.13
1220 4036.3
1230 4069.04
1240 4101.68
1250 4134.19
1260 4166.85
1270 4199.25
1280 4231.63
1290 4264.16
1300 4296.83
1310 4330.06
1320 4362.77
1330 4395.09
1340 4427.8
1350 4460.73
1360 4493.85
1370 4527.24
1380 4560.59
1390 4593.62
1400 4626.66
1410 4660.02
1420 4693.38
1430 4726.32
1440 4759.4
1450 4792.57
1460 4825.45
1470 4857.94
1480 4890.22
1490 4922.1
1500 4953.87
1510 4985.61
1520 5017.23
1530 5048.29
1540 5079.48
1550 5110.87
1560 5142.27
1570 5173.37
1580 5204.46
1590 5235.52
1600 5266.28
1610 5296.82
1620 5327.45
1630 5358.32
1640 5389.41
1650 5420.57
1660 5451.94
1670 5483.25
1680 5515.13
1690 5546.98
1700 5578.89
1710 5610.76
1720 5642.3
1730 5674.09
1740 5705.86
1750 5737.53
1760 5769.14
1770 5801
1780 5832.88
1790 5864.38
1800 5895.78
1810 5927.34
1820 5959.01
1830 5990.78
1840 6022.73
1850 6055.15
1860 6087.67
1870 6120.12
1880 6152.63
1890 6185.47
1900 6218.33
1910 6251.53
1920 6284.91
1930 6318.22
1940 6351.35
1950 6384.58
1960 6417.74
1970 6451.08
1980 6484.68
1990 6518.38
2000 6551.77
2010 6585.25
2020 6618.78
2030 6652.08
2040 6685.24
2050 6718.34
2060 6751.28
2070 6783.83
2080 6816.48
2090 6849.21
2100 6881.6
2110 6913.82
2120 6945.76
2130 6977.66
2140 7010.32
2150 7042.92
2160 7075.48
2170 7108.05
2180 7140.51
2190 7172.86
2200 7205.05
2210 7237.18
2220 7269.35
2230 7301.43
2240 7333.73
2250 7365.99
2260 7397.9
2270 7429.56
2280 7461.48
2290 7493.83
2300 7526.01
2310 7558.3
2320 7590.7
2330 7623.74
2340 7656.59
2350 7689.42
2360 7722.45
2370 7755.56
2380 7788.66
2390 7821.78
2400 7854.57
2410 7887.22
2420 7920.1
2430 7953.02
2440 7986.16
2450 8019.23
2460 8052.15
2470 8085.06
2480 8118.1
2490 8151.11
2500 8183.77
2510 8216.51
2520 8249.14
2530 8281.9
2540 8314.79
2550 8347.67
2560 8380.57
2570 8413.25
2580 8445.81
2590 8478.44
2600 8511.05
2610 8543.51
2620 8576.22
2630 8608.65
2640 8641.06
2650 8673.21
2660 8705.08
2670 8736.68
2680 8768.24
2690 8799.84
2700 8831.59
2710 8863.4
2720 8895.55
2730 8927.51
2740 8959.64
2750 8991.88
2760 9023.86
2770 9055.82
2780 9087.99
2790 9120.21
2800 9152.27
2810 9184.24
2820 9216.06
2830 9247.79
2840 9279.44
2850 9311.04
2860 9342.84
2870 9374.77
2880 9406.72
2890 9438.33
2900 9469.63
2910 9501.25
2920 9533.12
2930 9565.09
2940 9596.97
2950 9628.78
2960 9661.08
2970 9693.65
2980 9726.23
2990 9758.88
3000 9791.11
3010 9823.48
3020 9856.21
3030 9888.76
3040 9921.42
3050 9954.2
3060 9986.79
3070 10019.3
3080 10052
3090 10084.9
3100 10117.9
3110 10150.7
3120 10183.8
3130 10217
3140 10250.6
3150 10283.9
3160 10316.8
3170 10349.8
3180 10382.6
3190 10415.5
3200 10449.2
3210 10482.7
3220 10516.3
3230 10550
3240 10583.8
3250 10617.6
3260 10651.7
3270 10685.9
3280 10720.7
3290 10755.3
3300 10790.1
3310 10824.7
3320 10859.1
3330 10893.5
3340 10928.2
3350 10963.1
3360 10997.9
3370 11032.5
3380 11067.4
3390 11102.6
3400 11137.7
3410 11173
3420 11208.5
3430 11244.1
3440 11279.6
3450 11314.9
3460 11349.9
3470 11385.3
3480 11420.7
3490 11456
3500 11491.6
3510 11527.2
3520 11562.5
3530 11597.8
3540 11633.3
3550 11668.7
3560 11704.1
3570 11739.8
3580 11776
3590 11812.5
3600 11848.6
3610 11884.7
3620 11920.7
3630 11956.7
3640 11992.3
3650 12027.6
3660 12062.5
3670 12097
3680 12131.7
3690 12166.8
3700 12201.9
3710 12237.1
3720 12272.8
3730 12308.6
3740 12343.7
3750 12378.8
3760 12414.3
3770 12449.5
3780 12484.7
3790 12519.7
3800 12554.8
3810 12589.7
3820 12624.5
3830 12659.3
3840 12693.8
3850 12728.4
3860 12762.7
3870 12796.7
3880 12830.3
3890 12864
3900 12897.6
3910 12931.5
3920 12965.3
3930 12998.9
3940 13032.3
3950 13065.3
3960 13098.1
3970 13131.2
3980 13164.6
3990 13198.4
4000 13231.9
4010 13265.4
4020 13299.3
4030 13333.4
4040 13367
4050 13400.6
4060 13434.4
4070 13468.2
4080 13501.9
4090 13535.2
4100 13568.1
4110 13600.6
4120 13633.1
4130 13665.8
4140 13698.3
4150 13730.5
4160 13762.9
4170 13795
4180 13826.9
4190 13858.9
4200 13891.2
4210 13923.3
4220 13955.3
4230 13987
4240 14018.5
4250 14050.2
4260 14082
4270 14114.3
4280 14147
4290 14179.6
4300 14212
4310 14243.9
4320 14275.5
4330 14307.3
4340 14339.2
4350 14370.9
4360 14402.7
4370 14434.6
4380 14466.2
4390 14498.2
4400 14530
4410 14561.9
4420 14593.9
4430 14626.2
4440 14658.4
4450 14690.5
4460 14722.9
4470 14755.3
4480 14787.7
4490 14820
4500 14851.9
4510 14883.8
4520 14915.7
4530 14947.5
4540 14979
4550 15010.9
4560 15042.9
4570 15074.7
4580 15106.4
4590 15138.2
4600 15170.2
4610 15201.4
4620 15232.3
4630 15262.7
4640 15292.6
4650 15322.8
4660 15353.5
4670 15384.3
4680 15415.2
4690 15446.3
4700 15477.8
4710 15509.1
4720 15540.1
4730 15570.9
4740 15601.6
4750 15632.4
4760 15663
4770 15693.3
4780 15723.6
4790 15753.6
4800 15783.5
4810 15813.5
4820 15843.5
4830 15873.8
4840 15904
4850 15934.3
4860 15964.5
4870 15994.5
4880 16024.5
4890 16054.2
4900 16084.1
4910 16114.1
4920 16143.7
4930 16173.2
4940 16202.6
4950 16231.6
4960 16260.4
4970 16289.2
4980 16317.4
4990 16345.8
5000 16374
5010 16402.4
5020 16430.7
5030 16458.9
5040 16487.2
5050 16516.4
5060 16545.9
5070 16574.8
5080 16603.5
5090 16632.4
5100 16661.6
5110 16690.7
5120 16720.1
5130 16749.7
5140 16779.2
5150 16808.5
5160 16837.8
5170 16867.3
5180 16896.7
5190 16926.6
5200 16956.7
5210 16986.5
5220 17016.7
5230 17047.1
5240 17077.6
5250 17108.2
5260 17139
5270 17169.8
5280 17200.3
5290 17230.6
5300 17260.7
5310 17290.6
5320 17320.4
5330 17350.6
5340 17380.8
5350 17410.7
5360 17440.6
5370 17470.1
5380 17499.4
5390 17529.2
5400 17559
5410 17588.8
5420 17618.2
5430 17647.5
5440 17676.7
5450 17705.7
5460 17734.7
5470 17764.2
5480 17793.6
5490 17823.1
5500 17852.6
5510 17882.4
5520 17912.5
5530 17942.9
5540 17972.9
5550 18002.9
5560 18033
5570 18062.9
5580 18092.5
5590 18122
5600 18151.5
5610 18180.7
5620 18210.1
5630 18239.9
5640 18269.5
5650 18299.3
5660 18329
5670 18358.1
5680 18387.3
5690 18416.4
5700 18445.4
5710 18474.4
5720 18503.8
5730 18532.7
5740 18562
5750 18591.5
5760 18621
5770 18650.2
5780 18679.4
5790 18708.9
5800 18738.6
5810 18768.7
5820 18798.7
5830 18828.8
5840 18858.6
5850 18888.8
5860 18919.2
5870 18949.4
5880 18979
5890 19008.5
5900 19038.2
5910 19067.9
5920 19097.6
5930 19127.2
5940 19156.6
5950 19186
5960 19215.4
5970 19244.8
5980 19273.9
5990 19302.8
6000 19332.2
6010 19361.2
6020 19390.2
6030 19419.4
6040 19448.5
6050 19477.8
6060 19506.7
6070 19535
6080 19563.2
6090 19591.4
6100 19619.6
6110 19647.8
6120 19676.6
6130 19705.2
6140 19733.8
6150 19762.5
6160 19791.6
6170 19821
6180 19850.5
6190 19880.2
6200 19910.5
6210 19941.1
6220 19972.1
6230 20002.9
6240 20033.5
6250 20063.8
6260 20094.5
6270 20125.6
6280 20157
6290 20188.3
6300 20219.4
6310 20250.4
6320 20281.4
6330 20312.7
6340 20343.6
6350 20374.7
6360 20405.8
6370 20436.8
6380 20467.7
6390 20498.4
6400 20529
6410 20559.7
6420 20590.5
6430 20621.3
6440 20652.2
6450 20683.3
6460 20714.6
6470 20745.5
6480 20776.4
6490 20807.1
6500 20837.9
6510 20868.8
6520 20899.8
6530 20930.5
6540 20960.9
6550 20991.2
6560 21021.9
6570 21052.8
6580 21083.8
6590 21114.9
6600 21146.1
6610 21177.4
6620 21208.5
6630 21240.2
6640 21272.3
6650 21304.1
6660 21335.8
6670 21367.5
6680 21399.2
6690 21430.9
6700 21462.4
6710 21493.7
6720 21524.9
6730 21556.1
6740 21587.2
6750 21618.1
6760 21649
6770 21680.1
6780 21711.4
6790 21742.7
6800 21774
6810 21805
6820 21835.8
6830 21866.9
6840 21898.1
6850 21929.2
6860 21960.2
6870 21991
6880 22022.3
6890 22053.6
6900 22084.8
6910 22115.6
6920 22146.1
6930 22176.6
6940 22207.2
6950 22238
6960 22268.6
6970 22299
6980 22329.7
6990 22360.2
7000 22390.5
7010 22420.7
7020 22450.6
7030 22480.8
7040 22511
7050 22541.2
7060 22571.8
7070 22602.2
7080 22632.5
7090 22662.7
7100 22693.2
7110 22723.6
7120 22753.9
7130 22784.8
7140 22815.8
7150 22846.5
7160 22876.9
7170 22907.1
7180 22937.1
7190 22966.9
7200 22996.3
7210 23025.5
7220 23053.7
7230 23082.2
7240 23110.6
7250 23139.2
7260 23167.8
7270 23196.8
7280 23226.2
7290 23255.5
7300 23284.5
7310 23313.4
7320 23342.5
7330 23371.7
7340 23401.1
7350 23430.6
7360 23460.8
7370 23491
7380 23520.9
7390 23550.3
7400 23579.4
7410 23608.6
7420 23637.8
7430 23666.9
7440 23696.4
7450 23725.6
7460 23754.8
7470 23784
7480 23813.2
7490 23842.5
7500 23871.9
7510 23901.5
7520 23931.1
7530 23960.7
7540 23990.1
7550 24019.8
7560 24050
7570 24080.3
7580 24110.7
7590 24141.2
7600 24171.7
7610 24202.2
7620 24232.6
7630 24263.4
7640 24294.1
7650 24324.9
7660 24355.9
7670 24387.2
7680 24418.3
7690 24449.5
7700 24481
7710 24511.7
7720 24542.4
7730 24573.8
7740 24605.2
7750 24636.9
7760 24668.8
7770 24700.3
7780 24731.3
7790 24762.3
7800 24793.3
7810 24824
7820 24855
7830 24886.1
7840 24917
7850 24947.6
7860 24978.2
7870 25008.9
7880 25039.5
7890 25069.8
7900 25100.1
7910 25130.2
7920 25160.2
7930 25189.8
7940 25219.4
7950 25249.2
7960 25279.1
7970 25308.9
7980 25338.7
7990 25368.6
8000 25399.1
8010 25429.3
8020 25459.5
8030 25489.7
8040 25519.7
8050 25549.5
8060 25579.2
8070 25608.9
8080 25638.3
8090 25667.6
8100 25696.7
8110 25725.8
8120 25754.5
8130 25783.9
8140 25813.3
8150 25842.9
8160 25871.9
8170 25900.9
8180 25930.1
8190 25959
8200 25988.4
8210 26017.8
8220 26047.6
8230 26077.3
8240 26107.2
8250 26137.4
8260 26167.6
8270 26198
8280 26228.8
8290 26259.5
8300 26290.9
8310 26322.6
8320 26355
8330 26387.7
8340 26420.2
8350 26453
8360 26485.5
8370 26518
8380 26550.7
8390 26583.7
8400 26616.8
8410 26649.5
8420 26682
8430 26714.2
8440 26746.4
8450 26778.8
8460 26811
8470 26843.3
8480 26875.5
8490 26907.4
8500 26939.2
8510 26971.1
8520 27002.6
8530 27033.9
8540 27065.5
8550 27097.4
8560 27129.5
8570 27161.4
8580 27193.5
8590 27225.7
8600 27258.2
8610 27290.4
8620 27322.7
8630 27355.2
8640 27387.5
8650 27419.7
8660 27452
8670 27484.8
8680 27517.7
8690 27550.8
8700 27584
8710 27617
8720 27650.4
8730 27683.9
8740 27717.4
8750 27750.8
8760 27784
8770 27817.6
8780 27851.4
8790 27885.2
8800 27918.9
8810 27952.5
8820 27986.6
8830 28021
8840 28055.6
8850 28090.2
8860 28124.6
8870 28159
8880 28193.1
8890 28227.2
8900 28261.3
8910 28295.2
8920 28328.8
8930 28362.2
8940 28395.5
8950 28428.6
8960 28462
8970 28495.2
8980 28528
8990 28560.7
9000 28593.1
9010 28625.6
9020 28658.3
9030 28691
9040 28723.4
9050 28755.6
9060 28787.9
9070 28819.9
9080 28851.5
9090 28883.5
9100 28915.4
9110 28947.5
9120 28979.5
9130 29011.3
9140 29043.1
9150 29074.8
9160 29106.7
9170 29138.8
9180 29171.1
9190 29202.8
9200 29234
9210 29265
9220 29295.8
9230 29326.8
9240 29357.9
9250 29388.8
9260 29419.8
9270 29450.8
9280 29481.8
9290 29512.5
9300 29543.1
9310 29573.6
9320 29603.6
9330 29633.3
9340 29663.4
9350 29693.6
9360 29723.6
9370 29753.2
9380 29782.8
9390 29812.5
9400 29842.3
9410 29872
9420 29901.6
9430 29931.6
9440 29961.6
9450 29991.7
9460 30021.6
9470 30051
9480 30080.1
9490 30109.1
9500 30138.1
9510 30167
9520 30195.5
9530 30224.1
9540 30252.7
9550 30281.5
9560 30309.9
9570 30338.3
9580 30366.5
9590 30394.7
9600 30422.7
9610 30450.7
9620 30478.8
9630 30507.2
9640 30535.7
9650 30564.1
9660 30592.9
9670 30621.5
9680 30649.7
9690 30678.1
9700 30706.8
9710 30736
9720 30765.6
9730 30795.2
9740 30824.8
9750 30853.9
9760 30883
9770 30912.3
9780 30941.8
9790 30971.6
9800 31001.5
9810 31031
9820 31060
9830 31089.3
9840 31118.8
9850 31148.3
9860 31177.9
9870 31207.6
9880 31237.9
9890 31267.8
9900 31297.8
9910 31327.7
9920 31357.6
9930 31387.6
9940 31417.9
9950 31448
9960 31478.4
9970 31508.6
9980 31539
9990 31569.4
