10 21.899
20 43.0904
30 63.9509
40 84.6256
50 105.175
60 125.65
70 146.068
80 166.478
90 186.863
100 207.257
110 227.64
120 248.023
130 268.431
140 288.87
150 309.287
160 329.661
170 350.023
180 370.375
190 390.681
200 410.957
210 431.222
220 451.481
230 471.768
240 492.068
250 512.375
260 532.623
270 552.853
280 573.03
290 593.207
300 613.389
310 633.557
320 653.677
330 673.836
340 693.987
350 714.12
360 734.288
370 754.471
380 774.629
390 794.805
400 814.979
410 835.176
420 855.404
430 875.661
440 895.918
450 916.156
460 936.362
470 956.564
480 976.738
490 996.9
500 1017.04
510 1037.18
520 1057.29
530 1077.4
540 1097.52
550 1117.63
560 1137.7
570 1157.78
580 1177.83
590 1197.88
600 1217.94
610 1237.97
620 1257.97
630 1277.96
640 1297.93
650 1317.86
660 1337.77
670 1357.68
680 1377.6
690 1397.51
700 1417.47
710 1437.47
720 1457.48
730 1477.49
740 1497.48
750 1517.5
760 1537.51
770 1557.5
780 1577.49
790 1597.49
800 1617.51
810 1637.54
820 1657.57
830 1677.59
840 1697.58
850 1717.56
860 1737.59
870 1757.66
880 1777.77
890 1797.88
900 1818.03
910 1838.13
920 1858.22
930 1878.34
940 1898.46
950 1918.56
960 1938.64
970 1958.71
980 1978.77
990 1998.81
1000 2018.82
1010 2038.84
1020 2058.87
1030 2078.9
1040 2098.95
1050 2119.02
1060 2139.12
1070 2159.25
1080 2179.4
1090 2199.55
1100 2219.69
1110 2239.85
1120 2260.05
1130 2280.25
1140 2300.45
1150 2320.67
1160 2340.9
1170 2361.12
1180 2381.37
1190 2401.62
1200 2421.83
1210 2442.07
1220 2462.31
1230 2482.53
1240 2502.74
1250 2522.94
1260 2543.14
1270 2563.33
1280 2583.52
1290 2603.7
1300 2623.89
1310 2644.05
1320 2664.24
1330 2684.42
1340 2704.63
1350 2724.87
1360 2745.09
1370 2765.33
1380 2785.62
1390 2805.91
1400 2826.18
1410 2846.49
1420 2866.84
1430 2887.18
1440 2907.54
1450 2927.88
1460 2948.2
1470 2968.53
1480 2988.88
1490 3009.24
1500 3029.61
1510 3050
1520 3070.43
1530 3090.89
1540 3111.35
1550 3131.82
1560 3152.29
1570 3172.78
1580 3193.22
1590 3213.66
1600 3234.09
1610 3254.54
1620 3274.95
1630 3295.33
1640 3315.73
1650 3336.11
1660 3356.48
1670 3376.81
1680 3397.1
1690 3417.4
1700 3437.7
1710 3458
1720 3478.31
1730 3498.65
1740 3518.99
1750 3539.34
1760 3559.71
1770 3580.09
1780 3600.46
1790 3620.8
1800 3641.16
1810 3661.56
1820 3681.96
1830 3702.36
1840 3722.78
1850 3743.23
1860 3763.67
1870 3784.11
1880 3804.55
1890 3825.02
1900 3845.55
1910 3866.06
1920 3886.57
1930 3907.08
1940 3927.56
1950 3948.02
1960 3968.44
1970 3988.89
1980 4009.34
1990 4029.82
2000 4050.31
2010 4070.79
2020 4091.24
2030 4111.69
2040 4132.12
2050 4152.54
2060 4172.94
2070 4193.35
2080 4213.77
2090 4234.21
2100 4254.65
2110 4275.09
2120 4295.53
2130 4316.03
2140 4336.55
2150 4357.04
2160 4377.57
2170 4398.15
2180 4418.7
2190 4439.23
2200 4459.8
2210 4480.37
2220 4500.95
2230 4521.53
2240 4542.11
2250 4562.67
2260 4583.24
2270 4603.79
2280 4624.38
2290 4644.99
2300 4665.59
2310 4686.17
2320 4706.74
2330 4727.31
2340 4747.89
2350 4768.45
2360 4789.03
2370 4809.61
2380 4830.17
2390 4850.76
2400 4871.38
2410 4892
2420 4912.63
2430 4933.26
2440 4953.89
2450 4974.53
2460 4995.19
2470 5015.86
2480 5036.55
2490 5057.22
2500 5077.94
2510 5098.69
2520 5119.47
2530 5140.27
2540 5161.01
2550 5181.75
2560 5202.49
2570 5223.21
2580 5243.95
2590 5264.69
2600 5285.44
2610 5306.23
2620 5327.01
2630 5347.8
2640 5368.61
2650 5389.46
2660 5410.32
2670 5431.19
2680 5452.03
2690 5472.85
2700 5493.67
2710 5514.55
2720 5535.45
2730 5556.32
2740 5577.18
2750 5598.06
2760 5618.96
2770 5639.84
2780 5660.74
2790 5681.67
2800 5702.57
2810 5723.47
2820 5744.37
2830 5765.28
2840 5786.18
2850 5807.07
2860 5827.95
2870 5848.82
2880 5869.69
2890 5890.53
2900 5911.36
2910 5932.19
2920 5952.99
2930 5973.82
2940 5994.62
2950 6015.38
2960 6036.16
2970 6056.93
2980 6077.72
2990 6098.5
3000 6119.3
3010 6140.1
3020 6160.93
3030 6181.78
3040 6202.63
3050 6223.49
3060 6244.37
3070 6265.23
3080 6286.08
3090 6306.91
3100 6327.76
3110 6348.65
3120 6369.53
3130 6390.4
3140 6411.25
3150 6432.09
3160 6452.92
3170 6473.7
3180 6494.53
3190 6515.33
3200 6536.14
3210 6556.96
3220 6577.78
3230 6598.55
3240 6619.31
3250 6640.06
3260 6660.78
3270 6681.48
3280 6702.19
3290 6722.95
3300 6743.7
3310 6764.45
3320 6785.21
3330 6805.97
3340 6826.74
3350 6847.53
3360 6868.31
3370 6889.09
3380 6909.87
3390 6930.65
3400 6951.42
3410 6972.18
3420 6992.91
3430 7013.62
3440 7034.34
3450 7055.09
3460 7075.84
3470 7096.61
3480 7117.38
3490 7138.17
3500 7158.96
3510 7179.79
3520 7200.61
3530 7221.42
3540 7242.21
3550 7262.96
3560 7283.71
3570 7304.47
3580 7325.23
3590 7345.93
3600 7366.62
3610 7387.28
3620 7407.95
3630 7428.58
3640 7449.2
3650 7469.86
3660 7490.53
3670 7511.24
3680 7531.97
3690 7552.75
3700 7573.54
3710 7594.35
3720 7615.18
3730 7635.97
3740 7656.71
3750 7677.43
3760 7698.16
3770 7718.88
3780 7739.62
3790 7760.36
3800 7781.11
3810 7801.82
3820 7822.52
3830 7843.24
3840 7863.96
3850 7884.69
3860 7905.4
3870 7926.11
3880 7946.82
3890 7967.54
3900 7988.25
3910 8008.96
3920 8029.72
3930 8050.52
3940 8071.33
3950 8092.11
3960 8112.89
3970 8133.69
3980 8154.48
3990 8175.32
4000 8196.2
4010 8217.1
4020 8238
4030 8258.89
4040 8279.79
4050 8300.64
4060 8321.46
4070 8342.31
4080 8363.15
4090 8383.97
4100 8404.76
4110 8425.56
4120 8446.31
4130 8467.03
4140 8487.74
4150 8508.45
4160 8529.13
4170 8549.83
4180 8570.53
4190 8591.2
4200 8611.88
4210 8632.52
4220 8653.18
4230 8673.84
4240 8694.53
4250 8715.24
4260 8735.97
4270 8756.68
4280 8777.37
4290 8798.09
4300 8818.79
4310 8839.5
4320 8860.22
4330 8880.94
4340 8901.65
4350 8922.35
4360 8943.08
4370 8963.8
4380 8984.5
4390 9005.17
4400 9025.87
4410 9046.64
4420 9067.46
4430 9088.29
4440 9109.12
4450 9129.92
4460 9150.72
4470 9171.55
4480 9192.39
4490 9213.23
4500 9234.12
4510 9255
4520 9275.95
4530 9296.86
4540 9317.74
4550 9338.63
4560 9359.53
4570 9380.43
4580 9401.33
4590 9422.25
4600 9443.16
4610 9464.06
4620 9484.98
4630 9505.89
4640 9526.83
4650 9547.74
4660 9568.6
4670 9589.48
4680 9610.36
4690 9631.26
4700 9652.2
4710 9673.14
4720 9694.09
4730 9715.05
4740 9736
4750 9756.94
4760 9777.87
4770 9798.84
4780 9819.8
4790 9840.78
4800 9861.77
4810 9882.75
4820 9903.78
4830 9924.8
4840 9945.82
4850 9966.83
4860 9987.83
4870 10008.8
4880 10029.8
4890 10050.7
4900 10071.7
4910 10092.6
4920 10113.5
4930 10134.5
4940 10155.4
4950 10176.3
4960 10197.3
4970 10218.3
4980 10239.2
4990 10260.3
5000 10281.3
5010 10302.4
5020 10323.4
5030 10344.4
5040 10365.4
5050 10386.4
5060 10407.5
5070 10428.5
5080 10449.5
5090 10470.5
5100 10491.4
5110 10512.3
5120 10533.3
5130 10554.2
5140 10575.2
5150 10596.2
5160 10617.2
5170 10638.2
5180 10659.2
5190 10680.2
5200 10701.2
5210 10722.2
5220 10743.2
5230 10764.2
5240 10785.2
5250 10806.2
5260 10827.2
5270 10848.3
5280 10869.2
5290 10890.2
5300 10911.3
5310 10932.3
5320 10953.4
5330 10974.4
5340 10995.5
5350 11016.6
5360 11037.7
5370 11058.8
5380 11080
5390 11101.2
5400 11122.4
5410 11143.6
5420 11164.9
5430 11186.1
5440 11207.3
5450 11228.5
5460 11249.7
5470 11270.9
5480 11292.2
5490 11313.4
5500 11334.6
5510 11355.8
5520 11377
5530 11398.2
5540 11419.3
5550 11440.5
5560 11461.6
5570 11482.8
5580 11504.1
5590 11525.3
5600 11546.5
5610 11567.7
5620 11588.9
5630 11610.1
5640 11631.3
5650 11652.5
5660 11673.7
5670 11694.9
5680 11716.1
5690 11737.2
5700 11758.4
5710 11779.5
5720 11800.6
5730 11821.8
5740 11842.9
5750 11864.1
5760 11885.3
5770 11906.4
5780 11927.6
5790 11948.8
5800 11969.9
5810 11991.2
5820 12012.3
5830 12033.5
5840 12054.7
5850 12075.8
5860 12097
5870 12118.2
5880 12139.3
5890 12160.4
5900 12181.5
5910 12202.6
5920 12223.6
5930 12244.7
5940 12265.8
5950 12286.8
5960 12307.9
5970 12328.9
5980 12349.9
5990 12371
6000 12392
6010 12413
6020 12434
6030 12455
6040 12475.9
6050 12496.9
6060 12517.9
6070 12538.9
6080 12559.9
6090 12580.9
6100 12601.9
6110 12622.9
6120 12643.9
6130 12664.8
6140 12685.7
6150 12706.6
6160 12727.5
6170 12748.3
6180 12769.2
6190 12790.1
6200 12811
6210 12831.9
6220 12852.8
6230 12873.6
6240 12894.5
6250 12915.3
6260 12936.1
6270 12956.9
6280 12977.7
6290 12998.5
6300 13019.3
6310 13040.1
6320 13060.8
6330 13081.6
6340 13102.3
6350 13123.1
6360 13143.8
6370 13164.6
6380 13185.3
6390 13206.1
6400 13226.8
6410 13247.5
6420 13268.3
6430 13289.1
6440 13310
6450 13330.8
6460 13351.6
6470 13372.4
6480 13393.2
6490 13414
6500 13434.8
6510 13455.5
6520 13476.4
6530 13497.2
6540 13518
6550 13538.9
6560 13559.7
6570 13580.6
6580 13601.4
6590 13622.3
6600 13643.2
6610 13664.1
6620 13685
6630 13706
6640 13726.9
6650 13747.9
6660 13768.9
6670 13789.9
6680 13810.8
6690 13831.8
6700 13852.7
6710 13873.6
6720 13894.5
6730 13915.5
6740 13936.4
6750 13957.4
6760 13978.3
6770 13999.3
6780 14020.3
6790 14041.3
6800 14062.2
6810 14083.2
6820 14104.2
6830 14125.2
6840 14146.2
6850 14167.2
6860 14188.2
6870 14209.2
6880 14230.2
6890 14251.2
6900 14272.3
6910 14293.3
6920 14314.2
6930 14335.2
6940 14356.1
6950 14377.1
6960 14398.1
6970 14419
6980 14439.9
6990 14460.8
7000 14481.7
7010 14502.6
7020 14523.6
7030 14544.5
7040 14565.4
7050 14586.3
7060 14607.3
7070 14628.2
7080 14649.2
7090 14670.1
7100 14691.1
7110 14712
7120 14732.8
7130 14753.7
7140 14774.5
7150 14795.3
7160 14816.2
7170 14837.1
7180 14858
7190 14878.9
7200 14899.8
7210 14920.7
7220 14941.6
7230 14962.5
7240 14983.4
7250 15004.4
7260 15025.3
7270 15046.1
7280 15067
7290 15087.9
7300 15108.8
7310 15129.7
7320 15150.6
7330 15171.6
7340 15192.6
7350 15213.6
7360 15234.5
7370 15255.5
7380 15276.4
7390 15297.3
7400 15318.2
7410 15339.1
7420 15360.1
7430 15381.1
7440 15402.1
7450 15423
7460 15443.9
7470 15464.8
7480 15485.7
7490 15506.6
7500 15527.4
7510 15548.3
7520 15569.2
7530 15590
7540 15610.9
7550 15631.8
7560 15652.7
7570 15673.6
7580 15694.4
7590 15715.3
7600 15736.1
7610 15756.9
7620 15777.7
7630 15798.5
7640 15819.3
7650 15840.2
7660 15861
7670 15881.9
7680 15902.8
7690 15923.7
7700 15944.6
7710 15965.6
7720 15986.5
7730 16007.3
7740 16028.2
7750 16049
7760 16069.8
7770 16090.7
7780 16111.5
7790 16132.4
7800 16153.3
7810 16174.2
7820 16195
7830 16215.9
7840 16236.7
7850 16257.6
7860 16278.4
7870 16299.3
7880 16320.2
7890 16341.1
7900 16362
7910 16383
7920 16403.9
7930 16424.8
7940 16445.8
7950 16466.7
7960 16487.6
7970 16508.5
7980 16529.5
7990 16550.4
8000 16571.3
8010 16592.2
8020 16613.1
8030 16634.1
8040 16655.1
8050 16676.2
8060 16697.2
8070 16718.2
8080 16739.2
8090 16760.2
8100 16781.1
8110 16802
8120 16823
8130 16844
8140 16865
8150 16886
8160 16907
8170 16928
8180 16948.9
8190 16969.9
8200 16990.8
8210 17011.8
8220 17032.7
8230 17053.6
8240 17074.5
8250 17095.4
8260 17116.4
8270 17137.3
8280 17158.2
8290 17179.1
8300 17200
8310 17220.9
8320 17241.7
8330 17262.6
8340 17283.4
8350 17304.3
8360 17325.2
8370 17346
8380 17366.9
8390 17387.8
8400 17408.7
8410 17429.6
8420 17450.4
8430 17471.3
8440 17492.2
8450 17513
8460 17533.9
8470 17554.8
8480 17575.7
8490 17596.5
8500 17617.4
8510 17638.3
8520 17659.1
8530 17679.9
8540 17700.7
8550 17721.5
8560 17742.3
8570 17763.1
8580 17784
8590 17804.8
8600 17825.6
8610 17846.5
8620 17867.3
8630 17888.2
8640 17909.1
8650 17930
8660 17950.9
8670 17971.8
8680 17992.6
8690 18013.5
8700 18034.4
8710 18055.3
8720 18076.2
8730 18097.1
8740 18118
8750 18138.9
8760 18159.8
8770 18180.6
8780 18201.5
8790 18222.4
8800 18243.3
8810 18264.2
8820 18285.2
8830 18306.1
8840 18327
8850 18347.9
8860 18368.7
8870 18389.5
8880 18410.3
8890 18431.1
8900 18451.9
8910 18472.7
8920 18493.5
8930 18514.3
8940 18535
8950 18555.8
8960 18576.5
8970 18597.3
8980 18618.1
8990 18638.9
9000 18659.7
9010 18680.5
9020 18701.3
9030 18722.1
9040 18742.8
9050 18763.6
9060 18784.3
9070 18805.1
9080 18825.8
9090 18846.6
9100 18867.4
9110 18888.1
9120 18908.9
9130 18929.7
9140 18950.5
9150 18971.2
9160 18991.9
9170 19012.7
9180 19033.5
9190 19054.2
9200 19075
9210 19095.7
9220 19116.4
9230 19137.1
9240 19157.8
9250 19178.5
9260 19199.2
9270 19219.8
9280 19240.5
9290 19261.1
9300 19281.7
9310 19302.4
9320 19323
9330 19343.6
9340 19364.3
9350 19384.9
9360 19405.5
9370 19426.1
9380 19446.7
9390 19467.3
9400 19487.9
9410 19508.5
9420 19529.1
9430 19549.7
9440 19570.4
9450 19591
9460 19611.7
9470 19632.3
9480 19652.9
9490 19673.6
9500 19694.2
9510 19714.8
9520 19735.4
9530 19755.9
9540 19776.5
9550 19797.1
9560 19817.7
9570 19838.2
9580 19858.8
9590 19879.4
9600 19900.1
9610 19920.7
9620 19941.4
9630 19962
9640 19982.6
9650 20003.2
9660 20023.8
9670 20044.4
9680 20065.1
9690 20085.7
9700 20106.4
9710 20127.1
9720 20147.8
9730 20168.5
9740 20189.1
9750 20209.7
9760 20230.3
9770 20250.9
9780 20271.6
9790 20292.2
9800 20312.8
9810 20333.4
9820 20354
9830 20374.6
9840 20395.2
9850 20415.8
9860 20436.4
9870 20457
9880 20477.6
9890 20498.2
9900 20518.8
9910 20539.4
9920 20560
9930 20580.6
9940 20601.1
9950 20621.7
9960 20642.4
9970 20663
9980 20683.7
9990 20704.3
