10 25.9848
20 50.6264
30 74.6827
40 98.472
50 122.188
60 145.721
70 169.139
80 192.426
90 215.632
100 238.774
110 261.822
120 284.836
130 307.812
140 330.755
150 353.762
160 376.883
170 399.994
180 423.087
190 446.111
200 469.072
210 492.062
220 515.012
230 537.9
240 560.797
250 583.626
260 606.367
270 629.11
280 651.88
290 674.638
300 697.39
310 720.16
320 743.026
330 765.936
340 788.795
350 811.71
360 834.618
370 857.462
380 880.313
390 903.231
400 926.128
410 948.98
420 971.874
430 994.814
440 1017.75
450 1040.63
460 1063.49
470 1086.39
480 1109.28
490 1132.21
500 1155.21
510 1178.2
520 1201.16
530 1224.06
540 1246.98
550 1269.92
560 1292.88
570 1315.82
580 1338.75
590 1361.73
600 1384.78
610 1407.83
620 1430.91
630 1453.99
640 1477.08
650 1500.18
660 1523.28
670 1546.39
680 1569.47
690 1592.51
700 1615.51
710 1638.5
720 1661.49
730 1684.46
740 1707.42
750 1730.42
760 1753.47
770 1776.52
780 1799.53
790 1822.6
800 1845.63
810 1868.6
820 1891.62
830 1914.65
840 1937.64
850 1960.59
860 1983.48
870 2006.34
880 2029.14
890 2051.88
900 2074.75
910 2097.65
920 2120.52
930 2143.4
940 2166.27
950 2189.1
960 2211.94
970 2234.73
980 2257.45
990 2280.19
1000 2302.95
1010 2325.67
1020 2348.4
1030 2371.15
1040 2393.94
1050 2416.69
1060 2439.45
1070 2462.29
1080 2485.17
1090 2508.04
1100 2530.89
1110 2553.75
1120 2576.61
1130 2599.5
1140 2622.43
1150 2645.42
1160 2668.31
1170 2691.13
1180 2713.89
1190 2736.65
1200 2759.47
1210 2782.26
1220 2804.97
1230 2827.68
1240 2850.45
1250 2873.27
1260 2896.15
1270 2919.04
1280 2941.93
1290 2964.77
1300 2987.61
1310 3010.44
1320 3033.25
1330 3056.1
1340 3078.9
1350 3101.71
1360 3124.49
1370 3147.26
1380 3169.95
1390 3192.58
1400 3215.23
1410 3237.9
1420 3260.59
1430 3283.26
1440 3305.96
1450 3328.63
1460 3351.29
1470 3373.95
1480 3396.59
1490 3419.22
1500 3441.87
1510 3464.57
1520 3487.38
1530 3510.19
1540 3532.99
1550 3555.82
1560 3578.58
1570 3601.4
1580 3624.17
1590 3646.95
1600 3669.73
1610 3692.48
1620 3715.22
1630 3737.96
1640 3760.72
1650 3783.5
1660 3806.33
1670 3829.08
1680 3851.83
1690 3874.53
1700 3897.21
1710 3919.89
1720 3942.63
1730 3965.36
1740 3988.16
1750 4010.9
1760 4033.59
1770 4056.25
1780 4078.9
1790 4101.54
1800 4124.19
1810 4146.82
1820 4169.46
1830 4192.1
1840 4214.73
1850 4237.35
1860 4259.9
1870 4282.39
1880 4304.83
1890 4327.17
1900 4349.53
1910 4371.93
1920 4394.3
1930 4416.75
1940 4439.16
1950 4461.53
1960 4483.89
1970 4506.23
1980 4528.47
1990 4550.69
2000 4572.92
2010 4595.2
2020 4617.49
2030 4639.81
2040 4662.12
2050 4684.41
2060 4706.67
2070 4728.88
2080 4751.04
2090 4773.2
2100 4795.41
2110 4817.6
2120 4839.79
2130 4861.93
2140 4884.1
2150 4906.32
2160 4928.56
2170 4950.84
2180 4973.14
2190 4995.45
2200 5017.86
2210 5040.36
2220 5062.85
2230 5085.3
2240 5107.75
2250 5130.19
2260 5152.63
2270 5175.11
2280 5197.64
2290 5220.16
2300 5242.65
2310 5265.13
2320 5287.61
2330 5310.07
2340 5332.52
2350 5354.95
2360 5377.36
2370 5399.82
2380 5422.34
2390 5444.84
2400 5467.36
2410 5489.89
2420 5512.45
2430 5535
2440 5557.48
2450 5579.98
2460 5602.45
2470 5624.85
2480 5647.27
2490 5669.69
2500 5692.1
2510 5714.55
2520 5736.98
2530 5759.39
2540 5781.81
2550 5804.2
2560 5826.57
2570 5848.92
2580 5871.28
2590 5893.65
2600 5916.01
2610 5938.28
2620 5960.53
2630 5982.76
2640 6005
2650 6027.21
2660 6049.4
2670 6071.59
2680 6093.75
2690 6115.97
2700 6138.11
2710 6160.26
2720 6182.45
2730 6204.68
2740 6226.92
2750 6249.11
2760 6271.33
2770 6293.52
2780 6315.73
2790 6337.96
2800 6360.24
2810 6382.54
2820 6404.91
2830 6427.25
2840 6449.54
2850 6471.72
2860 6493.85
2870 6516
2880 6538.15
2890 6560.36
2900 6582.6
2910 6604.87
2920 6627.13
2930 6649.42
2940 6671.66
2950 6693.89
2960 6716.1
2970 6738.4
2980 6760.68
2990 6782.99
3000 6805.36
3010 6827.73
3020 6850.09
3030 6872.42
3040 6894.77
3050 6917.08
3060 6939.42
3070 6961.72
3080 6984.06
3090 7006.39
3100 7028.68
3110 7050.99
3120 7073.32
3130 7095.64
3140 7118
3150 7140.31
3160 7162.65
3170 7185.03
3180 7207.41
3190 7229.74
3200 7252.11
3210 7274.47
3220 7296.89
3230 7319.27
3240 7341.67
3250 7364.06
3260 7386.4
3270 7408.78
3280 7431.11
3290 7453.47
3300 7475.82
3310 7498.18
3320 7520.48
3330 7542.71
3340 7564.97
3350 7587.31
3360 7609.62
3370 7631.86
3380 7654.1
3390 7676.39
3400 7698.73
3410 7721.06
3420 7743.36
3430 7765.6
3440 7787.83
3450 7810
3460 7832.18
3470 7854.4
3480 7876.7
3490 7899
3500 7921.26
3510 7943.49
3520 7965.72
3530 7987.94
3540 8010.13
3550 8032.28
3560 8054.42
3570 8076.49
3580 8098.55
3590 8120.66
3600 8142.76
3610 8164.84
3620 8186.92
3630 8209.03
3640 8231.17
3650 8253.38
3660 8275.58
3670 8297.71
3680 8319.9
3690 8342.11
3700 8364.29
3710 8386.5
3720 8408.65
3730 8430.77
3740 8452.87
3750 8474.95
3760 8497.05
3770 8519.08
3780 8541.12
3790 8563.15
3800 8585.18
3810 8607.2
3820 8629.21
3830 8651.21
3840 8673.19
3850 8695.19
3860 8717.21
3870 8739.21
3880 8761.24
3890 8783.31
3900 8805.34
3910 8827.39
3920 8849.45
3930 8871.55
3940 8893.66
3950 8915.81
3960 8937.9
3970 8959.96
3980 8982.06
3990 9004.16
4000 9026.29
4010 9048.39
4020 9070.47
4030 9092.53
4040 9114.63
4050 9136.82
4060 9159.01
4070 9181.22
4080 9203.38
4090 9225.55
4100 9247.64
4110 9269.78
4120 9292
4130 9314.2
4140 9336.4
4150 9358.58
4160 9380.7
4170 9402.8
4180 9424.88
4190 9446.94
4200 9469.03
4210 9491.12
4220 9513.23
4230 9535.33
4240 9557.34
4250 9579.35
4260 9601.35
4270 9623.32
4280 9645.3
4290 9667.21
4300 9689.13
4310 9711.07
4320 9733.02
4330 9754.95
4340 9776.92
4350 9798.91
4360 9820.93
4370 9842.93
4380 9864.93
4390 9886.95
4400 9908.95
4410 9930.91
4420 9952.82
4430 9974.75
4440 9996.6
4450 10018.4
4460 10040.2
4470 10061.9
4480 10083.7
4490 10105.4
4500 10127.2
4510 10149
4520 10170.9
4530 10192.8
4540 10214.7
4550 10236.6
4560 10258.6
4570 10280.5
4580 10302.6
4590 10324.6
4600 10346.7
4610 10368.8
4620 10390.9
4630 10413
4640 10435.1
4650 10457.2
4660 10479.4
4670 10501.6
4680 10523.7
4690 10546
4700 10568.1
4710 10590.3
4720 10612.5
4730 10634.7
4740 10656.9
4750 10679.1
4760 10701.2
4770 10723.4
4780 10745.5
4790 10767.5
4800 10789.6
4810 10811.6
4820 10833.6
4830 10855.6
4840 10877.6
4850 10899.6
4860 10921.6
4870 10943.6
4880 10965.6
4890 10987.5
4900 11009.5
4910 11031.5
4920 11053.5
4930 11075.5
4940 11097.6
4950 11119.7
4960 11141.8
4970 11164
4980 11186.2
4990 11208.5
5000 11230.9
5010 11253.2
5020 11275.7
5030 11298.1
5040 11320.6
5050 11343
5060 11365.5
5070 11388
5080 11410.5
5090 11432.9
5100 11455.4
5110 11477.9
5120 11500.4
5130 11522.8
5140 11545.3
5150 11567.7
5160 11590.2
5170 11612.7
5180 11635.1
5190 11657.6
5200 11680.1
5210 11702.4
5220 11724.8
5230 11747.1
5240 11769.4
5250 11791.8
5260 11814.1
5270 11836.5
5280 11859
5290 11881.5
5300 11903.9
5310 11926.4
5320 11948.8
5330 11971.2
5340 11993.6
5350 12015.9
5360 12038.4
5370 12060.8
5380 12083.2
5390 12105.8
5400 12128.3
5410 12150.9
5420 12173.6
5430 12196.3
5440 12219
5450 12241.6
5460 12264.2
5470 12286.8
5480 12309.4
5490 12331.9
5500 12354.5
5510 12377.1
5520 12399.7
5530 12422.3
5540 12444.9
5550 12467.4
5560 12489.9
5570 12512.3
5580 12534.8
5590 12557.2
5600 12579.7
5610 12602.2
5620 12624.6
5630 12647.1
5640 12669.4
5650 12691.8
5660 12714.1
5670 12736.5
5680 12758.9
5690 12781.2
5700 12803.4
5710 12825.7
5720 12848
5730 12870.2
5740 12892.4
5750 12914.6
5760 12936.7
5770 12958.8
5780 12980.8
5790 13002.9
5800 13024.9
5810 13046.9
5820 13069
5830 13091
5840 13113
5850 13135
5860 13157
5870 13179
5880 13200.9
5890 13222.8
5900 13244.6
5910 13266.5
5920 13288.3
5930 13310.1
5940 13332
5950 13353.9
5960 13375.7
5970 13397.7
5980 13419.7
5990 13441.7
6000 13463.8
6010 13485.8
6020 13507.9
6030 13529.9
6040 13551.8
6050 13573.6
6060 13595.4
6070 13617.2
6080 13639
6090 13660.9
6100 13682.6
6110 13704.4
6120 13726.2
6130 13747.9
6140 13769.5
6150 13791.2
6160 13812.9
6170 13834.6
6180 13856.2
6190 13877.8
6200 13899.4
6210 13920.8
6220 13942.3
6230 13963.8
6240 13985.2
6250 14006.6
6260 14028
6270 14049.4
6280 14070.7
6290 14092
6300 14113.4
6310 14134.8
6320 14156.3
6330 14177.8
6340 14199.3
6350 14220.8
6360 14242.3
6370 14263.7
6380 14285.1
6390 14306.5
6400 14328
6410 14349.4
6420 14370.9
6430 14392.3
6440 14413.7
6450 14435.2
6460 14456.7
6470 14478.2
6480 14499.8
6490 14521.3
6500 14542.8
6510 14564.3
6520 14585.8
6530 14607.2
6540 14628.8
6550 14650.3
6560 14671.8
6570 14693.2
6580 14714.7
6590 14736.2
6600 14757.7
6610 14779.2
6620 14800.8
6630 14822.3
6640 14843.9
6650 14865.4
6660 14887
6670 14908.4
6680 14929.9
6690 14951.5
6700 14973.1
6710 14994.7
6720 15016.2
6730 15037.8
6740 15059.3
6750 15080.9
6760 15102.6
6770 15124.3
6780 15145.9
6790 15167.6
6800 15189.3
6810 15210.9
6820 15232.5
6830 15254.2
6840 15276
6850 15297.7
6860 15319.4
6870 15341.1
6880 15362.8
6890 15384.5
6900 15406.2
6910 15428
6920 15449.8
6930 15471.5
6940 15493.2
6950 15514.8
6960 15536.5
6970 15558.1
6980 15579.7
6990 15601.2
7000 15622.8
7010 15644.4
7020 15666.1
7030 15687.8
7040 15709.4
7050 15731
7060 15752.7
7070 15774.4
7080 15796.1
7090 15817.8
7100 15839.4
7110 15861
7120 15882.5
7130 15904.1
7140 15925.6
7150 15947.1
7160 15968.5
7170 15990
7180 16011.5
7190 16033
7200 16054.5
7210 16075.9
7220 16097.4
7230 16118.8
7240 16140.3
7250 16161.8
7260 16183.2
7270 16204.6
7280 16226
7290 16247.4
7300 16268.8
7310 16290.3
7320 16311.8
7330 16333.4
7340 16355
7350 16376.6
7360 16398.2
7370 16419.8
7380 16441.4
7390 16463
7400 16484.6
7410 16506.2
7420 16527.7
7430 16549.2
7440 16570.7
7450 16592.1
7460 16613.5
7470 16634.9
7480 16656.3
7490 16677.8
7500 16699.2
7510 16720.7
7520 16742.2
7530 16763.6
7540 16785.1
7550 16806.5
7560 16828
7570 16849.6
7580 16871
7590 16892.5
7600 16914
7610 16935.6
7620 16957.2
7630 16978.7
7640 17000.4
7650 17022
7660 17043.6
7670 17065.2
7680 17086.7
7690 17108.3
7700 17129.8
7710 17151.3
7720 17172.8
7730 17194.3
7740 17215.8
7750 17237.3
7760 17258.8
7770 17280.3
7780 17301.7
7790 17323.1
7800 17344.4
7810 17365.6
7820 17386.8
7830 17408.1
7840 17429.4
7850 17450.7
7860 17472
7870 17493.2
7880 17514.5
7890 17535.7
7900 17557.1
7910 17578.5
7920 17599.9
7930 17621.3
7940 17642.7
7950 17664.2
7960 17685.6
7970 17707
7980 17728.4
7990 17749.8
8000 17771.2
8010 17792.6
8020 17814
8030 17835.3
8040 17856.6
8050 17878
8060 17899.3
8070 17920.6
8080 17942.1
8090 17963.5
8100 17985
8110 18006.4
8120 18027.7
8130 18049
8140 18070.4
8150 18091.8
8160 18113.2
8170 18134.7
8180 18156.1
8190 18177.5
8200 18198.9
8210 18220.4
8220 18242
8230 18263.5
8240 18285.2
8250 18306.8
8260 18328.3
8270 18349.8
8280 18371.3
8290 18392.7
8300 18414.2
8310 18435.6
8320 18457.1
8330 18478.5
8340 18500
8350 18521.4
8360 18542.9
8370 18564.4
8380 18585.9
8390 18607.5
8400 18629.2
8410 18650.9
8420 18672.5
8430 18694.2
8440 18715.9
8450 18737.6
8460 18759.2
8470 18780.8
8480 18802.4
8490 18824
8500 18845.5
8510 18867.1
8520 18888.7
8530 18910.2
8540 18931.6
8550 18953.1
8560 18974.5
8570 18996
8580 19017.4
8590 19038.9
8600 19060.4
8610 19082
8620 19103.5
8630 19125.1
8640 19146.6
8650 19168.2
8660 19189.8
8670 19211.3
8680 19232.9
8690 19254.5
8700 19276
8710 19297.6
8720 19319.2
8730 19340.7
8740 19362.3
8750 19383.8
8760 19405.2
8770 19426.6
8780 19448.1
8790 19469.6
8800 19491.2
8810 19512.8
8820 19534.4
8830 19556
8840 19577.6
8850 19599.3
8860 19620.9
8870 19642.7
8880 19664.4
8890 19686.2
8900 19708
8910 19729.8
8920 19751.6
8930 19773.4
8940 19795.2
8950 19816.9
8960 19838.7
8970 19860.5
8980 19882.2
8990 19903.9
9000 19925.7
9010 19947.5
9020 19969.2
9030 19991
9040 20012.7
9050 20034.5
9060 20056.3
9070 20078.1
9080 20099.9
9090 20121.7
9100 20143.5
9110 20165.3
9120 20187.1
9130 20208.9
9140 20230.7
9150 20252.3
9160 20274
9170 20295.7
9180 20317.4
9190 20339.1
9200 20360.8
9210 20382.5
9220 20404.2
9230 20425.8
9240 20447.5
9250 20469.3
9260 20491
9270 20512.8
9280 20534.5
9290 20556.2
9300 20577.9
9310 20599.5
9320 20621.2
9330 20642.8
9340 20664.4
9350 20686
9360 20707.6
9370 20729.2
9380 20750.8
9390 20772.4
9400 20794.1
9410 20815.8
9420 20837.4
9430 20859
9440 20880.6
9450 20902.2
9460 20923.9
9470 20945.5
9480 20967.2
9490 20988.9
9500 21010.6
9510 21032.2
9520 21053.9
9530 21075.6
9540 21097.3
9550 21119
9560 21140.7
9570 21162.5
9580 21184.3
9590 21206.1
9600 21227.9
9610 21249.7
9620 21271.6
9630 21293.4
9640 21315.3
9650 21337.2
9660 21359.1
9670 21381
9680 21402.8
9690 21424.7
9700 21446.6
9710 21468.4
9720 21490.3
9730 21512.2
9740 21534
9750 21555.8
9760 21577.7
9770 21599.5
9780 21621.3
9790 21643
9800 21664.6
9810 21686.2
9820 21707.8
9830 21729.3
9840 21750.7
9850 21772.1
9860 21793.5
9870 21814.9
9880 21836.3
9890 21857.6
9900 21879
9910 21900.4
9920 21921.7
9930 21943
9940 21964.4
9950 21985.8
9960 22007.3
9970 22028.7
9980 22050.2
9990 22071.8
