10 48.5065
20 93.1375
30 136.778
40 180.024
50 223.3
60 266.331
70 309.135
80 352
90 394.812
100 437.588
110 480.105
120 522.399
130 564.577
140 606.775
150 649.134
160 691.8
170 734.208
180 776.174
190 818.103
200 860.083
210 901.998
220 944.039
230 986.377
240 1029.02
250 1071.46
260 1113.9
270 1156.19
280 1198.56
290 1240.66
300 1282.57
310 1324.67
320 1366.74
330 1408.65
340 1450.45
350 1492.1
360 1533.7
370 1575.3
380 1617.14
390 1658.98
400 1701.02
410 1743.08
420 1785.09
430 1827.11
440 1869.13
450 1911.16
460 1953.11
470 1994.83
480 2036.31
490 2077.8
500 2119.37
510 2160.75
520 2202.1
530 2243.4
540 2284.8
550 2326.09
560 2367.18
570 2408.49
580 2449.79
590 2491.04
600 2532.26
610 2573.29
620 2614.18
630 2655.08
640 2696.4
650 2737.76
660 2779.3
670 2820.93
680 2862.57
690 2903.93
700 2944.99
710 2985.92
720 3027.01
730 3068.18
740 3109.09
750 3149.95
760 3190.84
770 3231.6
780 3272.28
790 3313.12
800 3353.95
810 3394.69
820 3435.3
830 3475.73
840 3516.31
850 3556.63
860 3596.7
870 3637.04
880 3677.51
890 3717.97
900 3758.3
910 3798.44
920 3838.47
930 3878.59
940 3918.61
950 3958.45
960 3998.15
970 4037.91
980 4077.49
990 4117.08
1000 4156.83
1010 4196.77
1020 4236.9
1030 4277.33
1040 4317.59
1050 4357.73
1060 4397.82
1070 4437.93
1080 4478.01
1090 4518.03
1100 4558.14
1110 4598.41
1120 4638.66
1130 4679.25
1140 4720.05
1150 4760.79
1160 4801.46
1170 4842.05
1180 4882.63
1190 4923.43
1200 4964.24
1210 5005.02
1220 5045.62
1230 5086.39
1240 5127.32
1250 5168.4
1260 5209.61
1270 5250.77
1280 5291.91
1290 5332.81
1300 5373.68
1310 5414.26
1320 5454.7
1330 5495.15
1340 5535.36
1350 5575.66
1360 5616.05
1370 5656.61
1380 5697.28
1390 5737.89
1400 5778.58
1410 5819.01
1420 5859.76
1430 5900.52
1440 5941.25
1450 5981.87
1460 6022.29
1470 6062.72
1480 6103.28
1490 6143.83
1500 6184.46
1510 6225.03
1520 6265.42
1530 6306.08
1540 6346.84
1550 6387.65
1560 6428.75
1570 6469.8
1580 6510.91
1590 6551.99
1600 6593.01
1610 6634.34
1620 6675.77
1630 6717.25
1640 6758.67
1650 6800.02
1660 6841.14
1670 6882.12
1680 6923.1
1690 6964.07
1700 7005.3
1710 7046.52
1720 7087.59
1730 7128.64
1740 7169.85
1750 7211.13
1760 7252.83
1770 7294.7
1780 7336.52
1790 7378.39
1800 7420.04
1810 7461.75
1820 7503.67
1830 7545.72
1840 7587.93
1850 7630.17
1860 7672.41
1870 7714.53
1880 7756.61
1890 7798.44
1900 7840.16
1910 7881.81
1920 7923.56
1930 7965.44
1940 8007.31
1950 8049.06
1960 8090.93
1970 8132.86
1980 8174.8
1990 8216.68
2000 8258.77
2010 8300.99
2020 8343.19
2030 8385.46
2040 8427.65
2050 8469.94
2060 8512.24
2070 8554.38
2080 8596.42
2090 8638.35
2100 8680.35
2110 8722.2
2120 8763.82
2130 8805.33
2140 8846.77
2150 8888.3
2160 8929.92
2170 8971.57
2180 9013.29
2190 9054.98
2200 9096.61
2210 9138.29
2220 9179.82
2230 9221.49
2240 9262.98
2250 9304.3
2260 9345.65
2270 9387.19
2280 9428.81
2290 9470.36
2300 9511.79
2310 9553.09
2320 9594.13
2330 9634.77
2340 9675.11
2350 9715.42
2360 9755.75
2370 9795.82
2380 9835.92
2390 9876.03
2400 9916.17
2410 9956.31
2420 9996.59
2430 10037
2440 10077
2450 10117
2460 10157
2470 10197.1
2480 10237.2
2490 10277.6
2500 10317.9
2510 10358.3
2520 10398.9
2530 10439.5
2540 10480.4
2550 10521.2
2560 10562
2570 10602.6
2580 10643.5
2590 10684.5
2600 10725.4
2610 10766.4
2620 10807.3
2630 10848
2640 10888.8
2650 10929.4
2660 10970.1
2670 11010.9
2680 11051.7
2690 11092.5
2700 11133.3
2710 11174.1
2720 11214.7
2730 11255.4
2740 11296.2
2750 11337.1
2760 11378.1
2770 11419.2
2780 11460.3
2790 11501.3
2800 11542.1
2810 11583
2820 11623.8
2830 11664.4
2840 11704.8
2850 11745.3
2860 11785.9
2870 11826.5
2880 11867.1
2890 11907.7
2900 11948.2
2910 11988.5
2920 12028.8
2930 12069.3
2940 12110
2950 12150.8
2960 12191.5
2970 12232.1
2980 12272.5
2990 12313.1
3000 12353.8
3010 12394.3
3020 12434.7
3030 12475.1
3040 12515.5
3050 12555.9
3060 12596.3
3070 12636.6
3080 12676.9
3090 12716.9
3100 12756.9
3110 12797
3120 12836.8
3130 12876.6
3140 12916.3
3150 12955.9
3160 12995.7
3170 13035.4
3180 13075
3190 13114.4
3200 13153.8
3210 13193.3
3220 13232.7
3230 13271.9
3240 13310.8
3250 13349.8
3260 13389
3270 13428
3280 13466.9
3290 13505.9
3300 13544.9
3310 13584.1
3320 13623.4
3330 13662.7
3340 13702.2
3350 13741.8
3360 13781.4
3370 13821.2
3380 13861
3390 13900.8
3400 13940.5
3410 13980.2
3420 14020
3430 14060.1
3440 14099.9
3450 14139.8
3460 14179.7
3470 14219.5
3480 14259.4
3490 14299.4
3500 14339.4
3510 14379.5
3520 14419.6
3530 14459.7
3540 14499.8
3550 14539.9
3560 14580.2
3570 14620.6
3580 14661.1
3590 14701.6
3600 14742.3
3610 14783
3620 14823.6
3630 14864
3640 14904.2
3650 14944.6
3660 14984.9
3670 15025.1
3680 15065.3
3690 15105.6
3700 15145.7
3710 15185.3
3720 15224.9
3730 15264.5
3740 15304.3
3750 15344.3
3760 15384.5
3770 15424.8
3780 15465.3
3790 15505.6
3800 15546
3810 15586.4
3820 15627
3830 15667.5
3840 15708.2
3850 15748.9
3860 15789.5
3870 15830
3880 15870.4
3890 15910.7
3900 15951
3910 15991.5
3920 16032
3930 16072.7
3940 16113.3
3950 16153.7
3960 16194.1
3970 16234.4
3980 16274.6
3990 16315
4000 16355.6
4010 16396.1
4020 16436.7
4030 16477.6
4040 16518.7
4050 16559.9
4060 16600.8
4070 16641.7
4080 16682.6
4090 16723.6
4100 16764.9
4110 16806.1
4120 16847.2
4130 16888.3
4140 16929.4
4150 16970.7
4160 17012.3
4170 17054
4180 17095.9
4190 17137.7
4200 17179.4
4210 17221.2
4220 17262.9
4230 17304.4
4240 17345.7
4250 17386.7
4260 17427.5
4270 17468.4
4280 17509.4
4290 17550.4
4300 17591.3
4310 17632.3
4320 17673.3
4330 17714.5
4340 17755.8
4350 17797
4360 17838.3
4370 17879.6
4380 17920.5
4390 17961.5
4400 18002.5
4410 18043.8
4420 18085
4430 18126.2
4440 18167.3
4450 18208.3
4460 18249.2
4470 18290.2
4480 18331.3
4490 18372.1
4500 18412.5
4510 18453
4520 18493.3
4530 18533.7
4540 18574.1
4550 18614.6
4560 18655.3
4570 18696
4580 18736.5
4590 18777.1
4600 18817.6
4610 18857.9
4620 18898.1
4630 18938.7
4640 18979.3
4650 19020
4660 19061
4670 19102
4680 19142.9
4690 19183.8
4700 19224.8
4710 19265.9
4720 19307.1
4730 19348.3
4740 19389.7
4750 19431.2
4760 19472.7
4770 19514
4780 19555.4
4790 19596.8
4800 19638.3
4810 19679.8
4820 19721.3
4830 19763.1
4840 19804.9
4850 19846.5
4860 19888.1
4870 19929.8
4880 19971.4
4890 20013
4900 20054.5
4910 20095.8
4920 20137.2
4930 20178.7
4940 20220.4
4950 20261.8
4960 20303.3
4970 20345
4980 20386.6
4990 20428.1
5000 20469.9
5010 20511.5
5020 20553.2
5030 20595
5040 20636.8
5050 20678.6
5060 20720.3
5070 20761.6
5080 20802.9
5090 20844.2
5100 20885.2
5110 20926.2
5120 20967.3
5130 21008.6
5140 21050.2
5150 21091.6
5160 21133.1
5170 21174.9
5180 21216.8
5190 21258.6
5200 21300.4
5210 21342.1
5220 21383.8
5230 21425.4
5240 21467.1
5250 21508.7
5260 21550.3
5270 21592.1
5280 21633.6
5290 21675.3
5300 21717
5310 21758.7
5320 21800.4
5330 21842.2
5340 21883.9
5350 21925.6
5360 21967.2
5370 22008.9
5380 22050.8
5390 22092.9
5400 22134.9
5410 22176.8
5420 22219
5430 22261.2
5440 22303.5
5450 22345.8
5460 22388
5470 22430.4
5480 22472.8
5490 22515.1
5500 22557.7
5510 22600.3
5520 22642.6
5530 22685
5540 22727.6
5550 22770.2
5560 22812.9
5570 22855.8
5580 22898.7
5590 22941.6
5600 22984.4
5610 23027.3
5620 23070.3
5630 23113.4
5640 23156.3
5650 23199.2
5660 23242.1
5670 23285.2
5680 23328.7
5690 23372.2
5700 23415.8
5710 23459.4
5720 23503.1
5730 23546.7
5740 23590
5750 23633.2
5760 23676.4
5770 23719.3
5780 23762
5790 23804.9
5800 23847.5
5810 23890.1
5820 23932.6
5830 23975.2
5840 24017.8
5850 24060.4
5860 24103.4
5870 24146.2
5880 24189.2
5890 24232.3
5900 24275.6
5910 24319
5920 24362.4
5930 24405.8
5940 24449.1
5950 24492.1
5960 24535
5970 24578
5980 24621.1
5990 24664.2
6000 24707.2
6010 24750
6020 24792.6
6030 24835.2
6040 24877.7
6050 24920.2
6060 24962.9
6070 25005.5
6080 25048
6090 25090.6
6100 25133.4
6110 25176.4
6120 25219.4
6130 25262.4
6140 25305.3
6150 25347.8
6160 25390.2
6170 25432.9
6180 25475.5
6190 25518.3
6200 25561.1
6210 25604
6220 25647
6230 25690.2
6240 25733.5
6250 25776.8
6260 25820.1
6270 25863.6
6280 25907.1
6290 25950.4
6300 25993.9
6310 26037.2
6320 26080.5
6330 26123.8
6340 26167.1
6350 26210.4
6360 26253.7
6370 26297
6380 26340.1
6390 26383
6400 26425.8
6410 26468.7
6420 26511.7
6430 26554.6
6440 26597.3
6450 26639.9
6460 26682.4
6470 26725.1
6480 26767.7
6490 26810.6
6500 26853.4
6510 26896.2
6520 26939
6530 26982
6540 27025.2
6550 27068.5
6560 27111.8
6570 27155.1
6580 27198.4
6590 27241.9
6600 27285.4
6610 27329
6620 27372.8
6630 27416.5
6640 27460.2
6650 27503.7
6660 27547.2
6670 27590.5
6680 27633.5
6690 27676.7
6700 27719.6
6710 27762.3
6720 27804.9
6730 27847.5
6740 27890.2
6750 27933.1
6760 27975.8
6770 28018.5
6780 28061
6790 28103.4
6800 28145.5
6810 28187.6
6820 28230
6830 28272.3
6840 28314.6
6850 28357
6860 28399.5
6870 28442.1
6880 28484.8
6890 28527.6
6900 28570.5
6910 28613.2
6920 28656.1
6930 28699.1
6940 28741.9
6950 28784.7
6960 28827.4
6970 28870.1
6980 28912.7
6990 28955.2
7000 28997.7
7010 29039.9
7020 29082.2
7030 29124.9
7040 29167.5
7050 29210.1
7060 29252.6
7070 29295.2
7080 29337.8
7090 29380.3
7100 29422.5
7110 29464.7
7120 29506.9
7130 29549.1
7140 29591.4
7150 29633.6
7160 29675.9
7170 29718.1
7180 29760.5
7190 29803
7200 29845.5
7210 29887.9
7220 29930.1
7230 29972.4
7240 30014.6
7250 30057
7260 30099.2
7270 30141.6
7280 30184
7290 30226.5
7300 30269
7310 30311.5
7320 30354
7330 30396.4
7340 30438.8
7350 30481
7360 30522.9
7370 30564.6
7380 30605.9
7390 30647.2
7400 30688.6
7410 30730.1
7420 30771.5
7430 30813
7440 30854.5
7450 30895.7
7460 30936.9
7470 30978.1
7480 31019
7490 31059.7
7500 31100.5
7510 31141.4
7520 31182.5
7530 31223.6
7540 31264.5
7550 31305.2
7560 31345.9
7570 31386.6
7580 31427.4
7590 31468.2
7600 31508.9
7610 31549.6
7620 31590.5
7630 31631.4
7640 31672.6
7650 31713.8
7660 31755.2
7670 31796.3
7680 31837.5
7690 31878.8
7700 31920.2
7710 31961.6
7720 32003
7730 32044.3
7740 32085.8
7750 32127.4
7760 32168.9
7770 32210.3
7780 32251.8
7790 32293.2
7800 32334.4
7810 32375.7
7820 32416.8
7830 32457.9
7840 32498.9
7850 32539.7
7860 32580.7
7870 32621.5
7880 32662.1
7890 32702.6
7900 32743.1
7910 32783.8
7920 32824.4
7930 32865.2
7940 32905.7
7950 32945.9
7960 32986.2
7970 33026.1
7980 33065.8
7990 33105.4
8000 33145.1
8010 33184.7
8020 33224.3
8030 33264.1
8040 33304
8050 33343.9
8060 33384
8070 33424.2
8080 33464.4
8090 33504.5
8100 33544.8
8110 33585
8120 33625.3
8130 33665.6
8140 33706.1
8150 33746.7
8160 33787.1
8170 33827.7
8180 33868.4
8190 33909.2
8200 33950.2
8210 33991.1
8220 34032.2
8230 34073.4
8240 34114.5
8250 34155.4
8260 34196.3
8270 34237.1
8280 34277.8
8290 34318.3
8300 34358.8
8310 34399
8320 34438.8
8330 34478.6
8340 34518.6
8350 34558.7
8360 34599.2
8370 34640.2
8380 34681.3
8390 34722.2
8400 34763.1
8410 34804.1
8420 34845.1
8430 34885.9
8440 34926.7
8450 34967.4
8460 35008
8470 35048.6
8480 35089.5
8490 35130.2
8500 35170.9
8510 35211.7
8520 35252.6
8530 35293.3
8540 35333.9
8550 35374.6
8560 35415
8570 35455.4
8580 35495.7
8590 35536.2
8600 35576.8
8610 35617.4
8620 35657.7
8630 35698.3
8640 35738.8
8650 35779.2
8660 35819.4
8670 35859.7
8680 35899.9
8690 35939.9
8700 35980
8710 36020.1
8720 36060.4
8730 36100.4
8740 36140.5
8750 36180.7
8760 36221.1
8770 36261.9
8780 36302.6
8790 36343
8800 36383.3
8810 36423.8
8820 36464.3
8830 36504.6
8840 36545
8850 36585.5
8860 36626
8870 36666.5
8880 36707.2
8890 36747.9
8900 36788.5
8910 36829
8920 36869.5
8930 36909.8
8940 36950.2
8950 36990.6
8960 37031.2
8970 37071.8
8980 37112.3
8990 37153.1
9000 37194
9010 37235.1
9020 37276.2
9030 37317.1
9040 37358.1
9050 37399
9060 37439.9
9070 37480.9
9080 37522.3
9090 37563.7
9100 37604.8
9110 37645.6
9120 37686.3
9130 37727
9140 37767.9
9150 37808.7
9160 37849.4
9170 37889.9
9180 37930.2
9190 37970.4
9200 38010.4
9210 38050.3
9220 38090.1
9230 38129.8
9240 38169.5
9250 38209.2
9260 38248.9
9270 38288.7
9280 38328.3
9290 38368
9300 38407.5
9310 38446.9
9320 38486.3
9330 38525.7
9340 38565
9350 38604.4
9360 38643.9
9370 38683.4
9380 38722.9
9390 38762.3
9400 38801.8
9410 38841.2
9420 38880.5
9430 38919.6
9440 38958.6
9450 38997.7
9460 39036.9
9470 39075.9
9480 39114.9
9490 39153.8
9500 39193
9510 39231.9
9520 39270.8
9530 39309.5
9540 39348.3
9550 39387.2
9560 39426.2
9570 39465
9580 39503.7
9590 39542.4
9600 39581.1
9610 39619.7
9620 39658.3
9630 39697
9640 39735.8
9650 39774.5
9660 39813
9670 39851.6
9680 39890.2
9690 39928.8
9700 39967.6
9710 40006.4
9720 40044.8
9730 40083.1
9740 40121.5
9750 40160
9760 40198.2
9770 40236.5
9780 40274.8
9790 40313
9800 40351
9810 40388.9
9820 40426.7
9830 40464.3
9840 40502.2
9850 40540.1
9860 40578
9870 40615.7
9880 40653.3
9890 40690.6
9900 40727.9
9910 40765.3
9920 40802.8
9930 40840.3
9940 40877.9
9950 40915.4
9960 40952.8
9970 40990.2
9980 41027.9
9990 41065.8
