10 37.7674
20 73.123
30 107.517
40 141.733
50 175.832
60 209.807
70 243.764
80 277.745
90 311.711
100 345.614
110 379.546
120 413.528
130 447.557
140 481.592
150 515.517
160 549.396
170 583.21
180 616.995
190 650.715
200 684.295
210 717.943
220 751.621
230 785.3
240 819.007
250 852.648
260 886.214
270 919.757
280 953.315
290 986.827
300 1020.42
310 1054
320 1087.53
330 1121.05
340 1154.71
350 1188.49
360 1222.15
370 1255.72
380 1289.39
390 1322.97
400 1356.44
410 1389.81
420 1423.1
430 1456.3
440 1489.53
450 1522.72
460 1556.05
470 1589.31
480 1622.64
490 1655.96
500 1689.26
510 1722.46
520 1755.58
530 1788.69
540 1821.81
550 1854.92
560 1888.01
570 1921.09
580 1954.02
590 1986.88
600 2019.75
610 2052.6
620 2085.43
630 2118.26
640 2150.98
650 2183.57
660 2216.11
670 2248.48
680 2280.78
690 2313.08
700 2345.49
710 2377.83
720 2410.09
730 2442.37
740 2474.73
750 2507.17
760 2539.6
770 2571.84
780 2604.09
790 2636.32
800 2668.57
810 2700.87
820 2733.05
830 2765.01
840 2797.01
850 2829.04
860 2861.04
870 2892.98
880 2924.96
890 2956.97
900 2988.89
910 3020.87
920 3052.91
930 3084.93
940 3116.96
950 3149.06
960 3181.21
970 3213.37
980 3245.5
990 3277.67
1000 3309.96
1010 3342.38
1020 3374.85
1030 3407.25
1040 3439.54
1050 3471.81
1060 3504.06
1070 3536.25
1080 3568.42
1090 3600.69
1100 3632.95
1110 3665.19
1120 3697.52
1130 3729.81
1140 3762.18
1150 3794.51
1160 3826.62
1170 3858.69
1180 3890.88
1190 3923.1
1200 3955.17
1210 3987.25
1220 4019.2
1230 4051.04
1240 4082.95
1250 4114.84
1260 4146.6
1270 4178.25
1280 4209.93
1290 4241.59
1300 4273.36
1310 4305.13
1320 4336.8
1330 4368.4
1340 4400.12
1350 4431.74
1360 4463.31
1370 4494.89
1380 4526.64
1390 4558.36
1400 4590
1410 4621.64
1420 4653.3
1430 4685.02
1440 4716.67
1450 4748.22
1460 4779.78
1470 4811.38
1480 4843.08
1490 4874.64
1500 4906.06
1510 4937.41
1520 4968.75
1530 5000.09
1540 5031.48
1550 5062.87
1560 5094.34
1570 5125.91
1580 5157.52
1590 5189.13
1600 5220.65
1610 5252.15
1620 5283.71
1630 5315.26
1640 5346.77
1650 5378.31
1660 5409.85
1670 5441.31
1680 5472.75
1690 5504.11
1700 5535.42
1710 5566.74
1720 5598
1730 5629.34
1740 5660.75
1750 5692.12
1760 5723.49
1770 5754.89
1780 5786.29
1790 5817.79
1800 5849.36
1810 5880.84
1820 5912.23
1830 5943.67
1840 5975.2
1850 6006.77
1860 6038.37
1870 6069.96
1880 6101.52
1890 6133
1900 6164.42
1910 6195.94
1920 6227.52
1930 6259.08
1940 6290.66
1950 6322.18
1960 6353.72
1970 6385.3
1980 6416.88
1990 6448.59
2000 6480.23
2010 6511.96
2020 6543.75
2030 6575.43
2040 6607.2
2050 6638.9
2060 6670.65
2070 6702.49
2080 6734.36
2090 6766.24
2100 6798.14
2110 6829.88
2120 6861.6
2130 6893.43
2140 6925.49
2150 6957.6
2160 6989.72
2170 7021.87
2180 7054.05
2190 7086.1
2200 7118.22
2210 7150.4
2220 7182.66
2230 7214.98
2240 7247.31
2250 7279.61
2260 7311.84
2270 7344.07
2280 7376.44
2290 7408.81
2300 7441.16
2310 7473.3
2320 7505.36
2330 7537.49
2340 7569.64
2350 7601.81
2360 7633.96
2370 7666.14
2380 7698.35
2390 7730.55
2400 7762.76
2410 7794.81
2420 7826.82
2430 7858.96
2440 7891.15
2450 7923.31
2460 7955.49
2470 7987.69
2480 8019.92
2490 8052.15
2500 8084.31
2510 8116.41
2520 8148.45
2530 8180.57
2540 8212.81
2550 8244.98
2560 8277.22
2570 8309.42
2580 8341.52
2590 8373.59
2600 8405.77
2610 8438
2620 8470.27
2630 8502.64
2640 8534.98
2650 8567.2
2660 8599.43
2670 8631.74
2680 8663.98
2690 8696.09
2700 8728.19
2710 8760.31
2720 8792.52
2730 8824.65
2740 8856.75
2750 8888.91
2760 8921.04
2770 8953.22
2780 8985.54
2790 9017.89
2800 9050.26
2810 9082.56
2820 9114.75
2830 9147.03
2840 9179.29
2850 9211.45
2860 9243.63
2870 9275.89
2880 9308.1
2890 9340.2
2900 9372.16
2910 9404.02
2920 9435.81
2930 9467.81
2940 9499.8
2950 9531.75
2960 9563.65
2970 9595.55
2980 9627.61
2990 9659.7
3000 9691.82
3010 9724.09
3020 9756.46
3030 9788.87
3040 9821.39
3050 9854
3060 9886.62
3070 9919.14
3080 9951.71
3090 9984.34
3100 10017.1
3110 10049.7
3120 10082.4
3130 10115
3140 10147.7
3150 10180.5
3160 10213.1
3170 10245.8
3180 10278.7
3190 10311.5
3200 10344.5
3210 10377.6
3220 10410.7
3230 10444
3240 10477.3
3250 10510.8
3260 10544.4
3270 10578.1
3280 10612
3290 10646
3300 10679.9
3310 10713.9
3320 10747.8
3330 10781.7
3340 10815.6
3350 10849.6
3360 10883.5
3370 10917.3
3380 10951
3390 10984.9
3400 11018.7
3410 11052.4
3420 11086
3430 11119.7
3440 11153.4
3450 11187
3460 11220.6
3470 11254.2
3480 11287.7
3490 11321.3
3500 11354.9
3510 11388.4
3520 11422
3530 11455.6
3540 11489.2
3550 11522.9
3560 11556.6
3570 11590.3
3580 11624.1
3590 11658
3600 11692
3610 11725.9
3620 11759.8
3630 11793.5
3640 11827
3650 11860.3
3660 11893.5
3670 11926.7
3680 11959.8
3690 11993.1
3700 12026.2
3710 12059.2
3720 12092.3
3730 12125.5
3740 12158.6
3750 12191.8
3760 12224.9
3770 12258
3780 12291.1
3790 12324.2
3800 12357.4
3810 12390.8
3820 12424.3
3830 12457.7
3840 12491
3850 12524.4
3860 12557.8
3870 12591.3
3880 12624.5
3890 12657.8
3900 12691.3
3910 12724.6
3920 12757.8
3930 12790.9
3940 12824
3950 12857.1
3960 12890.2
3970 12923.4
3980 12956.6
3990 12989.7
4000 13022.8
4010 13055.8
4020 13089
4030 13122.1
4040 13155
4050 13187.9
4060 13220.8
4070 13253.9
4080 13286.9
4090 13319.8
4100 13352.7
4110 13385.5
4120 13418.2
4130 13450.9
4140 13483.6
4150 13516.5
4160 13549.5
4170 13582.5
4180 13615.5
4190 13648.6
4200 13681.5
4210 13714.5
4220 13747.5
4230 13780.5
4240 13813.3
4250 13846.3
4260 13879.3
4270 13912.5
4280 13945.7
4290 13978.9
4300 14012
4310 14045
4320 14077.9
4330 14110.6
4340 14143.5
4350 14176.3
4360 14209.1
4370 14242
4380 14274.9
4390 14307.8
4400 14340.6
4410 14373.5
4420 14406.3
4430 14439.1
4440 14471.7
4450 14504.4
4460 14537.2
4470 14569.9
4480 14602.7
4490 14635.3
4500 14668
4510 14700.7
4520 14733.3
4530 14765.9
4540 14798.6
4550 14831.3
4560 14864.1
4570 14896.9
4580 14929.5
4590 14962
4600 14994.4
4610 15026.8
4620 15059.2
4630 15091.6
4640 15123.9
4650 15156.1
4660 15188.3
4670 15220.5
4680 15252.7
4690 15284.9
4700 15317.1
4710 15349.5
4720 15381.9
4730 15414.3
4740 15446.8
4750 15479.3
4760 15511.7
4770 15544.2
4780 15576.7
4790 15609.2
4800 15641.8
4810 15674.4
4820 15707
4830 15739.6
4840 15772.2
4850 15804.9
4860 15837.4
4870 15869.9
4880 15902.3
4890 15934.7
4900 15967
4910 15999.4
4920 16031.9
4930 16064.5
4940 16096.9
4950 16129.2
4960 16161.5
4970 16193.8
4980 16226.3
4990 16258.9
5000 16291.5
5010 16324
5020 16356.4
5030 16388.8
5040 16421.4
5050 16454
5060 16486.7
5070 16519.3
5080 16551.8
5090 16584.3
5100 16616.9
5110 16649.5
5120 16682.1
5130 16714.5
5140 16746.9
5150 16779.1
5160 16811.4
5170 16843.7
5180 16875.9
5190 16908.2
5200 16940.5
5210 16972.8
5220 17005.2
5230 17037.7
5240 17070.2
5250 17102.7
5260 17135.1
5270 17167.5
5280 17200
5290 17232.6
5300 17265.2
5310 17297.9
5320 17330.6
5330 17363.2
5340 17395.8
5350 17428.5
5360 17461.1
5370 17493.7
5380 17526.2
5390 17558.9
5400 17591.5
5410 17624.2
5420 17657
5430 17689.9
5440 17722.9
5450 17755.9
5460 17788.9
5470 17821.8
5480 17854.8
5490 17887.8
5500 17920.6
5510 17953.4
5520 17986.2
5530 18018.9
5540 18051.7
5550 18084.5
5560 18117.4
5570 18150.1
5580 18182.9
5590 18215.7
5600 18248.5
5610 18281.2
5620 18314
5630 18346.9
5640 18379.8
5650 18412.6
5660 18445.2
5670 18477.7
5680 18510.2
5690 18542.6
5700 18575.1
5710 18607.6
5720 18640.2
5730 18672.7
5740 18705.2
5750 18737.7
5760 18770.3
5770 18802.8
5780 18835.5
5790 18868.2
5800 18900.8
5810 18933.3
5820 18965.8
5830 18998.2
5840 19030.7
5850 19063.1
5860 19095.6
5870 19128.2
5880 19160.8
5890 19193.4
5900 19226
5910 19258.5
5920 19291
5930 19323.8
5940 19356.5
5950 19389.1
5960 19421.8
5970 19454.5
5980 19487.2
5990 19519.8
6000 19552.4
6010 19585.1
6020 19617.8
6030 19650.6
6040 19683.6
6050 19716.5
6060 19749.3
6070 19782.1
6080 19814.8
6090 19847.7
6100 19880.7
6110 19913.7
6120 19946.8
6130 19979.9
6140 20012.8
6150 20045.9
6160 20079.1
6170 20112.3
6180 20145.5
6190 20178.7
6200 20212
6210 20245.3
6220 20278.5
6230 20311.6
6240 20344.9
6250 20378.3
6260 20411.6
6270 20444.9
6280 20478.1
6290 20511.3
6300 20544.5
6310 20577.7
6320 20611
6330 20644.4
6340 20677.9
6350 20711.6
6360 20745.4
6370 20779.1
6380 20813
6390 20846.8
6400 20880.5
6410 20914.3
6420 20948
6430 20981.7
6440 21015.4
6450 21049
6460 21082.7
6470 21116.4
6480 21150
6490 21183.6
6500 21217.1
6510 21250.7
6520 21284.2
6530 21317.7
6540 21351.2
6550 21384.6
6560 21418.1
6570 21451.3
6580 21484.7
6590 21518.1
6600 21551.5
6610 21584.9
6620 21618.4
6630 21651.8
6640 21685.1
6650 21718.4
6660 21751.6
6670 21785
6680 21818.3
6690 21851.4
6700 21884.2
6710 21917.1
6720 21950.1
6730 21983.2
6740 22016.4
6750 22049.6
6760 22082.9
6770 22116.2
6780 22149.3
6790 22182.4
6800 22215.4
6810 22248.4
6820 22281.2
6830 22314.1
6840 22347
6850 22379.8
6860 22412.7
6870 22445.6
6880 22478.5
6890 22511.3
6900 22544
6910 22576.7
6920 22609.4
6930 22642.1
6940 22674.8
6950 22707.6
6960 22740.4
6970 22773.3
6980 22806.1
6990 22838.9
7000 22871.6
7010 22904.5
7020 22937.3
7030 22970.2
7040 23003.3
7050 23036.2
7060 23069.3
7070 23102.4
7080 23135.5
7090 23168.6
7100 23201.7
7110 23234.9
7120 23268.2
7130 23301.4
7140 23334.7
7150 23368
7160 23401.4
7170 23434.9
7180 23468.3
7190 23501.8
7200 23535.4
7210 23568.9
7220 23602.4
7230 23635.9
7240 23669.3
7250 23702.7
7260 23736.1
7270 23769.6
7280 23803.1
7290 23836.6
7300 23870.1
7310 23903.5
7320 23937
7330 23970.7
7340 24004.3
7350 24038
7360 24071.6
7370 24105.3
7380 24138.9
7390 24172.5
7400 24206.1
7410 24239.6
7420 24273.1
7430 24306.5
7440 24339.7
7450 24373
7460 24406
7470 24439.1
7480 24472.1
7490 24505.2
7500 24538
7510 24570.8
7520 24603.6
7530 24636.3
7540 24669.1
7550 24701.9
7560 24734.6
7570 24767.4
7580 24800.3
7590 24833.2
7600 24866.2
7610 24899.3
7620 24932.1
7630 24965
7640 24998
7650 25031
7660 25064.1
7670 25097.1
7680 25130.1
7690 25163.1
7700 25196
7710 25229
7720 25261.9
7730 25295
7740 25328.2
7750 25361.4
7760 25394.5
7770 25427.5
7780 25460.3
7790 25493.1
7800 25525.9
7810 25558.7
7820 25591.5
7830 25624.2
7840 25657
7850 25689.6
7860 25722.1
7870 25754.7
7880 25787.2
7890 25819.6
7900 25852
7910 25884.6
7920 25917.2
7930 25949.7
7940 25982
7950 26014.2
7960 26046.4
7970 26078.6
7980 26110.8
7990 26143.1
8000 26175.4
8010 26207.7
8020 26240
8030 26272.2
8040 26304.4
8050 26336.7
8060 26368.7
8070 26400.8
8080 26432.9
8090 26464.9
8100 26496.8
8110 26528.7
8120 26560.5
8130 26592.3
8140 26624.2
8150 26656.1
8160 26688
8170 26719.9
8180 26751.8
8190 26783.8
8200 26815.7
8210 26847.6
8220 26879.5
8230 26911.5
8240 26943.6
8250 26975.7
8260 27007.7
8270 27039.7
8280 27071.6
8290 27103.5
8300 27135.4
8310 27167.2
8320 27199.1
8330 27231.1
8340 27263.1
8350 27295.2
8360 27327.4
8370 27359.6
8380 27391.7
8390 27423.6
8400 27455.6
8410 27487.5
8420 27519.3
8430 27551.2
8440 27583.1
8450 27614.9
8460 27646.7
8470 27678.5
8480 27710.4
8490 27742.4
8500 27774.3
8510 27806.1
8520 27838
8530 27870
8540 27902.2
8550 27934.5
8560 27966.9
8570 27999.4
8580 28031.9
8590 28064.3
8600 28096.5
8610 28128.8
8620 28161
8630 28193.3
8640 28225.7
8650 28258
8660 28290.4
8670 28322.7
8680 28354.9
8690 28387.2
8700 28419.5
8710 28451.9
8720 28484.3
8730 28516.6
8740 28549.1
8750 28581.7
8760 28614.3
8770 28647
8780 28679.8
8790 28712.5
8800 28745.3
8810 28778.1
8820 28810.9
8830 28843.6
8840 28876.3
8850 28909
8860 28941.8
8870 28974.8
8880 29007.7
8890 29040.8
8900 29073.7
8910 29106.5
8920 29139.5
8930 29172.6
8940 29205.7
8950 29238.7
8960 29272
8970 29305.3
8980 29338.7
8990 29372.2
9000 29405.7
9010 29439
9020 29472.2
9030 29505.4
9040 29538.7
9050 29572
9060 29605.6
9070 29639.2
9080 29672.7
9090 29706.3
9100 29739.9
9110 29773.5
9120 29807.1
9130 29840.7
9140 29874.1
9150 29907.6
9160 29941.1
9170 29974.6
9180 30007.9
9190 30041.1
9200 30074.2
9210 30107.1
9220 30140
9230 30172.8
9240 30205.8
9250 30238.8
9260 30271.7
9270 30304.7
9280 30337.8
9290 30370.7
9300 30403.5
9310 30436.3
9320 30469
9330 30501.7
9340 30534.5
9350 30567.2
9360 30599.8
9370 30632.5
9380 30665.1
9390 30697.8
9400 30730.2
9410 30762.7
9420 30795.1
9430 30827.6
9440 30860.1
9450 30892.6
9460 30925.1
9470 30957.7
9480 30990.2
9490 31022.7
9500 31055.2
9510 31087.8
9520 31120.3
9530 31153
9540 31185.6
9550 31218.1
9560 31250.5
9570 31282.9
9580 31315.3
9590 31347.7
9600 31379.9
9610 31412.1
9620 31444.3
9630 31476.6
9640 31508.8
9650 31541.2
9660 31573.7
9670 31606.3
9680 31639
9690 31671.6
9700 31704.2
9710 31736.8
9720 31769.4
9730 31801.9
9740 31834.6
9750 31867.2
9760 31899.9
9770 31932.8
9780 31965.8
9790 31998.7
9800 32031.8
9810 32065
9820 32098.2
9830 32131.4
9840 32164.6
9850 32197.9
9860 32231.1
9870 32264.5
9880 32297.7
9890 32331.1
9900 32364.5
9910 32397.9
9920 32431.4
9930 32464.8
9940 32498.3
9950 32531.8
9960 32565.3
9970 32598.8
9980 32632.2
9990 32665.8
