0.01 0
0.03 0
0.05 0
0.07 0
0.09 0
0.11 0
0.13 0
0.15 0
0.17 0
0.19 0
0.21 0
0.23 0
0.25 0
0.27 0
0.29 0
0.31 0
0.33 0
0.35 0
0.37 0
0.39 0
0.41 0
0.43 0
0.45 0
0.47 0
0.49 0
0.51 0
0.53 0
0.55 0
0.57 0
0.59 0
0.61 0
0.63 0
0.65 0
0.67 0
0.69 0
0.71 0
0.73 0
0.75 0
0.77 0
0.79 0
0.81 0
0.83 0
0.85 0
0.87 0
0.89 0
0.91 0
0.93 0
0.95 0
0.97 0
0.99 0
1.01 0
1.03 0
1.05 0
1.07 0
1.09 0
1.11 0
1.13 0
1.15 0
1.17 0
1.19 0
1.21 0
1.23 0
1.25 0
1.27 0
1.29 0
1.31 0
1.33 0
1.35 0
1.37 0
1.39 0
1.41 0
1.43 0
1.45 0
1.47 0
1.49 0
1.51 0
1.53 0
1.55 0
1.57 0
1.59 0
1.61 0
1.63 0
1.65 0
1.67 0
1.69 0
1.71 0
1.73 0
1.75 0
1.77 0
1.79 0
1.81 0
1.83 0
1.85 0
1.87 0
1.89 0
1.91 0
1.93 0
1.95 0
1.97 0
1.99 0
2.01 0
2.03 0
2.05 0
2.07 0
2.09 0
2.11 0
2.13 0
2.15 0
2.17 0
2.19 0
2.21 0
2.23 0
2.25 0.00828475
2.27 0.0453482
2.29 0.123396
2.31 0.345839
2.33 0.80236
2.35 1.29326
2.37 2.07477
2.39 2.68529
2.41 3.09481
2.43 3.56462
2.45 3.78515
2.47 3.8282
2.49 4.00372
2.51 3.94397
2.53 3.75737
2.55 3.42499
2.57 2.97274
2.59 2.56169
2.61 2.08016
2.63 1.74027
2.65 1.47861
2.67 1.30358
2.69 1.11369
2.71 1.08671
2.73 0.959097
2.75 0.884984
2.77 0.786353
2.79 0.705074
2.81 0.624503
2.83 0.589523
2.85 0.536281
2.87 0.518649
2.89 0.49643
2.91 0.506611
2.93 0.521355
2.95 0.488835
2.97 0.526425
2.99 0.560289
3.01 0.619661
3.03 0.629129
3.05 0.626058
3.07 0.684043
3.09 0.684002
3.11 0.718597
3.13 0.728402
3.15 0.710728
3.17 0.748892
3.19 0.743064
3.21 0.772211
3.23 0.773015
3.25 0.766934
3.27 0.794564
3.29 0.778844
3.31 0.779304
3.33 0.802932
3.35 0.792839
3.37 0.829884
3.39 0.796137
3.41 0.825987
3.43 0.826059
3.45 0.819529
3.47 0.819564
3.49 0.831351
3.51 0.82628
3.53 0.830888
3.55 0.851981
3.57 0.816604
3.59 0.875871
3.61 0.835849
3.63 0.842579
3.65 0.864852
3.67 0.874136
3.69 0.858525
3.71 0.918508
3.73 0.903086
3.75 0.924156
3.77 0.930397
3.79 0.919352
3.81 0.952652
3.83 0.947222
3.85 0.974191
3.87 0.959747
3.89 0.999003
3.91 0.968429
3.93 0.988081
3.95 1.04876
3.97 1.03062
3.99 1.0666
4.01 1.01985
4.03 1.09276
4.05 1.04619
4.07 1.06053
4.09 1.07956
4.11 1.1386
4.13 1.12795
4.15 1.13415
4.17 1.14397
4.19 1.14263
4.21 1.17473
4.23 1.20316
4.25 1.20315
4.27 1.16496
4.29 1.21239
4.31 1.18923
4.33 1.21854
4.35 1.22509
4.37 1.19696
4.39 1.21437
4.41 1.22187
4.43 1.24933
4.45 1.26324
4.47 1.26815
4.49 1.24053
4.51 1.24811
4.53 1.27274
4.55 1.21382
4.57 1.21957
4.59 1.26158
4.61 1.26081
4.63 1.21947
4.65 1.20402
4.67 1.21406
4.69 1.16777
4.71 1.17732
4.73 1.1706
4.75 1.18811
4.77 1.18396
4.79 1.13179
4.81 1.12913
4.83 1.09977
4.85 1.08282
4.87 1.08203
4.89 1.04488
4.91 1.02148
4.93 1.02405
4.95 1.00454
4.97 1.01394
4.99 0.970938
5.01 1.01572
5.03 0.987053
5.05 0.941425
5.07 0.92562
5.09 0.923449
5.11 0.914628
5.13 0.89476
5.15 0.906575
5.17 0.910783
5.19 0.874414
5.21 0.876323
5.23 0.875109
5.25 0.856281
5.27 0.870289
5.29 0.860724
5.31 0.844264
5.33 0.8565
5.35 0.87167
5.37 0.847528
5.39 0.864143
5.41 0.877009
5.43 0.8604
5.45 0.849053
5.47 0.868888
5.49 0.867738
5.51 0.855135
5.53 0.870513
5.55 0.883507
5.57 0.884706
5.59 0.873785
5.61 0.893457
5.63 0.8892
5.65 0.892113
5.67 0.90335
5.69 0.902562
5.71 0.914444
5.73 0.928693
5.75 0.929855
5.77 0.944297
5.79 0.930457
5.81 0.948202
5.83 0.927781
5.85 0.913044
5.87 0.968042
5.89 0.954052
5.91 0.950351
5.93 0.985185
5.95 0.973665
5.97 0.982282
5.99 0.982914
6.01 1.00276
6.03 0.995129
6.05 0.978084
6.07 0.996368
6.09 0.990157
6.11 0.997328
6.13 1.02129
6.15 0.992317
6.17 0.99943
6.19 1.01847
6.21 1.00881
6.23 1.0184
6.25 1.00959
6.27 1.03075
6.29 1.0289
6.31 1.0275
6.33 1.01564
6.35 1.03511
6.37 1.04191
6.39 1.01749
6.41 1.04892
6.43 1.03907
6.45 1.03163
6.47 1.0161
6.49 1.03375
6.51 1.01935
6.53 1.00932
6.55 1.03529
6.57 1.04607
6.59 1.01572
6.61 1.04167
6.63 1.03485
6.65 1.02281
6.67 1.03635
6.69 1.03391
6.71 1.04373
6.73 1.03211
6.75 1.0431
6.77 1.02557
6.79 1.0285
6.81 1.00761
6.83 1.02497
6.85 1.00865
6.87 1.00545
6.89 1.00959
6.91 1.03914
6.93 1.03964
6.95 1.02412
6.97 1.00394
6.99 1.0215
7.01 1.03251
7.03 1.03149
7.05 1.00588
7.07 1.01734
7.09 0.997421
7.11 0.991462
7.13 0.998283
7.15 0.987666
7.17 1.00244
7.19 1.01159
7.21 1.00795
7.23 1.0002
7.25 0.995945
7.27 0.998409
7.29 0.9926
7.31 0.980224
7.33 0.96663
7.35 0.985333
7.37 0.999738
7.39 0.980291
7.41 1.00894
7.43 0.959128
7.45 1.01077
7.47 0.972828
7.49 0.984301
7.51 0.980234
7.53 0.977782
7.55 0.979125
7.57 0.991733
7.59 0.987762
7.61 0.994888
7.63 0.990812
7.65 0.995671
7.67 1.00668
7.69 0.987671
7.71 0.987492
7.73 0.988706
7.75 0.994084
7.77 0.994432
7.79 0.986962
7.81 0.990362
7.83 0.989023
7.85 0.989921
7.87 0.99012
7.89 1.00551
7.91 0.983674
7.93 0.989867
7.95 0.978825
7.97 0.992407
7.99 0.997769
8.01 0.978784
8.03 0.995008
8.05 0.997005
8.07 1.00237
8.09 1.00887
8.11 0.991599
8.13 1.0006
8.15 0.993887
8.17 1.01263
8.19 0.997958
8.21 1.00777
8.23 1.01057
8.25 1.00066
8.27 0.999595
8.29 0.986233
8.31 1.0155
8.33 1.01072
8.35 1.00795
8.37 0.990905
8.39 1.00312
8.41 1.00734
8.43 1.00138
8.45 1.01251
8.47 0.993035
8.49 1.0079
8.51 1.0164
8.53 1.00217
8.55 1.0115
8.57 1.0085
8.59 1.02484
8.61 1.01354
8.63 0.982781
8.65 1.01732
8.67 1.03208
8.69 1.00433
8.71 1.00714
8.73 1.00324
8.75 0.994826
8.77 1.00938
8.79 1.00324
8.81 0.99954
8.83 0.991867
8.85 1.01516
8.87 0.995278
8.89 0.993686
8.91 1.001
8.93 1.00637
8.95 0.998733
8.97 1.00382
8.99 0.991793
9.01 1.00585
9.03 0.99662
9.05 0.996902
9.07 0.986829
9.09 1.00047
9.11 0.991827
9.13 0.996328
9.15 0.994554
9.17 0.992714
9.19 0.994783
9.21 0.977117
9.23 1.00179
9.25 0.996345
9.27 0.993305
9.29 0.986464
9.31 1.00504
9.33 0.993855
9.35 0.998175
9.37 0.994874
9.39 0.984117
9.41 0.992795
9.43 0.994585
9.45 0.978503
9.47 0.991078
9.49 0.993358
9.51 0.980704
9.53 0.981936
9.55 1.00371
9.57 0.98624
9.59 0.977375
9.61 0.993618
9.63 0.982324
9.65 0.999618
9.67 0.984594
9.69 0.991063
9.71 0.994356
9.73 0.99812
9.75 0.990626
9.77 0.985884
9.79 0.993925
9.81 1.00986
9.83 0.981016
9.85 0.996984
9.87 0.977509
9.89 0.981401
9.91 0.984277
9.93 0.968224
9.95 0.954289
9.97 0.962821
9.99 0.941079
10.01 0
