0.01 0
0.03 0
0.05 0
0.07 0
0.09 0
0.11 0
0.13 0
0.15 0
0.17 0
0.19 0
0.21 0
0.23 0
0.25 0
0.27 0
0.29 0
0.31 0
0.33 0
0.35 0
0.37 0
0.39 0
0.41 0
0.43 0
0.45 0
0.47 0
0.49 0
0.51 0
0.53 0
0.55 0
0.57 0
0.59 0
0.61 0
0.63 0
0.65 0
0.67 0
0.69 0
0.71 0
0.73 0
0.75 0
0.77 0
0.79 0
0.81 0
0.83 0
0.85 0
0.87 0
0.89 0
0.91 0
0.93 0
0.95 0
0.97 0
0.99 0
1.01 0
1.03 0
1.05 0
1.07 0
1.09 0
1.11 0
1.13 0
1.15 0
1.17 0
1.19 0
1.21 0
1.23 0
1.25 0
1.27 0
1.29 0
1.31 0
1.33 0
1.35 0
1.37 0
1.39 0
1.41 0
1.43 0
1.45 0
1.47 0
1.49 0
1.51 0
1.53 0
1.55 0
1.57 0
1.59 0
1.61 0
1.63 0
1.65 0
1.67 0
1.69 0
1.71 0
1.73 0
1.75 0
1.77 0
1.79 0
1.81 0
1.83 0
1.85 0
1.87 0
1.89 0
1.91 0
1.93 0
1.95 0
1.97 0
1.99 0
2.01 0
2.03 0
2.05 0
2.07 0
2.09 0
2.11 0
2.13 0
2.15 0
2.17 0
2.19 0
2.21 0
2.23 0
2.25 1.08121e-05
2.27 3.04502e-05
2.29 0.000166476
2.31 0.000431696
2.33 0.00113866
2.35 0.00200544
2.37 0.00384005
2.39 0.00546419
2.41 0.00685925
2.43 0.010085
2.45 0.0171632
2.47 0.0353585
2.49 0.0762953
2.51 0.155065
2.53 0.294258
2.55 0.49976
2.57 0.788251
2.59 1.14589
2.61 1.55329
2.63 1.97021
2.65 2.37294
2.67 2.71281
2.69 2.97355
2.71 3.13844
2.73 3.21767
2.75 3.21164
2.77 3.14007
2.79 3.00652
2.81 2.83533
2.83 2.63218
2.85 2.42604
2.87 2.22669
2.89 2.03488
2.91 1.84604
2.93 1.68286
2.95 1.53337
2.97 1.40446
2.99 1.28576
3.01 1.18984
3.03 1.10528
3.05 1.03081
3.07 0.979331
3.09 0.929313
3.11 0.890574
3.13 0.85606
3.15 0.828049
3.17 0.808735
3.19 0.791589
3.21 0.780947
3.23 0.776235
3.25 0.767935
3.27 0.766347
3.29 0.763264
3.31 0.763962
3.33 0.765027
3.35 0.770625
3.37 0.772263
3.39 0.779161
3.41 0.784952
3.43 0.791668
3.45 0.796547
3.47 0.801331
3.49 0.807874
3.51 0.815559
3.53 0.823113
3.55 0.828985
3.57 0.839082
3.59 0.847309
3.61 0.853244
3.63 0.864215
3.65 0.871033
3.67 0.87757
3.69 0.889882
3.71 0.89424
3.73 0.905903
3.75 0.915848
3.77 0.922284
3.79 0.928551
3.81 0.939008
3.83 0.947987
3.85 0.950078
3.87 0.960215
3.89 0.969725
3.91 0.978948
3.93 0.983899
3.95 0.992651
3.97 1.00482
3.99 1.01123
4.01 1.01872
4.03 1.02575
4.05 1.03268
4.07 1.03812
4.09 1.04493
4.11 1.05345
4.13 1.06201
4.15 1.06414
4.17 1.07448
4.19 1.07904
4.21 1.08653
4.23 1.08472
4.25 1.09331
4.27 1.099
4.29 1.10384
4.31 1.10594
4.33 1.10892
4.35 1.11504
4.37 1.11491
4.39 1.1207
4.41 1.1228
4.43 1.12171
4.45 1.12348
4.47 1.12525
4.49 1.1253
4.51 1.12556
4.53 1.12642
4.55 1.125
4.57 1.12312
4.59 1.12237
4.61 1.12049
4.63 1.1162
4.65 1.11537
4.67 1.11365
4.69 1.10856
4.71 1.10774
4.73 1.10211
4.75 1.10317
4.77 1.09357
4.79 1.09069
4.81 1.08531
4.83 1.08112
4.85 1.07663
4.87 1.07071
4.89 1.06778
4.91 1.05897
4.93 1.05604
4.95 1.04842
4.97 1.04336
4.99 1.03988
5.01 1.03303
5.03 1.02756
5.05 1.02401
5.07 1.01417
5.09 1.00831
5.11 1.0056
5.13 0.999593
5.15 0.995903
5.17 0.986806
5.19 0.981872
5.21 0.976573
5.23 0.971985
5.25 0.96638
5.27 0.962301
5.29 0.954521
5.31 0.949212
5.33 0.944458
5.35 0.941043
5.37 0.935813
5.39 0.930948
5.41 0.927699
5.43 0.921307
5.45 0.91609
5.47 0.91339
5.49 0.91014
5.51 0.907492
5.53 0.905409
5.55 0.903164
5.57 0.900351
5.59 0.898616
5.61 0.898635
5.63 0.898245
5.65 0.89639
5.67 0.896729
5.69 0.89918
5.71 0.899682
5.73 0.902009
5.75 0.904007
5.77 0.906395
5.79 0.907222
5.81 0.9116
5.83 0.914878
5.85 0.918097
5.87 0.922212
5.89 0.924152
5.91 0.93075
5.93 0.93446
5.95 0.937484
5.97 0.941526
5.99 0.944269
6.01 0.951924
6.03 0.956416
6.05 0.958182
6.07 0.962367
6.09 0.965636
6.11 0.97133
6.13 0.97287
6.15 0.979839
6.17 0.984448
6.19 0.986089
6.21 0.992382
6.23 0.992518
6.25 0.99866
6.27 0.999083
6.29 1.00438
6.31 1.00746
6.33 1.01081
6.35 1.01406
6.37 1.01698
6.39 1.02066
6.41 1.01973
6.43 1.02345
6.45 1.02684
6.47 1.02998
6.49 1.03138
6.51 1.03331
6.53 1.03513
6.55 1.03861
6.57 1.03788
6.59 1.04063
6.61 1.04076
6.63 1.04348
6.65 1.04367
6.67 1.0438
6.69 1.04506
6.71 1.04666
6.73 1.04677
6.75 1.04802
6.77 1.0494
6.79 1.04667
6.81 1.04936
6.83 1.04789
6.85 1.04731
6.87 1.04663
6.89 1.04816
6.91 1.04659
6.93 1.0477
6.95 1.04615
6.97 1.04718
6.99 1.04577
7.01 1.04283
7.03 1.04231
7.05 1.04012
7.07 1.04171
7.09 1.03942
7.11 1.0385
7.13 1.03591
7.15 1.03484
7.17 1.03095
7.19 1.03158
7.21 1.03012
7.23 1.02817
7.25 1.02646
7.27 1.02653
7.29 1.02296
7.31 1.02011
7.33 1.02082
7.35 1.01844
7.37 1.01577
7.39 1.01566
7.41 1.01456
7.43 1.01167
7.45 1.01199
7.47 1.00943
7.49 1.00765
7.51 1.00538
7.53 1.00665
7.55 1.00497
7.57 1.00267
7.59 1.00154
7.61 0.999527
7.63 0.997599
7.65 0.99692
7.67 0.996505
7.69 0.995109
7.71 0.996318
7.73 0.99549
7.75 0.996456
7.77 0.993902
7.79 0.992585
7.81 0.992447
7.83 0.992149
7.85 0.991101
7.87 0.991726
7.89 0.99002
7.91 0.990546
7.93 0.990893
7.95 0.989995
7.97 0.990157
7.99 0.990666
8.01 0.991151
8.03 0.991085
8.05 0.990207
8.07 0.989664
8.09 0.990478
8.11 0.990441
8.13 0.992268
8.15 0.993753
8.17 0.992881
8.19 0.993698
8.21 0.992693
8.23 0.994055
8.25 0.994678
8.27 0.993994
8.29 0.995075
8.31 0.994627
8.33 0.994739
8.35 0.996935
8.37 0.997218
8.39 0.997099
8.41 0.998461
8.43 0.997627
8.45 0.99741
8.47 0.998295
8.49 0.998935
8.51 0.998781
8.53 1.00096
8.55 1.00094
8.57 1.00177
8.59 1.00214
8.61 1.00135
8.63 1.00255
8.65 1.00104
8.67 1.00326
8.69 1.00259
8.71 1.00228
8.73 1.00231
8.75 1.00386
8.77 1.00359
8.79 1.00473
8.81 1.00368
8.83 1.00452
8.85 1.00439
8.87 1.00521
8.89 1.00489
8.91 1.00446
8.93 1.00417
8.95 1.00511
8.97 1.00384
8.99 1.00402
9.01 1.00498
9.03 1.00362
9.05 1.00368
9.07 1.0042
9.09 1.00436
9.11 1.00455
9.13 1.00445
9.15 1.00317
9.17 1.00334
9.19 1.0038
9.21 1.00364
9.23 1.00416
9.25 1.00333
9.27 1.00423
9.29 1.00279
9.31 1.00237
9.33 1.00283
9.35 1.00234
9.37 1.00315
9.39 1.0026
9.41 1.00317
9.43 1.00177
9.45 1.00239
9.47 1.00141
9.49 1.00261
9.51 1.00281
9.53 1.00218
9.55 1.00202
9.57 1.00109
9.59 1.00271
9.61 1.00078
9.63 1.00218
9.65 1.00153
9.67 1.00108
9.69 1.00163
9.71 1.00143
9.73 1.00121
9.75 1.0019
9.77 1.00098
9.79 1.00182
9.81 1.00136
9.83 1.0016
9.85 1.00051
9.87 1.00008
9.89 0.995698
9.91 0.988576
9.93 0.982281
9.95 0.976426
9.97 0.970258
9.99 0.964234
10.01 0
