0.01 0
0.03 0
0.05 0
0.07 0
0.09 0
0.11 0
0.13 0
0.15 0
0.17 0
0.19 0
0.21 0
0.23 0
0.25 0
0.27 0
0.29 0
0.31 0
0.33 0
0.35 0
0.37 0
0.39 0
0.41 0
0.43 0
0.45 0
0.47 0
0.49 0
0.51 0
0.53 0
0.55 0
0.57 0
0.59 0
0.61 0
0.63 0
0.65 0
0.67 0
0.69 0
0.71 0
0.73 0
0.75 0
0.77 0
0.79 0
0.81 0
0.83 0
0.85 0
0.87 0
0.89 0
0.91 0
0.93 0
0.95 0
0.97 0
0.99 0
1.01 0
1.03 0
1.05 0
1.07 0
1.09 0
1.11 0
1.13 0
1.15 0
1.17 0
1.19 0
1.21 0
1.23 0
1.25 0
1.27 0
1.29 0
1.31 0
1.33 0
1.35 0
1.37 0
1.39 0
1.41 0
1.43 0
1.45 0
1.47 0
1.49 0
1.51 0
1.53 0
1.55 0
1.57 0
1.59 0
1.61 0
1.63 0
1.65 0
1.67 0
1.69 0
1.71 0
1.73 0
1.75 0
1.77 0
1.79 0
1.81 0
1.83 0
1.85 0
1.87 0
1.89 0
1.91 0
1.93 0
1.95 0
1.97 0
1.99 0
2.01 0
2.03 0
2.05 0
2.07 0
2.09 0
2.11 0
2.13 0
2.15 0
2.17 0
2.19 0
2.21 0
2.23 0
2.25 0
2.27 0
2.29 0
2.31 0
2.33 8.69023e-06
2.35 5.12576e-05
2.37 5.87956e-05
2.39 0.000297338
2.41 0.00105597
2.43 0.00322784
2.45 0.0108858
2.47 0.0304372
2.49 0.0724558
2.51 0.152302
2.53 0.293173
2.55 0.500037
2.57 0.78901
2.59 1.14694
2.61 1.55564
2.63 1.97275
2.65 2.37547
2.67 2.71538
2.69 2.97621
2.71 3.14052
2.73 3.2198
2.75 3.21349
2.77 3.14188
2.79 3.0082
2.81 2.83695
2.83 2.63373
2.85 2.42762
2.87 2.22802
2.89 2.03598
2.91 1.84695
2.93 1.68349
2.95 1.53416
2.97 1.40485
2.99 1.28602
3.01 1.18966
3.03 1.105
3.05 1.03053
3.07 0.978831
3.09 0.928905
3.11 0.889924
3.13 0.855396
3.15 0.827537
3.17 0.807963
3.19 0.790766
3.21 0.780343
3.23 0.775683
3.25 0.767443
3.27 0.765594
3.29 0.762669
3.31 0.763492
3.33 0.764347
3.35 0.770113
3.37 0.771634
3.39 0.778739
3.41 0.784428
3.43 0.791082
3.45 0.796115
3.47 0.800968
3.49 0.807514
3.51 0.815198
3.53 0.822956
3.55 0.828894
3.57 0.839074
3.59 0.84696
3.61 0.853226
3.63 0.864144
3.65 0.870915
3.67 0.877512
3.69 0.890028
3.71 0.894196
3.73 0.905969
3.75 0.915964
3.77 0.922407
3.79 0.92885
3.81 0.93919
3.83 0.948126
3.85 0.950246
3.87 0.9605
3.89 0.970038
3.91 0.979221
3.93 0.98429
3.95 0.992905
3.97 1.00516
3.99 1.01146
4.01 1.01924
4.03 1.02598
4.05 1.03302
4.07 1.03833
4.09 1.04524
4.11 1.05364
4.13 1.06229
4.15 1.06435
4.17 1.07479
4.19 1.07912
4.21 1.08651
4.23 1.0846
4.25 1.09331
4.27 1.09937
4.29 1.10387
4.31 1.10608
4.33 1.10891
4.35 1.11481
4.37 1.11486
4.39 1.12069
4.41 1.12279
4.43 1.1214
4.45 1.12333
4.47 1.12489
4.49 1.12514
4.51 1.12532
4.53 1.1261
4.55 1.12495
4.57 1.1229
4.59 1.12191
4.61 1.12013
4.63 1.11586
4.65 1.11507
4.67 1.1134
4.69 1.10837
4.71 1.10754
4.73 1.102
4.75 1.1029
4.77 1.09328
4.79 1.09061
4.81 1.08511
4.83 1.08092
4.85 1.07651
4.87 1.07063
4.89 1.06772
4.91 1.05893
4.93 1.05601
4.95 1.04844
4.97 1.04327
4.99 1.04003
5.01 1.0329
5.03 1.0274
5.05 1.02413
5.07 1.01437
5.09 1.0084
5.11 1.0057
5.13 0.999761
5.15 0.995932
5.17 0.986803
5.19 0.982044
5.21 0.976629
5.23 0.972096
5.25 0.966561
5.27 0.962532
5.29 0.954711
5.31 0.949367
5.33 0.944531
5.35 0.941092
5.37 0.935955
5.39 0.930981
5.41 0.927714
5.43 0.921403
5.45 0.916259
5.47 0.91332
5.49 0.910174
5.51 0.907611
5.53 0.905464
5.55 0.903295
5.57 0.900367
5.59 0.898636
5.61 0.898625
5.63 0.898211
5.65 0.896398
5.67 0.896724
5.69 0.899078
5.71 0.899588
5.73 0.901953
5.75 0.903923
5.77 0.906207
5.79 0.907239
5.81 0.911489
5.83 0.914841
5.85 0.918105
5.87 0.922086
5.89 0.924056
5.91 0.930795
5.93 0.934357
5.95 0.937409
5.97 0.94148
5.99 0.944231
6.01 0.951761
6.03 0.956342
6.05 0.958197
6.07 0.962287
6.09 0.965583
6.11 0.971292
6.13 0.972793
6.15 0.979798
6.17 0.9844
6.19 0.986046
6.21 0.992355
6.23 0.99244
6.25 0.998697
6.27 0.999079
6.29 1.00439
6.31 1.00745
6.33 1.0108
6.35 1.01405
6.37 1.01694
6.39 1.02075
6.41 1.01968
6.43 1.02347
6.45 1.0269
6.47 1.03014
6.49 1.03137
6.51 1.03341
6.53 1.03522
6.55 1.03866
6.57 1.03784
6.59 1.04075
6.61 1.04074
6.63 1.04352
6.65 1.04379
6.67 1.04377
6.69 1.04511
6.71 1.0467
6.73 1.04682
6.75 1.04802
6.77 1.04941
6.79 1.04675
6.81 1.04945
6.83 1.04793
6.85 1.04734
6.87 1.04671
6.89 1.04827
6.91 1.04656
6.93 1.04766
6.95 1.04613
6.97 1.04726
6.99 1.04576
7.01 1.04276
7.03 1.04233
7.05 1.0402
7.07 1.04171
7.09 1.03944
7.11 1.0385
7.13 1.03594
7.15 1.03488
7.17 1.03093
7.19 1.03162
7.21 1.03011
7.23 1.02827
7.25 1.02646
7.27 1.02657
7.29 1.02299
7.31 1.02016
7.33 1.02098
7.35 1.01855
7.37 1.01572
7.39 1.01568
7.41 1.01451
7.43 1.01183
7.45 1.01192
7.47 1.00944
7.49 1.00761
7.51 1.00545
7.53 1.00672
7.55 1.00496
7.57 1.00269
7.59 1.00157
7.61 0.999437
7.63 0.997647
7.65 0.996968
7.67 0.996349
7.69 0.995096
7.71 0.996266
7.73 0.995465
7.75 0.996394
7.77 0.993861
7.79 0.9926
7.81 0.992425
7.83 0.992125
7.85 0.991057
7.87 0.991685
7.89 0.989901
7.91 0.990536
7.93 0.990878
7.95 0.989993
7.97 0.990165
7.99 0.99066
8.01 0.991188
8.03 0.991121
8.05 0.990174
8.07 0.989644
8.09 0.99045
8.11 0.990466
8.13 0.992257
8.15 0.993762
8.17 0.992838
8.19 0.993707
8.21 0.992692
8.23 0.993959
8.25 0.994658
8.27 0.993967
8.29 0.995094
8.31 0.994542
8.33 0.994729
8.35 0.996916
8.37 0.997266
8.39 0.997013
8.41 0.998462
8.43 0.997625
8.45 0.997397
8.47 0.998318
8.49 0.998876
8.51 0.998735
8.53 1.00095
8.55 1.00094
8.57 1.00179
8.59 1.00209
8.61 1.00132
8.63 1.00259
8.65 1.00093
8.67 1.00312
8.69 1.00256
8.71 1.00222
8.73 1.00228
8.75 1.00387
8.77 1.00361
8.79 1.00474
8.81 1.00374
8.83 1.0046
8.85 1.00431
8.87 1.00522
8.89 1.00489
8.91 1.00445
8.93 1.0042
8.95 1.00516
8.97 1.00387
8.99 1.00409
9.01 1.0049
9.03 1.00364
9.05 1.00367
9.07 1.00426
9.09 1.00436
9.11 1.00456
9.13 1.00443
9.15 1.00314
9.17 1.00337
9.19 1.00378
9.21 1.00369
9.23 1.00413
9.25 1.00337
9.27 1.00424
9.29 1.00282
9.31 1.00231
9.33 1.00284
9.35 1.00237
9.37 1.00314
9.39 1.00262
9.41 1.00316
9.43 1.00176
9.45 1.00249
9.47 1.00139
9.49 1.00257
9.51 1.00286
9.53 1.00216
9.55 1.002
9.57 1.00109
9.59 1.00275
9.61 1.0008
9.63 1.00222
9.65 1.00149
9.67 1.00114
9.69 1.00165
9.71 1.0014
9.73 1.00113
9.75 1.00194
9.77 1.00096
9.79 1.00184
9.81 1.0013
9.83 1.00161
9.85 1.0005
9.87 1.00011
9.89 0.995761
9.91 0.988525
9.93 0.982322
9.95 0.976478
9.97 0.970315
9.99 0.964322
10.01 0
