0.01 0
0.03 0
0.05 0
0.07 0
0.09 0
0.11 0
0.13 0
0.15 0
0.17 0
0.19 0
0.21 0
0.23 0
0.25 0
0.27 0
0.29 0
0.31 0
0.33 0
0.35 0
0.37 0
0.39 0
0.41 0
0.43 0
0.45 0
0.47 0
0.49 0
0.51 0
0.53 0
0.55 0
0.57 0
0.59 0
0.61 0
0.63 0
0.65 0
0.67 0
0.69 0
0.71 0
0.73 0
0.75 0
0.77 0
0.79 0
0.81 0
0.83 0
0.85 0
0.87 0
0.89 0
0.91 0
0.93 0
0.95 0
0.97 0
0.99 0
1.01 0
1.03 0
1.05 0
1.07 0
1.09 0
1.11 0
1.13 0
1.15 0
1.17 0
1.19 0
1.21 0
1.23 0
1.25 0
1.27 0
1.29 0
1.31 0
1.33 0
1.35 0
1.37 0
1.39 0
1.41 0
1.43 0
1.45 0
1.47 0
1.49 0
1.51 0
1.53 0
1.55 0
1.57 0
1.59 0
1.61 0
1.63 0
1.65 0
1.67 0
1.69 0
1.71 0
1.73 0
1.75 0
1.77 0
1.79 0
1.81 0
1.83 0
1.85 0
1.87 0
1.89 0
1.91 0
1.93 0
1.95 0
1.97 0
1.99 0
2.01 0
2.03 0
2.05 0
2.07 0
2.09 0
2.11 0
2.13 0
2.15 0
2.17 0
2.19 0
2.21 0
2.23 0
2.25 0.00299648
2.27 0.0244217
2.29 0.0665641
2.31 0.201446
2.33 0.477471
2.35 0.808333
2.37 1.33115
2.39 1.80589
2.41 2.23203
2.43 2.65666
2.45 3.03233
2.47 3.31471
2.49 3.67038
2.51 3.77916
2.53 3.82691
2.55 3.65459
2.57 3.2219
2.59 2.80679
2.61 2.44482
2.63 2.07859
2.65 1.77733
2.67 1.57558
2.69 1.37608
2.71 1.25214
2.73 1.1143
2.75 1.00311
2.77 0.89569
2.79 0.801544
2.81 0.715369
2.83 0.681753
2.85 0.642225
2.87 0.600439
2.89 0.558043
2.91 0.557239
2.93 0.543183
2.95 0.536857
2.97 0.528402
2.99 0.554435
3.01 0.566285
3.03 0.569348
3.05 0.566895
3.07 0.603378
3.09 0.61799
3.11 0.62338
3.13 0.638639
3.15 0.63944
3.17 0.645026
3.19 0.636887
3.21 0.693271
3.23 0.706133
3.25 0.707609
3.27 0.698194
3.29 0.706324
3.31 0.721687
3.33 0.719202
3.35 0.731272
3.37 0.756593
3.39 0.742524
3.41 0.764382
3.43 0.756423
3.45 0.766339
3.47 0.777002
3.49 0.79046
3.51 0.78371
3.53 0.814855
3.55 0.843232
3.57 0.817713
3.59 0.833634
3.61 0.835005
3.63 0.836738
3.65 0.853625
3.67 0.871414
3.69 0.879646
3.71 0.917845
3.73 0.916082
3.75 0.945882
3.77 0.950658
3.79 0.961018
3.81 0.981768
3.83 0.971482
3.85 1.00378
3.87 1.00467
3.89 1.04982
3.91 1.00961
3.93 1.04666
3.95 1.09381
3.97 1.08119
3.99 1.10296
4.01 1.09431
4.03 1.13395
4.05 1.09861
4.07 1.09867
4.09 1.12909
4.11 1.17362
4.13 1.17319
4.15 1.17248
4.17 1.19493
4.19 1.16549
4.21 1.18522
4.23 1.19719
4.25 1.21592
4.27 1.2228
4.29 1.22897
4.31 1.22034
4.33 1.22942
4.35 1.20503
4.37 1.20391
4.39 1.22389
4.41 1.2299
4.43 1.21811
4.45 1.25971
4.47 1.23412
4.49 1.23457
4.51 1.22918
4.53 1.24914
4.55 1.21818
4.57 1.20329
4.59 1.21438
4.61 1.2269
4.63 1.18598
4.65 1.17693
4.67 1.19345
4.69 1.15162
4.71 1.16111
4.73 1.16377
4.75 1.1621
4.77 1.15377
4.79 1.12859
4.81 1.11191
4.83 1.07801
4.85 1.07198
4.87 1.07609
4.89 1.03909
4.91 1.02113
4.93 1.02559
4.95 1.00788
4.97 1.00494
4.99 0.991313
5.01 1.00052
5.03 0.969314
5.05 0.956073
5.07 0.952235
5.09 0.934113
5.11 0.927911
5.13 0.915219
5.15 0.91048
5.17 0.910118
5.19 0.895314
5.21 0.88028
5.23 0.885574
5.25 0.879645
5.27 0.89954
5.29 0.8833
5.31 0.860819
5.33 0.865528
5.35 0.880735
5.37 0.865524
5.39 0.866804
5.41 0.878232
5.43 0.873225
5.45 0.871696
5.47 0.860063
5.49 0.872476
5.51 0.872025
5.53 0.878309
5.55 0.901984
5.57 0.891262
5.59 0.878414
5.61 0.893447
5.63 0.888484
5.65 0.897301
5.67 0.905121
5.69 0.893955
5.71 0.906887
5.73 0.925848
5.75 0.925222
5.77 0.924913
5.79 0.936671
5.81 0.938097
5.83 0.926557
5.85 0.91703
5.87 0.957994
5.89 0.946209
5.91 0.960851
5.93 0.978268
5.95 0.970919
5.97 0.98305
5.99 0.984122
6.01 0.989227
6.03 0.993071
6.05 0.985588
6.07 0.991918
6.09 0.988395
6.11 0.998536
6.13 1.01869
6.15 0.992356
6.17 0.996724
6.19 1.019
6.21 1.01038
6.23 1.0142
6.25 1.01844
6.27 1.03505
6.29 1.03507
6.31 1.03087
6.33 1.01854
6.35 1.03853
6.37 1.04381
6.39 1.03399
6.41 1.04695
6.43 1.04719
6.45 1.04386
6.47 1.03974
6.49 1.03695
6.51 1.03622
6.53 1.02333
6.55 1.04553
6.57 1.04446
6.59 1.03492
6.61 1.04321
6.63 1.04441
6.65 1.04084
6.67 1.0353
6.69 1.04193
6.71 1.05318
6.73 1.04236
6.75 1.04615
6.77 1.0273
6.79 1.03989
6.81 1.02095
6.83 1.03274
6.85 1.01401
6.87 1.01524
6.89 1.02403
6.91 1.03786
6.93 1.0369
6.95 1.02348
6.97 1.01523
6.99 1.02151
7.01 1.02651
7.03 1.03756
7.05 1.0153
7.07 1.01785
7.09 1.00066
7.11 0.989963
7.13 1.00431
7.15 0.994276
7.17 1.00058
7.19 1.01898
7.21 1.00772
7.23 1.01547
7.25 0.998477
7.27 1.00477
7.29 0.999059
7.31 0.989439
7.33 0.986531
7.35 1.00085
7.37 0.995417
7.39 0.984781
7.41 1.00385
7.43 0.979954
7.45 1.00374
7.47 0.97355
7.49 0.982633
7.51 0.990565
7.53 0.987267
7.55 0.980175
7.57 0.996849
7.59 0.99318
7.61 0.985589
7.63 1.00002
7.65 1.00598
7.67 0.98943
7.69 0.988661
7.71 0.983091
7.73 0.988238
7.75 0.989909
7.77 0.99289
7.79 0.99302
7.81 0.990728
7.83 0.988512
7.85 0.987093
7.87 0.988598
7.89 0.993739
7.91 0.98553
7.93 0.991628
7.95 0.98261
7.97 0.998543
7.99 1.00107
8.01 0.987368
8.03 1.00348
8.05 0.996287
8.07 1.00397
8.09 1.0103
8.11 0.999672
8.13 1.00456
8.15 0.998519
8.17 1.01371
8.19 1.00235
8.21 1.01392
8.23 1.00314
8.25 1.00278
8.27 1.00152
8.29 0.993291
8.31 1.01004
8.33 1.01491
8.35 1.00969
8.37 1.00236
8.39 0.995727
8.41 1.01164
8.43 1.00604
8.45 1.01601
8.47 0.998827
8.49 1.00454
8.51 1.01476
8.53 1.00564
8.55 1.0169
8.57 1.01622
8.59 1.02264
8.61 1.01554
8.63 0.99085
8.65 1.0067
8.67 1.019
8.69 1.00364
8.71 1.00307
8.73 1.00242
8.75 0.999412
8.77 1.01755
8.79 1.00914
8.81 1.0103
8.83 1.00701
8.85 1.00909
8.87 0.999808
8.89 0.996259
8.91 1.00267
8.93 1.01335
8.95 1.00836
8.97 1.01141
8.99 1.00408
9.01 0.997443
9.03 1.00108
9.05 0.997782
9.07 0.997216
9.09 1.00282
9.11 0.995874
9.13 0.997091
9.15 0.991485
9.17 1.00025
9.19 0.995588
9.21 0.986928
9.23 1.00063
9.25 1.00395
9.27 0.996288
9.29 0.992857
9.31 1.001
9.33 0.999232
9.35 1.00534
9.37 0.997056
9.39 0.989166
9.41 0.993771
9.43 0.99543
9.45 0.994133
9.47 0.991391
9.49 0.990699
9.51 0.990154
9.53 0.980705
9.55 1.00394
9.57 0.98902
9.59 0.985081
9.61 1.00034
9.63 0.989834
9.65 0.997789
9.67 0.995191
9.69 0.996524
9.71 0.993459
9.73 0.990511
9.75 0.998686
9.77 0.986286
9.79 0.99907
9.81 1.00681
9.83 0.984287
9.85 0.999927
9.87 0.983527
9.89 0.991968
9.91 0.98095
9.93 0.976296
9.95 0.963007
9.97 0.973289
9.99 0.954927
10.01 0
