0.01 0
0.03 0
0.05 0
0.07 0
0.09 0
0.11 0
0.13 0
0.15 0
0.17 0
0.19 0
0.21 0
0.23 0
0.25 0
0.27 0
0.29 0
0.31 0
0.33 0
0.35 0
0.37 0
0.39 0
0.41 0
0.43 0
0.45 0
0.47 0
0.49 0
0.51 0
0.53 0
0.55 0
0.57 0
0.59 0
0.61 0
0.63 0
0.65 0
0.67 0
0.69 0
0.71 0
0.73 0
0.75 0
0.77 0
0.79 0
0.81 0
0.83 0
0.85 0
0.87 0
0.89 0
0.91 0
0.93 0
0.95 0
0.97 0
0.99 0
1.01 0
1.03 0
1.05 0
1.07 0
1.09 0
1.11 0
1.13 0
1.15 0
1.17 0
1.19 0
1.21 0
1.23 0
1.25 0
1.27 0
1.29 0
1.31 0
1.33 0
1.35 0
1.37 0
1.39 0
1.41 0
1.43 0
1.45 0
1.47 0
1.49 0
1.51 0
1.53 0
1.55 0
1.57 0
1.59 0
1.61 0
1.63 0
1.65 0
1.67 0
1.69 0
1.71 0
1.73 0
1.75 0
1.77 0
1.79 0
1.81 0
1.83 0
1.85 0
1.87 0
1.89 0
1.91 0
1.93 0
1.95 0
1.97 0
1.99 0
2.01 0
2.03 0
2.05 0
2.07 0
2.09 0
2.11 0
2.13 0
2.15 0
2.17 0
2.19 0
2.21 0
2.23 0
2.25 2.36744
2.27 14.8982
2.29 33.6325
2.31 -81.2623
2.33 285.23
2.35 -6407.06
2.37 519.041
2.39 61.7237
2.41 431.48
2.43 -3789.49
2.45 189.764
2.47 1630.29
2.49 -476.852
2.51 -44.0253
2.53 23.298
2.55 2.53928
2.57 -1.90129
2.59 3.79351
2.61 1.64032
2.63 -21.4845
2.65 1.06007
2.67 -10.2409
2.69 0.216155
2.71 -0.417023
2.73 -0.724233
2.75 -0.24731
2.77 0.495077
2.79 -1.92555
2.81 0.314968
2.83 0.328889
2.85 -0.134066
2.87 0.926495
2.89 -1.39813
2.91 -0.473594
2.93 0.0250908
2.95 -0.633596
2.97 0.651746
2.99 -0.950798
3.01 0.960747
3.03 2.1974
3.05 0.829374
3.07 -0.0796273
3.09 -0.455239
3.11 -0.481174
3.13 0.960426
3.15 0.395149
3.17 1.51857
3.19 0.221461
3.21 -1.02363
3.23 -13.4926
3.25 -2.35712
3.27 0.115578
3.29 -0.289526
3.31 0.505246
3.33 -0.477629
3.35 -36.8314
3.37 2.20074
3.39 -7.29664
3.41 0.673837
3.43 0.562591
3.45 -2.76339
3.47 -15.7694
3.49 -0.131374
3.51 0.473774
3.53 0.897273
3.55 0.469584
3.57 0.317055
3.59 -9.96429
3.61 1.08907
3.63 1.48397
3.65 1.15272
3.67 -2.14552
3.69 -9.02465
3.71 0.415439
3.73 -1.22986
3.75 -0.170161
3.77 -1.45429
3.79 0.879499
3.81 0.992869
3.83 1.1163
3.85 -2.64487
3.87 1.16448
3.89 1.59714
3.91 0.101809
3.93 2.29731
3.95 -0.573598
3.97 -0.379469
3.99 0.544001
4.01 0.798477
4.03 -17.9321
4.05 0.400904
4.07 -14.4595
4.09 -1.58033
4.11 3.86263
4.13 1.00999
4.15 0.591008
4.17 -1.59067
4.19 1.33597
4.21 2.01058
4.23 -9.55379
4.25 -1.3623
4.27 0.205766
4.29 2.386
4.31 1.35599
4.33 -0.224034
4.35 1.09467
4.37 0.539026
4.39 0.281966
4.41 -8.01484
4.43 46.6051
4.45 -1.48668
4.47 -0.471018
4.49 1.61172
4.51 -7.84859
4.53 -13.0021
4.55 0.0730383
4.57 -0.58646
4.59 0.926687
4.61 1.46667
4.63 0.507888
4.65 0.435929
4.67 -5.25737
4.69 1.23412
4.71 0.918048
4.73 1.27388
4.75 -0.704183
4.77 -0.232839
4.79 -5.76589
4.81 -28.3804
4.83 -0.155829
4.85 -9.52212
4.87 1.13388
4.89 0.670437
4.91 -28.4653
4.93 -3.72503
4.95 -0.377313
4.97 1.66051
4.99 -10.7417
5.01 -8.36045
5.03 -0.552226
5.05 -6.04765
5.07 -0.239377
5.09 0.629662
5.11 -0.155994
5.13 -1.82814
5.15 -7.21041
5.17 0.821659
5.19 0.618359
5.21 -0.349678
5.23 -0.29055
5.25 -0.207219
5.27 3.02946
5.29 -2.36803
5.31 0.646647
5.33 0.0308633
5.35 0.827916
5.37 -0.936247
5.39 -0.0804161
5.41 -3.25715
5.43 0.713184
5.45 -3.55617
5.47 0.66483
5.49 7.84605
5.51 0.789223
5.53 0.810565
5.55 1.31691
5.57 9.45794
5.59 0.0616025
5.61 -9.31148
5.63 -1.22125
5.65 0.816444
5.67 -0.520281
5.69 0.398275
5.71 -4.82199
5.73 0.120096
5.75 -0.921848
5.77 0.630965
5.79 -0.0326939
5.81 -0.256375
5.83 -0.229302
5.85 -1.1222
5.87 -3.27346
5.89 -3.78751
5.91 -0.538587
5.93 0.726834
5.95 -4.82832
5.97 1.22848
5.99 0.0306812
6.01 -0.592899
6.03 -2.26282
6.05 0.988712
6.07 0.280991
6.09 0.206458
6.11 0.985742
6.13 1.1383
6.15 1.05559
6.17 0.344082
6.19 0.993146
6.21 1.26516
6.23 -1.30633
6.25 0.0360437
6.27 5.82308
6.29 -0.339425
6.31 -1.12426
6.33 -0.0193176
6.35 -1.83403
6.37 1.05052
6.39 3.37153
6.41 -0.0268266
6.43 -1.18875
6.45 -73.5609
6.47 -0.895801
6.49 0.961201
6.51 0.0547513
6.53 -0.70514
6.55 -6.95081
6.57 -1.04853
6.59 17.008
6.61 3.71075
6.63 -6.39869
6.65 0.707274
6.67 0.29883
6.69 -3.75909
6.71 1.25965
6.73 0.998011
6.75 0.170087
6.77 0.778905
6.79 1.34643
6.81 0.444407
6.83 -6.78337
6.85 0.105637
6.87 -14.4957
6.89 0.599759
6.91 0.0132163
6.93 0.106176
6.95 0.80105
6.97 -4.15432
6.99 -7.03822
7.01 1.04475
7.03 -31.595
7.05 1.34453
7.07 -21.1188
7.09 0.39971
7.11 0.586964
7.13 -6.46586
7.15 -12.0334
7.17 -8.51994
7.19 -19.1699
7.21 -5.20949
7.23 -2.19269
7.25 0.536458
7.27 0.816474
7.29 -3.91775
7.31 1.08359
7.33 -5.23647
7.35 -6.24177
7.37 -1.56145
7.39 -1.95027
7.41 -5.59416
7.43 -22.9319
7.45 0.979944
7.47 -24.7174
7.49 15.5252
7.51 0.513442
7.53 0.649739
7.55 -0.972603
7.57 0.294552
7.59 -6.78032
7.61 0.95259
7.63 0.427915
7.65 0.3167
7.67 -1.45977
7.69 2.62967
7.71 1.08114
7.73 -10.0477
7.75 -3.85919
7.77 0.704801
7.79 0.662526
7.81 -1.13201
7.83 0.743051
7.85 0.648614
7.87 1.05836
7.89 0.64126
7.91 -0.0517799
7.93 -1.00642
7.95 1.24774
7.97 -2.66819
7.99 1.14341
8.01 0.399158
8.03 -2.05949
8.05 1.92425
8.07 -0.396597
8.09 -1.44896
8.11 -0.697613
8.13 -4.14658
8.15 -3.07728
8.17 -0.64573
8.19 1.14703
8.21 -3.51643
8.23 4.2916
8.25 0.254345
8.27 -2.36964
8.29 -0.78154
8.31 -1.5447
8.33 -3.14486
8.35 -0.791585
8.37 0.234042
8.39 -0.317216
8.41 2.46428
8.43 -4.28779
8.45 1.31496
8.47 0.875143
8.49 -5.21751
8.51 1.08611
8.53 0.155718
8.55 -1.9524
8.57 1.02291
8.59 0.0774306
8.61 0.0424992
8.63 -0.964491
8.65 -2.31244
8.67 -2.39562
8.69 1.13525
8.71 1.21483
8.73 -2.68764
8.75 -8.54719
8.77 0.611354
8.79 -1.09041
8.81 -1.14593
8.83 -12.6325
8.85 -2.7642
8.87 0.10864
8.89 -0.773561
8.91 0.813096
8.93 0.525048
8.95 -0.410197
8.97 -7.43267
8.99 0.677063
9.01 0.942638
9.03 6.181
9.05 1.08046
9.07 -1.02297
9.09 -0.889835
9.11 -5.42957
9.13 0.258912
9.15 -0.924386
9.17 0.599446
9.19 -0.00736692
9.21 -1.61452
9.23 -21.4707
9.25 -0.608882
9.27 0.417102
9.29 0.289514
9.31 1.55737
9.33 -1.2276
9.35 -2.94844
9.37 0.287341
9.39 -0.301081
9.41 -0.0820345
9.43 -8.16849
9.45 -0.400326
9.47 -0.782243
9.49 0.0020677
9.51 0.382309
9.53 0.391215
9.55 -3.67084
9.57 -3.00182
9.59 0.238095
9.61 -4.01943
9.63 -26.2555
9.65 -2.94372
9.67 -9.37503
9.69 -1.20164
9.71 0.248418
9.73 1.23114
9.75 0.766284
9.77 -1.00969
9.79 -2.09839
9.81 -4.77616
9.83 0.410584
9.85 1.16449
9.87 -4.32693
9.89 2.04218
9.91 1.17869
9.93 -0.656754
9.95 -2.06592
9.97 2.17744
9.99 -0.487369
10.01 0
