99 0.789946
199 2.14704
299 3.57937
399 5.02798
499 6.49069
599 7.96465
699 9.44668
799 10.9337
899 12.4233
999 13.915
1099 15.4084
1199 16.9034
1299 18.4003
1399 19.8966
1499 21.3897
1599 22.8804
1699 24.3691
1799 25.8567
1899 27.3411
1999 28.8224
2099 30.3031
2199 31.782
2299 33.2572
2399 34.7296
2499 36.2025
2599 37.6747
2699 39.1446
2799 40.6157
2899 42.0875
2999 43.5584
3099 45.029
3199 46.4993
3299 47.9701
3399 49.4412
3499 50.9104
3599 52.3793
3699 53.8484
3799 55.3181
3899 56.7874
3999 58.254
4099 59.7226
4199 61.1945
4299 62.6677
4399 64.1414
4499 65.6146
4599 67.0882
4699 68.5593
4799 70.0271
4899 71.4905
4999 72.9492
5099 74.4041
5199 75.8557
5299 77.3068
5399 78.7574
5499 80.2091
5599 81.6641
5699 83.1231
5799 84.585
5899 86.0494
5999 87.5154
6099 88.9827
6199 90.4507
6299 91.9223
6399 93.3975
6499 94.8755
6599 96.3558
6699 97.8342
6799 99.3107
6899 100.786
6999 102.262
7099 103.742
7199 105.229
7299 106.718
7399 108.207
7499 109.697
7599 111.185
7699 112.676
7799 114.171
7899 115.673
7999 117.178
8099 118.686
8199 120.196
8299 121.707
8399 123.22
8499 124.734
8599 126.246
8699 127.755
8799 129.262
8899 130.772
8999 132.28
9099 133.785
9199 135.287
9299 136.789
9399 138.294
9499 139.803
9599 141.314
9699 142.827
9799 144.339
9899 145.855
9999 147.373
