10 0.00360397
20 0.0129521
30 0.0260503
40 0.0413204
50 0.0576701
60 0.0744375
70 0.0912777
80 0.108047
90 0.124711
100 0.141279
110 0.157774
120 0.174207
130 0.190584
140 0.206905
150 0.223166
160 0.23936
170 0.255481
180 0.271523
190 0.287483
200 0.303359
210 0.319155
220 0.334874
230 0.350519
240 0.366095
250 0.381605
260 0.397055
270 0.412448
280 0.42779
290 0.443085
300 0.458337
310 0.47355
320 0.488725
330 0.503862
340 0.518961
350 0.53402
360 0.549037
370 0.564009
380 0.578938
390 0.593825
400 0.608674
410 0.623486
420 0.638263
430 0.653006
440 0.667712
450 0.682382
460 0.697012
470 0.711601
480 0.726149
490 0.740662
500 0.755148
510 0.769612
520 0.784056
530 0.79848
540 0.812885
550 0.827268
560 0.841627
570 0.85596
580 0.870263
590 0.884536
600 0.898781
610 0.912997
620 0.927186
630 0.941348
640 0.955483
650 0.969594
660 0.983685
670 0.997756
680 1.01181
690 1.02584
700 1.03984
710 1.05382
720 1.06777
730 1.08169
740 1.09558
750 1.10945
760 1.12329
770 1.13712
780 1.15092
790 1.1647
800 1.17847
810 1.19223
820 1.20597
830 1.21969
840 1.23341
850 1.24712
860 1.26081
870 1.27449
880 1.28816
890 1.3018
900 1.31543
910 1.32904
920 1.34263
930 1.3562
940 1.36975
950 1.38327
960 1.39677
970 1.41023
980 1.42367
990 1.43708
1000 1.45046
1010 1.46382
1020 1.47716
1030 1.49048
1040 1.50379
1050 1.51708
1060 1.53037
1070 1.54364
1080 1.5569
1090 1.57015
1100 1.58339
1110 1.59662
1120 1.60984
1130 1.62305
1140 1.63626
1150 1.64945
1160 1.66263
1170 1.67581
1180 1.68898
1190 1.70215
1200 1.7153
1210 1.72845
1220 1.74159
1230 1.75472
1240 1.76783
1250 1.78093
1260 1.79402
1270 1.8071
1280 1.82017
1290 1.83324
1300 1.8463
1310 1.85936
1320 1.87241
1330 1.88546
1340 1.89849
1350 1.91152
1360 1.92453
1370 1.93753
1380 1.95053
1390 1.96353
1400 1.97652
1410 1.9895
1420 2.00248
1430 2.01545
1440 2.02841
1450 2.04137
1460 2.05431
1470 2.06726
1480 2.08019
1490 2.09312
1500 2.10604
1510 2.11894
1520 2.13184
1530 2.14473
1540 2.15761
1550 2.17048
1560 2.18335
1570 2.19621
1580 2.20906
1590 2.22191
1600 2.23475
1610 2.24758
1620 2.26039
1630 2.2732
1640 2.28599
1650 2.29877
1660 2.31154
1670 2.32431
1680 2.33707
1690 2.34982
1700 2.36256
1710 2.37529
1720 2.38802
1730 2.40073
1740 2.41342
1750 2.42611
1760 2.43878
1770 2.45144
1780 2.46409
1790 2.47673
1800 2.48936
1810 2.50199
1820 2.51461
1830 2.52724
1840 2.53986
1850 2.55248
1860 2.56509
1870 2.5777
1880 2.59031
1890 2.60291
1900 2.61551
1910 2.62809
1920 2.64067
1930 2.65324
1940 2.6658
1950 2.67836
1960 2.69091
1970 2.70346
1980 2.71601
1990 2.72857
2000 2.74113
2010 2.7537
2020 2.76627
2030 2.77884
2040 2.79141
2050 2.80398
2060 2.81655
2070 2.82911
2080 2.84166
2090 2.8542
2100 2.86673
2110 2.87925
2120 2.89177
2130 2.90429
2140 2.91681
2150 2.92934
2160 2.94185
2170 2.95436
2180 2.96685
2190 2.97933
2200 2.99179
2210 3.00423
2220 3.01665
2230 3.02905
2240 3.04144
2250 3.05382
2260 3.06618
2270 3.07855
2280 3.0909
2290 3.10325
2300 3.1156
2310 3.12794
2320 3.14028
2330 3.15262
2340 3.16496
2350 3.17729
2360 3.18961
2370 3.20193
2380 3.21424
2390 3.22654
2400 3.23884
2410 3.25113
2420 3.26342
2430 3.2757
2440 3.28798
2450 3.30027
2460 3.31256
2470 3.32486
2480 3.33716
2490 3.34946
2500 3.36176
2510 3.37405
2520 3.38635
2530 3.39864
2540 3.41092
2550 3.42319
2560 3.43546
2570 3.44773
2580 3.45999
2590 3.47225
2600 3.48451
2610 3.49677
2620 3.50902
2630 3.52128
2640 3.53354
2650 3.54581
2660 3.55809
2670 3.57036
2680 3.58265
2690 3.59493
2700 3.60721
2710 3.61949
2720 3.63177
2730 3.64405
2740 3.65633
2750 3.6686
2760 3.68087
2770 3.69313
2780 3.70539
2790 3.71765
2800 3.72989
2810 3.74214
2820 3.75438
2830 3.76662
2840 3.77885
2850 3.79108
2860 3.80331
2870 3.81554
2880 3.82777
2890 3.83999
2900 3.85222
2910 3.86446
2920 3.8767
2930 3.88894
2940 3.90118
2950 3.91344
2960 3.9257
2970 3.93797
2980 3.95024
2990 3.96253
3000 3.97481
3010 3.9871
3020 3.99939
3030 4.01167
3040 4.02396
3050 4.03624
3060 4.04852
3070 4.0608
3080 4.07308
3090 4.08536
3100 4.09763
3110 4.10989
3120 4.12216
3130 4.13442
3140 4.14669
3150 4.15896
3160 4.17125
3170 4.18355
3180 4.19587
3190 4.20819
3200 4.22053
3210 4.23288
3220 4.24523
3230 4.25759
3240 4.26995
3250 4.2823
3260 4.29465
3270 4.307
3280 4.31935
3290 4.33169
3300 4.34403
3310 4.35638
3320 4.36871
3330 4.38105
3340 4.39338
3350 4.4057
3360 4.41803
3370 4.43036
3380 4.44268
3390 4.45501
3400 4.46733
3410 4.47965
3420 4.49196
3430 4.50427
3440 4.51658
3450 4.52888
3460 4.54118
3470 4.55348
3480 4.56579
3490 4.57809
3500 4.5904
3510 4.60272
3520 4.61503
3530 4.62734
3540 4.63964
3550 4.65194
3560 4.66424
3570 4.67654
3580 4.68885
3590 4.70116
3600 4.71349
3610 4.72581
3620 4.73814
3630 4.75047
3640 4.7628
3650 4.77514
3660 4.78747
3670 4.7998
3680 4.81213
3690 4.82446
3700 4.83679
3710 4.84911
3720 4.86143
3730 4.87376
3740 4.88609
3750 4.89842
3760 4.91076
3770 4.9231
3780 4.93544
3790 4.94779
3800 4.96013
3810 4.97246
3820 4.9848
3830 4.99713
3840 5.00946
3850 5.02178
3860 5.03411
3870 5.04644
3880 5.05877
3890 5.0711
3900 5.08343
3910 5.09575
3920 5.10807
3930 5.12039
3940 5.1327
3950 5.14501
3960 5.15732
3970 5.16962
3980 5.18192
3990 5.19421
4000 5.20651
4010 5.21879
4020 5.23107
4030 5.24335
4040 5.25562
4050 5.26789
4060 5.28015
4070 5.29241
4080 5.30467
4090 5.31693
4100 5.32918
4110 5.34143
4120 5.35369
4130 5.36594
4140 5.3782
4150 5.39046
4160 5.40271
4170 5.41496
4180 5.42721
4190 5.43946
4200 5.45172
4210 5.46398
4220 5.47624
4230 5.48851
4240 5.50077
4250 5.51304
4260 5.52531
4270 5.53757
4280 5.54984
4290 5.56211
4300 5.57438
4310 5.58667
4320 5.59897
4330 5.61128
4340 5.62361
4350 5.63595
4360 5.64831
4370 5.66067
4380 5.67304
4390 5.68542
4400 5.69779
4410 5.71017
4420 5.72254
4430 5.73491
4440 5.74728
4450 5.75964
4460 5.77198
4470 5.78432
4480 5.79665
4490 5.80897
4500 5.82129
4510 5.83359
4520 5.84588
4530 5.85817
4540 5.87045
4550 5.88273
4560 5.895
4570 5.90728
4580 5.91955
4590 5.93183
4600 5.9441
4610 5.95637
4620 5.96864
4630 5.98092
4640 5.9932
4650 6.00549
4660 6.01778
4670 6.03008
4680 6.04237
4690 6.05466
4700 6.06694
4710 6.07922
4720 6.09148
4730 6.10373
4740 6.11598
4750 6.12821
4760 6.14043
4770 6.15265
4780 6.16487
4790 6.1771
4800 6.18932
4810 6.20154
4820 6.21376
4830 6.22597
4840 6.23818
4850 6.25038
4860 6.26257
4870 6.27476
4880 6.28694
4890 6.2991
4900 6.31127
4910 6.32342
4920 6.33557
4930 6.34772
4940 6.35987
4950 6.37202
4960 6.38419
4970 6.39636
4980 6.40854
4990 6.42074
5000 6.43294
5010 6.44514
5020 6.45735
5030 6.46955
5040 6.48175
5050 6.49396
5060 6.50615
5070 6.51835
5080 6.53055
5090 6.54274
5100 6.55493
5110 6.56712
5120 6.57931
5130 6.59151
5140 6.60371
5150 6.61592
5160 6.62814
5170 6.64035
5180 6.65257
5190 6.66479
5200 6.67701
5210 6.68924
5220 6.70147
5230 6.7137
5240 6.72594
5250 6.73817
5260 6.7504
5270 6.76263
5280 6.77486
5290 6.78708
5300 6.79929
5310 6.81151
5320 6.82373
5330 6.83596
5340 6.8482
5350 6.86044
5360 6.87268
5370 6.88492
5380 6.89717
5390 6.90941
5400 6.92165
5410 6.93388
5420 6.94612
5430 6.95835
5440 6.97058
5450 6.98282
5460 6.99506
5470 7.00731
5480 7.01957
5490 7.03182
5500 7.04408
5510 7.05635
5520 7.06862
5530 7.08091
5540 7.0932
5550 7.10549
5560 7.1178
5570 7.1301
5580 7.14241
5590 7.15473
5600 7.16705
5610 7.17937
5620 7.1917
5630 7.20404
5640 7.21638
5650 7.22872
5660 7.24106
5670 7.25341
5680 7.26575
5690 7.2781
5700 7.29045
5710 7.30279
5720 7.31514
5730 7.32749
5740 7.33984
5750 7.35219
5760 7.36455
5770 7.37691
5780 7.38927
5790 7.40163
5800 7.41398
5810 7.42633
5820 7.43868
5830 7.45102
5840 7.46335
5850 7.47567
5860 7.48798
5870 7.50029
5880 7.5126
5890 7.52492
5900 7.53724
5910 7.54958
5920 7.56191
5930 7.57426
5940 7.58661
5950 7.59895
5960 7.6113
5970 7.62363
5980 7.63596
5990 7.64827
6000 7.66058
6010 7.67288
6020 7.68518
6030 7.69748
6040 7.70979
6050 7.7221
6060 7.7344
6070 7.7467
6080 7.75899
6090 7.77127
6100 7.78354
6110 7.7958
6120 7.80805
6130 7.8203
6140 7.83255
6150 7.8448
6160 7.85705
6170 7.8693
6180 7.88155
6190 7.8938
6200 7.90605
6210 7.9183
6220 7.93054
6230 7.94278
6240 7.95502
6250 7.96726
6260 7.9795
6270 7.99173
6280 8.00396
6290 8.01619
6300 8.02842
6310 8.04066
6320 8.05291
6330 8.06516
6340 8.07741
6350 8.08967
6360 8.10194
6370 8.11421
6380 8.12648
6390 8.13876
6400 8.15104
6410 8.16332
6420 8.1756
6430 8.18787
6440 8.20014
6450 8.2124
6460 8.22465
6470 8.23691
6480 8.24916
6490 8.26141
6500 8.27366
6510 8.2859
6520 8.29814
6530 8.31039
6540 8.32264
6550 8.3349
6560 8.34717
6570 8.35945
6580 8.37172
6590 8.384
6600 8.39627
6610 8.40854
6620 8.42081
6630 8.43307
6640 8.44534
6650 8.45761
6660 8.46988
6670 8.48216
6680 8.49444
6690 8.50672
6700 8.519
6710 8.53127
6720 8.54354
6730 8.5558
6740 8.56806
6750 8.58032
6760 8.59258
6770 8.60484
6780 8.6171
6790 8.62934
6800 8.64158
6810 8.65381
6820 8.66604
6830 8.67825
6840 8.69047
6850 8.70268
6860 8.7149
6870 8.72712
6880 8.73935
6890 8.75158
6900 8.76382
6910 8.77606
6920 8.78831
6930 8.80056
6940 8.81281
6950 8.82507
6960 8.83734
6970 8.84961
6980 8.86188
6990 8.87415
7000 8.88643
7010 8.8987
7020 8.91099
7030 8.92327
7040 8.93557
7050 8.94786
7060 8.96016
7070 8.97246
7080 8.98475
7090 8.99704
7100 9.00931
7110 9.02159
7120 9.03386
7130 9.04612
7140 9.05838
7150 9.07064
7160 9.0829
7170 9.09515
7180 9.10741
7190 9.11966
7200 9.13191
7210 9.14415
7220 9.1564
7230 9.16864
7240 9.18088
7250 9.19312
7260 9.20536
7270 9.2176
7280 9.22983
7290 9.24206
7300 9.25428
7310 9.2665
7320 9.27872
7330 9.29094
7340 9.30317
7350 9.31539
7360 9.32761
7370 9.33984
7380 9.35206
7390 9.36428
7400 9.37649
7410 9.38871
7420 9.40092
7430 9.41313
7440 9.42534
7450 9.43754
7460 9.44973
7470 9.46193
7480 9.47414
7490 9.48636
7500 9.49858
7510 9.5108
7520 9.52303
7530 9.53526
7540 9.54749
7550 9.55972
7560 9.57195
7570 9.58418
7580 9.59641
7590 9.60863
7600 9.62086
7610 9.63308
7620 9.6453
7630 9.65753
7640 9.66975
7650 9.68197
7660 9.69419
7670 9.7064
7680 9.71861
7690 9.73081
7700 9.74301
7710 9.7552
7720 9.76738
7730 9.77957
7740 9.79175
7750 9.80393
7760 9.8161
7770 9.82827
7780 9.84043
7790 9.85259
7800 9.86474
7810 9.87689
7820 9.88905
7830 9.90121
7840 9.91337
7850 9.92555
7860 9.93772
7870 9.94991
7880 9.96209
7890 9.97426
7900 9.98643
7910 9.99859
7920 10.0107
7930 10.0229
7940 10.035
7950 10.0472
7960 10.0593
7970 10.0715
7980 10.0836
7990 10.0957
8000 10.1078
8010 10.1199
8020 10.1321
8030 10.1442
8040 10.1563
8050 10.1684
8060 10.1805
8070 10.1925
8080 10.2046
8090 10.2167
8100 10.2288
8110 10.2409
8120 10.253
8130 10.2651
8140 10.2772
8150 10.2894
8160 10.3015
8170 10.3136
8180 10.3257
8190 10.3378
8200 10.3499
8210 10.362
8220 10.3741
8230 10.3862
8240 10.3983
8250 10.4104
8260 10.4225
8270 10.4346
8280 10.4467
8290 10.4588
8300 10.4709
8310 10.483
8320 10.4951
8330 10.5072
8340 10.5193
8350 10.5314
8360 10.5435
8370 10.5556
8380 10.5677
8390 10.5797
8400 10.5918
8410 10.6038
8420 10.6159
8430 10.6279
8440 10.64
8450 10.652
8460 10.664
8470 10.6761
8480 10.6881
8490 10.7001
8500 10.7121
8510 10.7241
8520 10.7361
8530 10.7481
8540 10.7601
8550 10.7721
8560 10.7841
8570 10.7961
8580 10.8081
8590 10.8201
8600 10.8321
8610 10.8441
8620 10.8561
8630 10.8681
8640 10.8801
8650 10.8921
8660 10.9041
8670 10.916
8680 10.928
8690 10.94
8700 10.952
8710 10.964
8720 10.976
8730 10.988
8740 11
8750 11.0121
8760 11.0241
8770 11.0362
8780 11.0482
8790 11.0602
8800 11.0722
8810 11.0842
8820 11.0962
8830 11.1083
8840 11.1203
8850 11.1323
8860 11.1443
8870 11.1563
8880 11.1683
8890 11.1803
8900 11.1923
8910 11.2044
8920 11.2164
8930 11.2285
8940 11.2406
8950 11.2527
8960 11.2647
8970 11.2768
8980 11.2889
8990 11.301
9000 11.3131
9010 11.3252
9020 11.3373
9030 11.3494
9040 11.3615
9050 11.3737
9060 11.3858
9070 11.3979
9080 11.4101
9090 11.4222
9100 11.4344
9110 11.4465
9120 11.4587
9130 11.4709
9140 11.4831
9150 11.4953
9160 11.5075
9170 11.5197
9180 11.5319
9190 11.5441
9200 11.5563
9210 11.5685
9220 11.5807
9230 11.5929
9240 11.6051
9250 11.6173
9260 11.6295
9270 11.6417
9280 11.6538
9290 11.666
9300 11.6782
9310 11.6904
9320 11.7025
9330 11.7147
9340 11.7269
9350 11.7391
9360 11.7512
9370 11.7634
9380 11.7756
9390 11.7878
9400 11.8
9410 11.8121
9420 11.8243
9430 11.8365
9440 11.8486
9450 11.8608
9460 11.8729
9470 11.8851
9480 11.8972
9490 11.9093
9500 11.9214
9510 11.9335
9520 11.9455
9530 11.9576
9540 11.9697
9550 11.9817
9560 11.9938
9570 12.0058
9580 12.0178
9590 12.0298
9600 12.0418
9610 12.0538
9620 12.0658
9630 12.0778
9640 12.0897
9650 12.1017
9660 12.1137
9670 12.1256
9680 12.1376
9690 12.1495
9700 12.1615
9710 12.1734
9720 12.1854
9730 12.1973
9740 12.2093
9750 12.2212
9760 12.2331
9770 12.245
9780 12.257
9790 12.2689
9800 12.2808
9810 12.2927
9820 12.3046
9830 12.3166
9840 12.3285
9850 12.3404
9860 12.3523
9870 12.3642
9880 12.3761
9890 12.388
9900 12.3998
9910 12.4117
9920 12.4236
9930 12.4355
9940 12.4474
9950 12.4593
9960 12.4712
9970 12.4831
9980 12.495
9990 12.5069
