fm_matrix_rows:3816; fm_matrix_columns:38;
Singular vector:
5.004240e+00
2.385545e+00
1.246232e+00
1.074991e+00
9.345467e-01
8.401959e-01
7.640381e-01
6.653228e-01
6.344552e-01
5.572156e-01
4.591921e-01
4.162519e-01
3.981146e-01
3.717235e-01
3.134148e-01
2.880901e-01
2.657849e-01
2.585863e-01
2.434846e-01
2.298321e-01
2.025054e-01
1.519260e-01
1.371624e-01
1.221560e-01
1.003456e-01
8.697651e-02
6.445045e-02
5.544676e-02
4.439163e-02
3.497519e-02
2.721223e-02
2.046819e-02
1.614274e-02
1.243198e-02
1.016522e-02
9.660093e-03
4.980431e-03
3.971038e-05
