10 0.979922
20 0.727644
30 1.0646
40 0.9889
50 1.15205
60 1.2084
70 1.27316
80 1.38069
90 1.4194
100 1.51057
110 1.52884
120 1.60273
130 1.63617
140 1.68397
150 1.72176
160 1.78162
170 1.82055
180 1.87972
190 1.92851
200 1.9856
210 2.03147
220 2.08274
230 2.1302
240 2.17128
250 2.22525
260 2.25772
270 2.31028
280 2.33977
290 2.38252
300 2.42011
310 2.4491
320 2.48977
330 2.52265
340 2.56084
350 2.58533
360 2.62359
370 2.66231
380 2.68997
390 2.74963
400 2.77544
410 2.82381
420 2.84856
430 2.90216
440 2.92393
450 2.97432
460 2.99619
470 3.03621
480 3.06234
490 3.09815
500 3.13074
510 3.157
520 3.19578
530 3.22681
540 3.27351
550 3.29436
560 3.3355
570 3.37184
580 3.40411
590 3.44245
600 3.46438
610 3.50809
620 3.53122
630 3.57381
640 3.599
650 3.63781
660 3.66834
670 3.70276
680 3.73723
690 3.77671
700 3.80958
710 3.8528
720 3.88747
730 3.92551
740 3.9592
750 4.0008
760 4.02112
770 4.0541
780 4.09142
790 4.11256
800 4.143
810 4.16116
820 4.20101
830 4.22764
840 4.26799
850 4.29858
860 4.33776
870 4.36343
880 4.40358
890 4.42986
900 4.47534
910 4.5113
920 4.55067
930 4.58789
940 4.61885
950 4.65315
960 4.68807
970 4.70756
980 4.74759
990 4.76999
1000 4.8021
1010 4.8234
1020 4.85736
1030 4.88302
1040 4.91273
1050 4.94357
1060 4.97841
1070 5.00782
1080 5.05047
1090 5.07299
1100 5.12052
1110 5.14219
1120 5.183
1130 5.21051
1140 5.24597
1150 5.27161
1160 5.29974
1170 5.33721
1180 5.35193
1190 5.38717
1200 5.39942
1210 5.42967
1220 5.44715
1230 5.4814
1240 5.50416
1250 5.53108
1260 5.55233
1270 5.57647
1280 5.60089
1290 5.62811
1300 5.65014
1310 5.68085
1320 5.69887
1330 5.73294
1340 5.7488
1350 5.77681
1360 5.7938
1370 5.83076
1380 5.84427
1390 5.87401
1400 5.89477
1410 5.92018
1420 5.93397
1430 5.95277
1440 5.97156
1450 5.99656
1460 6.01483
1470 6.03637
1480 6.06367
1490 6.08748
1500 6.11369
1510 6.13534
1520 6.16251
1530 6.18453
1540 6.21327
1550 6.23214
1560 6.26139
1570 6.2811
1580 6.3148
1590 6.32873
1600 6.36164
1610 6.3793
1620 6.41171
1630 6.43121
1640 6.45847
1650 6.48472
1660 6.50397
1670 6.54019
1680 6.55708
1690 6.58597
1700 6.60422
1710 6.6321
1720 6.65691
1730 6.68032
1740 6.7064
1750 6.72442
1760 6.7438
1770 6.77328
1780 6.79002
1790 6.82564
1800 6.85025
1810 6.87898
1820 6.90464
1830 6.93017
1840 6.95663
1850 6.979
1860 7.00929
1870 7.02476
1880 7.0572
1890 7.07893
1900 7.10372
1910 7.13151
1920 7.16072
1930 7.1827
1940 7.21916
1950 7.23822
1960 7.26738
1970 7.28956
1980 7.31712
1990 7.34558
2000 7.36711
2010 7.39841
2020 7.41947
2030 7.45465
2040 7.47764
2050 7.50811
2060 7.5355
2070 7.56346
2080 7.59139
2090 7.62067
2100 7.64346
2110 7.6746
2120 7.69666
2130 7.73134
2140 7.762
2150 7.79117
2160 7.81512
2170 7.84445
2180 7.87308
2190 7.90367
2200 7.92727
2210 7.95499
2220 7.98269
2230 8.00605
2240 8.03384
2250 8.05441
2260 8.08915
2270 8.10454
2280 8.13777
2290 8.15578
2300 8.18155
2310 8.20265
2320 8.22739
2330 8.25007
2340 8.27591
2350 8.29522
2360 8.32133
2370 8.34289
2380 8.36672
2390 8.38526
2400 8.40257
2410 8.42907
2420 8.43575
2430 8.46895
2440 8.47657
2450 8.51398
2460 8.52914
2470 8.55416
2480 8.57031
2490 8.59499
2500 8.6158
2510 8.6426
2520 8.66362
2530 8.68537
2540 8.7015
2550 8.72596
2560 8.74797
2570 8.76868
2580 8.79794
2590 8.81278
2600 8.83818
2610 8.8612
2620 8.88214
2630 8.91125
2640 8.9299
2650 8.95474
2660 8.97202
2670 9.00972
2680 9.02752
2690 9.06673
2700 9.08725
2710 9.11917
2720 9.14067
2730 9.16853
2740 9.19424
2750 9.22297
2760 9.2577
2770 9.27719
2780 9.30874
2790 9.33749
2800 9.36274
2810 9.39765
2820 9.42014
2830 9.46168
2840 9.49148
2850 9.52371
2860 9.55654
2870 9.58977
2880 9.61398
2890 9.65129
2900 9.67146
2910 9.70587
2920 9.73169
2930 9.75706
2940 9.78593
2950 9.80856
2960 9.84547
2970 9.86415
2980 9.89613
2990 9.91453
3000 9.95024
3010 9.96897
3020 9.99872
3030 10.0224
3040 10.0408
3050 10.072
3060 10.0892
3070 10.121
3080 10.1408
3090 10.176
3100 10.1978
3110 10.2232
3120 10.2552
3130 10.279
3140 10.3073
3150 10.3373
3160 10.3682
3170 10.392
3180 10.4154
3190 10.4324
3200 10.4643
3210 10.4801
3220 10.5069
3230 10.5214
3240 10.5462
3250 10.5642
3260 10.5968
3270 10.6158
3280 10.6464
3290 10.6613
3300 10.6987
3310 10.7176
3320 10.744
3330 10.7777
3340 10.7958
3350 10.8274
3360 10.8444
3370 10.8841
3380 10.9024
3390 10.9408
3400 10.9687
3410 10.9932
3420 11.0249
3430 11.043
3440 11.0768
3450 11.1037
3460 11.132
3470 11.1647
3480 11.1886
3490 11.2243
3500 11.2551
3510 11.2879
3520 11.3137
3530 11.3448
3540 11.3679
3550 11.3913
3560 11.4158
3570 11.4429
3580 11.4679
3590 11.4933
3600 11.5261
3610 11.5497
3620 11.5748
3630 11.5911
3640 11.6302
3650 11.6447
3660 11.6855
3670 11.701
3680 11.7419
3690 11.7626
3700 11.7958
3710 11.8283
3720 11.8721
3730 11.9014
3740 11.9363
3750 11.9703
3760 12.0012
3770 12.0322
3780 12.0629
3790 12.099
3800 12.1214
3810 12.1608
3820 12.1868
3830 12.2132
3840 12.2439
3850 12.2737
3860 12.3013
3870 12.3254
3880 12.3528
3890 12.3903
3900 12.4166
3910 12.4549
3920 12.4827
3930 12.5234
3940 12.5544
3950 12.5892
3960 12.6223
3970 12.6559
3980 12.6888
3990 12.7144
4000 12.7425
4010 12.7663
4020 12.7922
4030 12.822
4040 12.8474
4050 12.8725
4060 12.8998
4070 12.9338
4080 12.97
4090 12.9952
4100 13.0302
4110 13.0582
4120 13.0904
4130 13.1188
4140 13.1533
4150 13.1775
4160 13.2059
4170 13.2423
4180 13.2655
4190 13.3002
4200 13.3291
4210 13.3621
4220 13.3957
4230 13.4238
4240 13.4626
4250 13.4836
4260 13.519
4270 13.5494
4280 13.5839
4290 13.6161
4300 13.651
4310 13.6808
4320 13.7154
4330 13.7501
4340 13.7801
4350 13.8239
4360 13.8543
4370 13.8902
4380 13.9185
4390 13.9472
4400 13.9782
4410 14.0122
4420 14.039
4430 14.066
4440 14.1001
4450 14.1324
4460 14.1633
4470 14.1884
4480 14.2247
4490 14.2536
4500 14.291
4510 14.323
4520 14.356
4530 14.3847
4540 14.4185
4550 14.4522
4560 14.487
4570 14.5235
4580 14.5589
4590 14.5964
4600 14.6342
4610 14.6675
4620 14.7072
4630 14.7349
4640 14.7772
4650 14.7991
4660 14.8391
4670 14.867
4680 14.8982
4690 14.9302
4700 14.9634
4710 14.9933
4720 15.0318
4730 15.0662
4740 15.0955
4750 15.1282
4760 15.1628
4770 15.1904
4780 15.2222
4790 15.2527
4800 15.2837
4810 15.3206
4820 15.345
4830 15.378
4840 15.4046
4850 15.4383
4860 15.4617
4870 15.4946
4880 15.5188
4890 15.5448
4900 15.5746
4910 15.5977
4920 15.6315
4930 15.654
4940 15.6801
4950 15.7079
4960 15.7392
4970 15.7637
4980 15.7937
4990 15.8183
5000 15.8506
5010 15.8717
5020 15.8987
5030 15.9209
5040 15.9422
5050 15.9691
5060 15.9897
5070 16.0234
5080 16.0469
5090 16.0724
5100 16.0999
5110 16.1212
5120 16.1587
5130 16.1768
5140 16.2158
5150 16.2395
5160 16.2762
5170 16.3018
5180 16.3374
5190 16.3639
5200 16.3834
5210 16.4144
5220 16.4387
5230 16.4712
5240 16.4926
5250 16.5311
5260 16.5486
5270 16.5829
5280 16.6
5290 16.6356
5300 16.6542
5310 16.6937
5320 16.7104
5330 16.7505
5340 16.772
5350 16.8111
5360 16.8365
5370 16.8696
5380 16.9026
5390 16.9295
5400 16.9695
5410 16.9922
5420 17.0321
5430 17.055
5440 17.0939
5450 17.1156
5460 17.1491
5470 17.1726
5480 17.2026
5490 17.2395
5500 17.2707
5510 17.3001
5520 17.3266
5530 17.3541
5540 17.3808
5550 17.4091
5560 17.436
5570 17.4527
5580 17.4871
5590 17.5055
5600 17.5366
5610 17.5591
5620 17.5946
5630 17.6181
5640 17.6537
5650 17.6791
5660 17.7059
5670 17.7348
5680 17.7574
5690 17.7931
5700 17.8096
5710 17.8501
5720 17.8737
5730 17.9078
5740 17.9321
5750 17.9649
5760 17.9973
5770 18.0191
5780 18.062
5790 18.0826
5800 18.125
5810 18.1527
5820 18.1882
5830 18.2129
5840 18.2548
5850 18.2721
5860 18.3116
5870 18.329
5880 18.3686
5890 18.3882
5900 18.4193
5910 18.449
5920 18.4821
5930 18.5056
5940 18.5449
5950 18.56
5960 18.5956
5970 18.6124
5980 18.6409
5990 18.6688
6000 18.6966
6010 18.7353
6020 18.7559
6030 18.7977
6040 18.8219
6050 18.8625
6060 18.8959
6070 18.9282
6080 18.9669
6090 18.9889
6100 19.0233
6110 19.0505
6120 19.0768
6130 19.113
6140 19.131
6150 19.1748
6160 19.1953
6170 19.2348
6180 19.2667
6190 19.2981
6200 19.3309
6210 19.3615
6220 19.406
6230 19.4353
6240 19.4703
6250 19.5054
6260 19.5341
6270 19.5694
6280 19.6
6290 19.6334
6300 19.6678
6310 19.7025
6320 19.7329
6330 19.7699
6340 19.7989
6350 19.8379
6360 19.8592
6370 19.8955
6380 19.9266
6390 19.9585
6400 19.9917
6410 20.0226
6420 20.0559
6430 20.0851
6440 20.1258
6450 20.1591
6460 20.1932
6470 20.2238
6480 20.2614
6490 20.2913
6500 20.3263
6510 20.3605
6520 20.3948
6530 20.4323
6540 20.4582
6550 20.4979
6560 20.5221
6570 20.5691
6580 20.5959
6590 20.6316
6600 20.6692
6610 20.7026
6620 20.7406
6630 20.7764
6640 20.8146
6650 20.8522
6660 20.8864
6670 20.9208
6680 20.9556
6690 20.9836
6700 21.0124
6710 21.0449
6720 21.0776
6730 21.1088
6740 21.1423
6750 21.1825
6760 21.2114
6770 21.2512
6780 21.2849
6790 21.3216
6800 21.3536
6810 21.3956
6820 21.4242
6830 21.4687
6840 21.4924
6850 21.5408
6860 21.5683
6870 21.6104
6880 21.6408
6890 21.677
6900 21.7097
6910 21.7457
6920 21.7845
6930 21.8129
6940 21.8559
6950 21.8896
6960 21.9266
6970 21.9627
6980 21.9948
6990 22.0331
7000 22.0642
7010 22.1023
7020 22.1365
7030 22.1746
7040 22.2076
7050 22.2455
7060 22.2753
7070 22.3156
7080 22.3396
7090 22.3809
7100 22.4079
7110 22.4427
7120 22.4741
7130 22.5052
7140 22.5469
7150 22.5695
7160 22.6059
7170 22.6356
7180 22.6658
7190 22.7021
7200 22.7285
7210 22.7716
7220 22.796
7230 22.8439
7240 22.8658
7250 22.9073
7260 22.9387
7270 22.9756
7280 23.0154
7290 23.0478
7300 23.0938
7310 23.1228
7320 23.1728
7330 23.2036
7340 23.2522
7350 23.2783
7360 23.327
7370 23.3645
7380 23.4103
7390 23.4453
7400 23.4889
7410 23.5332
7420 23.5687
7430 23.6134
7440 23.6519
7450 23.6885
7460 23.7249
7470 23.769
7480 23.7999
7490 23.8392
7500 23.8687
7510 23.9136
7520 23.9486
7530 23.9816
7540 24.0139
7550 24.0423
7560 24.0795
7570 24.1059
7580 24.1412
7590 24.1698
7600 24.1974
7610 24.2309
7620 24.2633
7630 24.3003
7640 24.3308
7650 24.3644
7660 24.3938
7670 24.4247
7680 24.4645
7690 24.4952
7700 24.5298
7710 24.5582
7720 24.5865
7730 24.6215
7740 24.6541
7750 24.6896
7760 24.7214
7770 24.7566
7780 24.7881
7790 24.8215
7800 24.8582
7810 24.8914
7820 24.9243
7830 24.9606
7840 24.9972
7850 25.0255
7860 25.0619
7870 25.0948
7880 25.1219
7890 25.1584
7900 25.1811
7910 25.2201
7920 25.2489
7930 25.2857
7940 25.3211
7950 25.3523
7960 25.3846
7970 25.4129
7980 25.4492
7990 25.4847
8000 25.5146
8010 25.5512
8020 25.5762
8030 25.6135
8040 25.6371
8050 25.6711
8060 25.6977
8070 25.7343
8080 25.7623
8090 25.8022
8100 25.8309
8110 25.8629
8120 25.8983
8130 25.9303
8140 25.9632
8150 25.9925
8160 26.0207
8170 26.0502
8180 26.0807
8190 26.1101
8200 26.1322
8210 26.1687
8220 26.1926
8230 26.2286
8240 26.2523
8250 26.2879
8260 26.3121
8270 26.3445
8280 26.3637
8290 26.401
8300 26.429
8310 26.4573
8320 26.4886
8330 26.5155
8340 26.5475
8350 26.5815
8360 26.611
8370 26.6415
8380 26.6736
8390 26.7045
8400 26.7361
8410 26.7758
8420 26.8076
8430 26.8442
8440 26.877
8450 26.9105
8460 26.9504
8470 26.9861
8480 27.0156
8490 27.0472
8500 27.082
8510 27.117
8520 27.1461
8530 27.1779
8540 27.2177
8550 27.2578
8560 27.2962
8570 27.3273
8580 27.3649
8590 27.3991
8600 27.4385
8610 27.4739
8620 27.5065
8630 27.5434
8640 27.5851
8650 27.6201
8660 27.6602
8670 27.6958
8680 27.7275
8690 27.775
8700 27.8067
8710 27.8557
8720 27.8926
8730 27.938
8740 27.9812
8750 28.0193
8760 28.0594
8770 28.1011
8780 28.1388
8790 28.1844
8800 28.2176
8810 28.2646
8820 28.3026
8830 28.3454
8840 28.3799
8850 28.4259
8860 28.455
8870 28.5066
8880 28.5364
8890 28.5823
8900 28.619
8910 28.6503
8920 28.699
8930 28.7288
8940 28.7754
8950 28.8024
8960 28.8545
8970 28.8771
8980 28.9255
8990 28.9502
9000 28.9901
9010 29.0263
9020 29.0656
9030 29.1013
9040 29.1373
9050 29.1788
9060 29.218
9070 29.2641
9080 29.2877
9090 29.3343
9100 29.3582
9110 29.4002
9120 29.4248
9130 29.4717
9140 29.4992
9150 29.5398
9160 29.5746
9170 29.6207
9180 29.6594
9190 29.7079
9200 29.7437
9210 29.7904
9220 29.8239
9230 29.8688
9240 29.9034
9250 29.9519
9260 29.9819
9270 30.0268
9280 30.0556
9290 30.0975
9300 30.1328
9310 30.1732
9320 30.2101
9330 30.2454
9340 30.2856
9350 30.319
9360 30.3479
9370 30.3916
9380 30.4216
9390 30.4636
9400 30.4962
9410 30.54
9420 30.5743
9430 30.622
9440 30.6512
9450 30.6978
9460 30.7371
9470 30.7821
9480 30.8208
9490 30.8596
9500 30.9001
9510 30.9403
9520 30.9797
9530 31.0221
9540 31.0548
9550 31.1003
9560 31.1385
9570 31.1779
9580 31.2108
9590 31.2533
9600 31.281
9610 31.3276
9620 31.3472
9630 31.3937
9640 31.4175
9650 31.4582
9660 31.4844
9670 31.5229
9680 31.5595
9690 31.5914
9700 31.6313
9710 31.6643
9720 31.704
9730 31.7411
9740 31.7804
9750 31.8088
9760 31.8428
9770 31.8752
9780 31.9103
9790 31.9343
9800 31.9785
9810 32.0095
9820 32.0484
9830 32.0812
9840 32.1177
9850 32.1641
9860 32.1981
9870 32.244
9880 32.2796
9890 32.3276
9900 32.358
9910 32.4007
9920 32.4268
9930 32.4694
9940 32.5049
9950 32.5325
9960 32.5796
9970 32.6013
9980 32.6432
9990 32.6789
