10 0.00410255
20 0.0158437
30 0.0338809
40 0.056559
50 0.0823324
60 0.10994
70 0.138491
80 0.167474
90 0.196698
100 0.226197
110 0.256114
120 0.286598
130 0.317721
140 0.349443
150 0.381623
160 0.414045
170 0.446472
180 0.478684
190 0.51051
200 0.541842
210 0.572625
220 0.602842
230 0.632493
240 0.661575
250 0.690075
260 0.717963
270 0.745202
280 0.771754
290 0.797591
300 0.822698
310 0.847082
320 0.870762
330 0.893774
340 0.916155
350 0.937945
360 0.959178
370 0.979884
380 1.00009
390 1.01982
400 1.03909
410 1.05794
420 1.0764
430 1.0945
440 1.11228
450 1.12977
460 1.14702
470 1.16404
480 1.18086
490 1.1975
500 1.21397
510 1.23029
520 1.24646
530 1.26251
540 1.27844
550 1.29425
560 1.30997
570 1.32559
580 1.34113
590 1.35659
600 1.37197
610 1.38729
620 1.40253
630 1.4177
640 1.43281
650 1.44785
660 1.46282
670 1.47774
680 1.49259
690 1.50739
700 1.52213
710 1.53682
720 1.55145
730 1.56602
740 1.58054
750 1.59501
760 1.60943
770 1.6238
780 1.63812
790 1.6524
800 1.66663
810 1.68084
820 1.695
830 1.70913
840 1.72322
850 1.73727
860 1.75129
870 1.76527
880 1.77922
890 1.79314
900 1.80704
910 1.82091
920 1.83475
930 1.84857
940 1.86237
950 1.87615
960 1.88991
970 1.90365
980 1.91738
990 1.93108
1000 1.94476
1010 1.95843
1020 1.97207
1030 1.98569
1040 1.9993
1050 2.01289
1060 2.02646
1070 2.04003
1080 2.05359
1090 2.06714
1100 2.08069
1110 2.09422
1120 2.10775
1130 2.12127
1140 2.13477
1150 2.14827
1160 2.16177
1170 2.17527
1180 2.18876
1190 2.20226
1200 2.21576
1210 2.22926
1220 2.24275
1230 2.25624
1240 2.26973
1250 2.28321
1260 2.29669
1270 2.31016
1280 2.32363
1290 2.33711
1300 2.3506
1310 2.36409
1320 2.3776
1330 2.39112
1340 2.40465
1350 2.41819
1360 2.43175
1370 2.44532
1380 2.4589
1390 2.47249
1400 2.48609
1410 2.4997
1420 2.51331
1430 2.52692
1440 2.54053
1450 2.55414
1460 2.56775
1470 2.58136
1480 2.59496
1490 2.60856
1500 2.62215
1510 2.63574
1520 2.64932
1530 2.66289
1540 2.67647
1550 2.69003
1560 2.70359
1570 2.71714
1580 2.73068
1590 2.7442
1600 2.7577
1610 2.77119
1620 2.78465
1630 2.7981
1640 2.81154
1650 2.82496
1660 2.83837
1670 2.85178
1680 2.86517
1690 2.87856
1700 2.89194
1710 2.90532
1720 2.9187
1730 2.93207
1740 2.94544
1750 2.95881
1760 2.97218
1770 2.98555
1780 2.99891
1790 3.01226
1800 3.02561
1810 3.03896
1820 3.0523
1830 3.06565
1840 3.079
1850 3.09234
1860 3.10569
1870 3.11903
1880 3.13237
1890 3.1457
1900 3.15904
1910 3.17238
1920 3.18572
1930 3.19907
1940 3.21243
1950 3.22581
1960 3.23921
1970 3.25263
1980 3.26606
1990 3.2795
2000 3.29297
2010 3.30644
2020 3.31993
2030 3.33344
2040 3.34698
2050 3.36053
2060 3.37412
2070 3.38773
2080 3.40136
2090 3.41501
2100 3.42868
2110 3.44235
2120 3.45603
2130 3.46971
2140 3.48338
2150 3.49705
2160 3.51071
2170 3.52437
2180 3.53803
2190 3.55169
2200 3.56536
2210 3.57904
2220 3.59273
2230 3.60643
2240 3.62013
2250 3.63384
2260 3.64755
2270 3.66125
2280 3.67494
2290 3.68862
2300 3.70228
2310 3.71594
2320 3.72957
2330 3.7432
2340 3.75682
2350 3.77044
2360 3.78407
2370 3.79769
2380 3.81132
2390 3.82496
2400 3.83859
2410 3.85223
2420 3.86585
2430 3.87946
2440 3.89306
2450 3.90665
2460 3.92022
2470 3.93379
2480 3.94735
2490 3.96091
2500 3.97446
2510 3.988
2520 4.00154
2530 4.01508
2540 4.02861
2550 4.04212
2560 4.05563
2570 4.06913
2580 4.08262
2590 4.09611
2600 4.10959
2610 4.12307
2620 4.13656
2630 4.15005
2640 4.16354
2650 4.17705
2660 4.19056
2670 4.20407
2680 4.21758
2690 4.23109
2700 4.2446
2710 4.2581
2720 4.2716
2730 4.2851
2740 4.29859
2750 4.31208
2760 4.32558
2770 4.33908
2780 4.35258
2790 4.36608
2800 4.37958
2810 4.39307
2820 4.40655
2830 4.42001
2840 4.43345
2850 4.44686
2860 4.46025
2870 4.47361
2880 4.48696
2890 4.50028
2900 4.51359
2910 4.52689
2920 4.54018
2930 4.55347
2940 4.56675
2950 4.58003
2960 4.5933
2970 4.60657
2980 4.61982
2990 4.63307
3000 4.64631
3010 4.65954
3020 4.67275
3030 4.68597
3040 4.69917
3050 4.71237
3060 4.72556
3070 4.73875
3080 4.75194
3090 4.76512
3100 4.77831
3110 4.7915
3120 4.80469
3130 4.81788
3140 4.83107
3150 4.84427
3160 4.85747
3170 4.87067
3180 4.88388
3190 4.89709
3200 4.91031
3210 4.92354
3220 4.9368
3230 4.95007
3240 4.96335
3250 4.97666
3260 4.98997
3270 5.00329
3280 5.01662
3290 5.02994
3300 5.04325
3310 5.05656
3320 5.06986
3330 5.08314
3340 5.09643
3350 5.10971
3360 5.12299
3370 5.13628
3380 5.14956
3390 5.16286
3400 5.17616
3410 5.18947
3420 5.20279
3430 5.21613
3440 5.22948
3450 5.24285
3460 5.25623
3470 5.26962
3480 5.28303
3490 5.29644
3500 5.30986
3510 5.32328
3520 5.3367
3530 5.35011
3540 5.36353
3550 5.37694
3560 5.39034
3570 5.40374
3580 5.41715
3590 5.43054
3600 5.44394
3610 5.45734
3620 5.47074
3630 5.48413
3640 5.49753
3650 5.51092
3660 5.52431
3670 5.53769
3680 5.55107
3690 5.56443
3700 5.57779
3710 5.59114
3720 5.60449
3730 5.61782
3740 5.63115
3750 5.64447
3760 5.6578
3770 5.67113
3780 5.68446
3790 5.6978
3800 5.71115
3810 5.72449
3820 5.73784
3830 5.75119
3840 5.76453
3850 5.77787
3860 5.7912
3870 5.80453
3880 5.81785
3890 5.83117
3900 5.8445
3910 5.85783
3920 5.87117
3930 5.88453
3940 5.89791
3950 5.9113
3960 5.92472
3970 5.93814
3980 5.95158
3990 5.96502
4000 5.97847
4010 5.99192
4020 6.00537
4030 6.01883
4040 6.03229
4050 6.04574
4060 6.0592
4070 6.07265
4080 6.08609
4090 6.09953
4100 6.11295
4110 6.12637
4120 6.13978
4130 6.15318
4140 6.16657
4150 6.17995
4160 6.19333
4170 6.20671
4180 6.22008
4190 6.23345
4200 6.24681
4210 6.26018
4220 6.27354
4230 6.2869
4240 6.30025
4250 6.31359
4260 6.32693
4270 6.34026
4280 6.35358
4290 6.3669
4300 6.3802
4310 6.39349
4320 6.40676
4330 6.42003
4340 6.43328
4350 6.44652
4360 6.45974
4370 6.47295
4380 6.48614
4390 6.49932
4400 6.51249
4410 6.52563
4420 6.53876
4430 6.55188
4440 6.56498
4450 6.57807
4460 6.59116
4470 6.60423
4480 6.6173
4490 6.63036
4500 6.64341
4510 6.65645
4520 6.66947
4530 6.68247
4540 6.69546
4550 6.70845
4560 6.72142
4570 6.73439
4580 6.74735
4590 6.76031
4600 6.77326
4610 6.78621
4620 6.79914
4630 6.81207
4640 6.825
4650 6.83791
4660 6.85083
4670 6.86374
4680 6.87665
4690 6.88955
4700 6.90246
4710 6.91537
4720 6.92827
4730 6.94116
4740 6.95405
4750 6.96693
4760 6.97981
4770 6.99268
4780 7.00556
4790 7.01844
4800 7.03133
4810 7.04424
4820 7.05716
4830 7.07009
4840 7.08304
4850 7.09599
4860 7.10895
4870 7.12191
4880 7.13487
4890 7.14783
4900 7.16079
4910 7.17376
4920 7.18674
4930 7.19973
4940 7.21274
4950 7.22577
4960 7.23881
4970 7.25186
4980 7.26491
4990 7.27797
5000 7.29102
5010 7.30407
5020 7.31712
5030 7.33017
5040 7.34322
5050 7.35628
5060 7.36934
5070 7.38241
5080 7.39548
5090 7.40855
5100 7.42163
5110 7.4347
5120 7.44777
5130 7.46084
5140 7.4739
5150 7.48696
5160 7.50001
5170 7.51307
5180 7.52612
5190 7.53917
5200 7.55223
5210 7.5653
5220 7.57837
5230 7.59145
5240 7.60455
5250 7.61767
5260 7.6308
5270 7.64395
5280 7.65711
5290 7.67028
5300 7.68345
5310 7.69661
5320 7.70976
5330 7.7229
5340 7.73603
5350 7.74915
5360 7.76226
5370 7.77537
5380 7.78849
5390 7.8016
5400 7.8147
5410 7.82781
5420 7.8409
5430 7.85398
5440 7.86704
5450 7.8801
5460 7.89314
5470 7.90617
5480 7.91919
5490 7.93221
5500 7.94521
5510 7.95821
5520 7.97121
5530 7.9842
5540 7.99719
5550 8.01017
5560 8.02316
5570 8.03614
5580 8.04912
5590 8.0621
5600 8.07508
5610 8.08807
5620 8.10105
5630 8.11403
5640 8.12701
5650 8.13998
5660 8.15296
5670 8.16593
5680 8.1789
5690 8.19188
5700 8.20485
5710 8.21784
5720 8.23082
5730 8.24381
5740 8.25681
5750 8.2698
5760 8.2828
5770 8.29579
5780 8.30877
5790 8.32175
5800 8.33471
5810 8.34766
5820 8.3606
5830 8.37352
5840 8.38642
5850 8.3993
5860 8.41217
5870 8.42502
5880 8.43785
5890 8.45067
5900 8.46347
5910 8.47626
5920 8.48902
5930 8.50177
5940 8.51451
5950 8.52724
5960 8.53995
5970 8.55266
5980 8.56536
5990 8.57806
6000 8.59075
6010 8.60343
6020 8.61611
6030 8.62877
6040 8.64143
6050 8.65408
6060 8.66672
6070 8.67936
6080 8.692
6090 8.70464
6100 8.71728
6110 8.72992
6120 8.74257
6130 8.75522
6140 8.76788
6150 8.78054
6160 8.79321
6170 8.80588
6180 8.81856
6190 8.83124
6200 8.84393
6210 8.85664
6220 8.86936
6230 8.8821
6240 8.89486
6250 8.90763
6260 8.92041
6270 8.93321
6280 8.94601
6290 8.95882
6300 8.97164
6310 8.98448
6320 8.99732
6330 9.01019
6340 9.02306
6350 9.03595
6360 9.04886
6370 9.06177
6380 9.0747
6390 9.08763
6400 9.10057
6410 9.11352
6420 9.12647
6430 9.13943
6440 9.15239
6450 9.16536
6460 9.17834
6470 9.19131
6480 9.20429
6490 9.21727
6500 9.23025
6510 9.24322
6520 9.2562
6530 9.26918
6540 9.28216
6550 9.29513
6560 9.30811
6570 9.32108
6580 9.33404
6590 9.34699
6600 9.35994
6610 9.37287
6620 9.38579
6630 9.3987
6640 9.41159
6650 9.42448
6660 9.43736
6670 9.45023
6680 9.46309
6690 9.47594
6700 9.48879
6710 9.50162
6720 9.51445
6730 9.52728
6740 9.54009
6750 9.5529
6760 9.5657
6770 9.5785
6780 9.59129
6790 9.60407
6800 9.61685
6810 9.62961
6820 9.64237
6830 9.65513
6840 9.66787
6850 9.68062
6860 9.69335
6870 9.70607
6880 9.71878
6890 9.73148
6900 9.74416
6910 9.75682
6920 9.76947
6930 9.7821
6940 9.79471
6950 9.80732
6960 9.81992
6970 9.83252
6980 9.84513
6990 9.85773
7000 9.87033
7010 9.88293
7020 9.89552
7030 9.9081
7040 9.92065
7050 9.9332
7060 9.94572
7070 9.95823
7080 9.97073
7090 9.98321
7100 9.99568
7110 10.0081
7120 10.0206
7130 10.033
7140 10.0454
7150 10.0578
7160 10.0703
7170 10.0827
7180 10.0951
7190 10.1075
7200 10.1199
7210 10.1323
7220 10.1448
7230 10.1572
7240 10.1697
7250 10.1822
7260 10.1947
7270 10.2072
7280 10.2197
7290 10.2322
7300 10.2447
7310 10.2573
7320 10.2698
7330 10.2823
7340 10.2948
7350 10.3073
7360 10.3197
7370 10.3322
7380 10.3446
7390 10.3571
7400 10.3695
7410 10.3819
7420 10.3944
7430 10.4068
7440 10.4193
7450 10.4317
7460 10.4442
7470 10.4567
7480 10.4692
7490 10.4817
7500 10.4941
7510 10.5066
7520 10.519
7530 10.5314
7540 10.5438
7550 10.5562
7560 10.5686
7570 10.581
7580 10.5934
7590 10.6057
7600 10.6181
7610 10.6304
7620 10.6427
7630 10.655
7640 10.6673
7650 10.6796
7660 10.6919
7670 10.7042
7680 10.7164
7690 10.7287
7700 10.7409
7710 10.7532
7720 10.7654
7730 10.7776
7740 10.7898
7750 10.802
7760 10.8142
7770 10.8263
7780 10.8385
7790 10.8507
7800 10.8628
7810 10.875
7820 10.8871
7830 10.8993
7840 10.9115
7850 10.9236
7860 10.9358
7870 10.948
7880 10.9602
7890 10.9724
7900 10.9846
7910 10.9967
7920 11.0089
7930 11.0211
7940 11.0333
7950 11.0455
7960 11.0576
7970 11.0697
7980 11.0819
7990 11.094
8000 11.1061
8010 11.1182
8020 11.1303
8030 11.1424
8040 11.1545
8050 11.1666
8060 11.1787
8070 11.1909
8080 11.203
8090 11.2151
8100 11.2272
8110 11.2394
8120 11.2515
8130 11.2636
8140 11.2758
8150 11.2879
8160 11.3
8170 11.3122
8180 11.3243
8190 11.3364
8200 11.3485
8210 11.3607
8220 11.3728
8230 11.385
8240 11.3971
8250 11.4092
8260 11.4214
8270 11.4335
8280 11.4457
8290 11.4578
8300 11.47
8310 11.4821
8320 11.4943
8330 11.5064
8340 11.5185
8350 11.5307
8360 11.5428
8370 11.5549
8380 11.5671
8390 11.5792
8400 11.5913
8410 11.6034
8420 11.6156
8430 11.6277
8440 11.6398
8450 11.6519
8460 11.664
8470 11.6761
8480 11.6881
8490 11.7002
8500 11.7123
8510 11.7244
8520 11.7365
8530 11.7485
8540 11.7607
8550 11.7728
8560 11.7849
8570 11.7971
8580 11.8092
8590 11.8214
8600 11.8336
8610 11.8457
8620 11.8579
8630 11.87
8640 11.8822
8650 11.8943
8660 11.9065
8670 11.9186
8680 11.9308
8690 11.9429
8700 11.9551
8710 11.9673
8720 11.9794
8730 11.9916
8740 12.0038
8750 12.0159
8760 12.0281
8770 12.0402
8780 12.0524
8790 12.0645
8800 12.0766
8810 12.0887
8820 12.1008
8830 12.1129
8840 12.125
8850 12.137
8860 12.1491
8870 12.1611
8880 12.1732
8890 12.1852
8900 12.1973
8910 12.2093
8920 12.2213
8930 12.2333
8940 12.2454
8950 12.2574
8960 12.2695
8970 12.2815
8980 12.2936
8990 12.3057
9000 12.3178
9010 12.3299
9020 12.342
9030 12.3542
9040 12.3664
9050 12.3786
9060 12.3909
9070 12.4032
9080 12.4155
9090 12.4278
9100 12.4402
9110 12.4526
9120 12.465
9130 12.4774
9140 12.4899
9150 12.5024
9160 12.5149
9170 12.5274
9180 12.5399
9190 12.5524
9200 12.5649
9210 12.5774
9220 12.59
9230 12.6025
9240 12.615
9250 12.6275
9260 12.64
9270 12.6525
9280 12.665
9290 12.6775
9300 12.6899
9310 12.7023
9320 12.7147
9330 12.727
9340 12.7394
9350 12.7517
9360 12.764
9370 12.7763
9380 12.7885
9390 12.8008
9400 12.813
9410 12.8252
9420 12.8374
9430 12.8496
9440 12.8618
9450 12.874
9460 12.8862
9470 12.8983
9480 12.9104
9490 12.9225
9500 12.9345
9510 12.9466
9520 12.9586
9530 12.9706
9540 12.9826
9550 12.9946
9560 13.0066
9570 13.0185
9580 13.0305
9590 13.0424
9600 13.0543
9610 13.0662
9620 13.0781
9630 13.09
9640 13.1019
9650 13.1138
9660 13.1256
9670 13.1375
9680 13.1493
9690 13.1612
9700 13.1731
9710 13.185
9720 13.1969
9730 13.2088
9740 13.2207
9750 13.2327
9760 13.2446
9770 13.2566
9780 13.2686
9790 13.2807
9800 13.2927
9810 13.3047
9820 13.3168
9830 13.3289
9840 13.3409
9850 13.353
9860 13.3651
9870 13.3772
9880 13.3893
9890 13.4014
9900 13.4135
9910 13.4257
9920 13.4378
9930 13.45
9940 13.4621
9950 13.4743
9960 13.4865
9970 13.4987
9980 13.5109
9990 13.5232
