10 0.0118271
20 0.0297964
30 0.0519876
40 0.0767735
50 0.102935
60 0.130697
70 0.158713
80 0.186778
90 0.214796
100 0.242619
110 0.269834
120 0.29648
130 0.322955
140 0.349263
150 0.375417
160 0.401352
170 0.427115
180 0.452828
190 0.478537
200 0.504274
210 0.530199
220 0.556603
230 0.583124
240 0.609676
250 0.636229
260 0.662829
270 0.689695
280 0.716715
290 0.743895
300 0.771207
310 0.798636
320 0.826157
330 0.853722
340 0.881375
350 0.90913
360 0.93696
370 0.964855
380 0.992781
390 1.02076
400 1.04872
410 1.07662
420 1.10448
430 1.13227
440 1.15991
450 1.18745
460 1.21431
470 1.24048
480 1.26641
490 1.29211
500 1.31766
510 1.34309
520 1.36841
530 1.39358
540 1.41868
550 1.44373
560 1.46873
570 1.49367
580 1.51851
590 1.54328
600 1.56799
610 1.59262
620 1.61704
630 1.64076
640 1.66451
650 1.6883
660 1.71216
670 1.73599
680 1.75968
690 1.78344
700 1.8072
710 1.83101
720 1.85488
730 1.87876
740 1.90272
750 1.92675
760 1.95087
770 1.97509
780 1.99936
790 2.02372
800 2.04819
810 2.07279
820 2.09747
830 2.12228
840 2.14723
850 2.17232
860 2.19758
870 2.22288
880 2.24837
890 2.27417
900 2.29996
910 2.32576
920 2.35166
930 2.37776
940 2.40412
950 2.43075
960 2.4576
970 2.48463
980 2.51177
990 2.53893
1000 2.56612
1010 2.59339
1020 2.62074
1030 2.64817
1040 2.67562
1050 2.70313
1060 2.73066
1070 2.75821
1080 2.7858
1090 2.81354
1100 2.84191
1110 2.87109
1120 2.90043
1130 2.92992
1140 2.95959
1150 2.98947
1160 3.01948
1170 3.04954
1180 3.07959
1190 3.10954
1200 3.13934
1210 3.16906
1220 3.19872
1230 3.22825
1240 3.25767
1250 3.28698
1260 3.31619
1270 3.34536
1280 3.37452
1290 3.40363
1300 3.43265
1310 3.46154
1320 3.49032
1330 3.51899
1340 3.54755
1350 3.576
1360 3.6042
1370 3.6322
1380 3.66014
1390 3.68798
1400 3.71572
1410 3.74333
1420 3.77089
1430 3.79851
1440 3.82622
1450 3.854
1460 3.88182
1470 3.90954
1480 3.93713
1490 3.96464
1500 3.99208
1510 4.01945
1520 4.04675
1530 4.07402
1540 4.10126
1550 4.12847
1560 4.15575
1570 4.18321
1580 4.21088
1590 4.23873
1600 4.26668
1610 4.29468
1620 4.3228
1630 4.35107
1640 4.37949
1650 4.40808
1660 4.43684
1670 4.46568
1680 4.4945
1690 4.52332
1700 4.55214
1710 4.58104
1720 4.61003
1730 4.63908
1740 4.66821
1750 4.69743
1760 4.72674
1770 4.75616
1780 4.78573
1790 4.81552
1800 4.84546
1810 4.87551
1820 4.90564
1830 4.93583
1840 4.96612
1850 4.99652
1860 5.02701
1870 5.05756
1880 5.08818
1890 5.11882
1900 5.14947
1910 5.18013
1920 5.21067
1930 5.24106
1940 5.27135
1950 5.30152
1960 5.33158
1970 5.36157
1980 5.39223
1990 5.42313
2000 5.45422
2010 5.48553
2020 5.51693
2030 5.54841
2040 5.58006
2050 5.61198
2060 5.64412
2070 5.67646
2080 5.709
2090 5.74171
2100 5.7744
2110 5.80718
2120 5.84006
2130 5.87302
2140 5.90609
2150 5.93918
2160 5.97232
2170 6.00544
2180 6.0385
2190 6.07151
2200 6.10419
2210 6.13625
2220 6.16815
2230 6.19994
2240 6.23172
2250 6.26362
2260 6.2957
2270 6.32795
2280 6.36031
2290 6.39273
2300 6.42517
2310 6.45767
2320 6.4902
2330 6.52267
2340 6.55504
2350 6.58739
2360 6.61966
2370 6.65189
2380 6.68419
2390 6.71654
2400 6.74896
2410 6.78149
2420 6.81417
2430 6.84696
2440 6.87972
2450 6.91238
2460 6.94494
2470 6.97754
2480 7.0102
2490 7.04299
2500 7.07603
2510 7.1093
2520 7.14272
2530 7.17665
2540 7.21058
2550 7.24444
2560 7.27829
2570 7.31224
2580 7.34632
2590 7.38047
2600 7.41461
2610 7.44874
2620 7.48286
2630 7.517
2640 7.55121
2650 7.58539
2660 7.61956
2670 7.65379
2680 7.68803
2690 7.72229
2700 7.7565
2710 7.79069
2720 7.82497
2730 7.85937
2740 7.89383
2750 7.92829
2760 7.9627
2770 7.99712
2780 8.0316
2790 8.06616
2800 8.1008
2810 8.1355
2820 8.17029
2830 8.20511
2840 8.23986
2850 8.27455
2860 8.30919
2870 8.34379
2880 8.37827
2890 8.41257
2900 8.4467
2910 8.48061
2920 8.5143
2930 8.5478
2940 8.5812
2950 8.61455
2960 8.64786
2970 8.68115
2980 8.71446
2990 8.74782
3000 8.78121
3010 8.81453
3020 8.84782
3030 8.88106
3040 8.9143
3050 8.94759
3060 8.98104
3070 9.01465
3080 9.04834
3090 9.08201
3100 9.11561
3110 9.1491
3120 9.18246
3130 9.21572
3140 9.24893
3150 9.28209
3160 9.31517
3170 9.34818
3180 9.38113
3190 9.414
3200 9.44687
3210 9.47975
3220 9.5127
3230 9.54582
3240 9.57915
3250 9.61239
3260 9.64559
3270 9.67884
3280 9.71226
3290 9.74574
3300 9.7792
3310 9.81257
3320 9.84584
3330 9.87903
3340 9.91215
3350 9.94519
3360 9.9782
3370 10.0112
3380 10.0441
3390 10.0769
3400 10.1097
3410 10.1428
3420 10.176
3430 10.2094
3440 10.2429
3450 10.2767
3460 10.3107
3470 10.345
3480 10.3795
3490 10.4143
3500 10.4491
3510 10.484
3520 10.519
3530 10.5541
3540 10.5893
3550 10.6246
3560 10.66
3570 10.6954
3580 10.7307
3590 10.7662
3600 10.8016
3610 10.8371
3620 10.8725
3630 10.908
3640 10.9434
3650 10.9787
3660 11.0139
3670 11.0491
3680 11.0843
3690 11.1194
3700 11.1545
3710 11.1896
3720 11.2248
3730 11.2599
3740 11.295
3750 11.3299
3760 11.3648
3770 11.3997
3780 11.4345
3790 11.4693
3800 11.5042
3810 11.539
3820 11.5739
3830 11.6087
3840 11.6434
3850 11.6779
3860 11.7123
3870 11.747
3880 11.7819
3890 11.8168
3900 11.8518
3910 11.8869
3920 11.9221
3930 11.9572
3940 11.9921
3950 12.0268
3960 12.0614
3970 12.096
3980 12.1306
3990 12.1651
4000 12.1995
4010 12.2337
4020 12.2676
4030 12.3013
4040 12.3349
4050 12.3684
4060 12.402
4070 12.4358
4080 12.4698
4090 12.5041
4100 12.5385
4110 12.5732
4120 12.6082
4130 12.6434
4140 12.6787
4150 12.7142
4160 12.7498
4170 12.7855
4180 12.8214
4190 12.8575
4200 12.8939
4210 12.9305
4220 12.9672
4230 13.004
4240 13.0409
4250 13.0778
4260 13.1148
4270 13.1519
4280 13.1891
4290 13.2266
4300 13.2643
4310 13.3023
4320 13.3406
4330 13.379
4340 13.4173
4350 13.4558
4360 13.4943
4370 13.5328
4380 13.5717
4390 13.6108
4400 13.6501
4410 13.6896
4420 13.7292
4430 13.7689
4440 13.8087
4450 13.8485
4460 13.8885
4470 13.9286
4480 13.9687
4490 14.0086
4500 14.0485
4510 14.0882
4520 14.1277
4530 14.1673
4540 14.2067
4550 14.2461
4560 14.2853
4570 14.3245
4580 14.3634
4590 14.4021
4600 14.4406
4610 14.4789
4620 14.5172
4630 14.5557
4640 14.5943
4650 14.633
4660 14.6716
4670 14.7102
4680 14.7489
4690 14.7877
4700 14.8266
4710 14.8655
4720 14.9043
4730 14.9428
4740 14.981
4750 15.0186
4760 15.0558
4770 15.0927
4780 15.1295
4790 15.1662
4800 15.203
4810 15.2398
4820 15.2766
4830 15.3134
4840 15.3502
4850 15.3869
4860 15.4234
4870 15.4597
4880 15.4959
4890 15.532
4900 15.568
4910 15.6039
4920 15.6398
4930 15.6756
4940 15.7115
4950 15.7475
4960 15.7835
4970 15.8197
4980 15.8561
4990 15.8927
5000 15.9294
5010 15.9663
5020 16.0034
5030 16.0404
5040 16.0775
5050 16.1146
5060 16.1518
5070 16.189
5080 16.2263
5090 16.2638
5100 16.3011
5110 16.3384
5120 16.3756
5130 16.4128
5140 16.45
5150 16.4873
5160 16.5247
5170 16.5622
5180 16.5998
5190 16.6374
5200 16.6751
5210 16.7128
5220 16.7507
5230 16.7888
5240 16.8269
5250 16.8651
5260 16.9034
5270 16.9417
5280 16.98
5290 17.0182
5300 17.0566
5310 17.095
5320 17.1335
5330 17.172
5340 17.2104
5350 17.2488
5360 17.287
5370 17.3251
5380 17.363
5390 17.4008
5400 17.4384
5410 17.476
5420 17.5135
5430 17.5511
5440 17.5887
5450 17.6266
5460 17.6645
5470 17.7025
5480 17.7406
5490 17.7791
5500 17.818
5510 17.8574
5520 17.8971
5530 17.9372
5540 17.9776
5550 18.018
5560 18.0585
5570 18.0989
5580 18.1393
5590 18.1795
5600 18.2196
5610 18.2594
5620 18.2992
5630 18.3387
5640 18.3783
5650 18.418
5660 18.4577
5670 18.4976
5680 18.5374
5690 18.5772
5700 18.617
5710 18.6566
5720 18.6962
5730 18.7358
5740 18.7754
5750 18.8152
5760 18.8554
5770 18.8953
5780 18.9352
5790 18.9751
5800 19.0151
5810 19.0553
5820 19.0956
5830 19.1361
5840 19.1767
5850 19.2174
5860 19.2581
5870 19.2988
5880 19.3396
5890 19.3804
5900 19.4212
5910 19.4619
5920 19.5024
5930 19.5427
5940 19.5829
5950 19.6229
5960 19.6624
5970 19.7013
5980 19.7402
5990 19.7792
6000 19.8182
6010 19.8573
6020 19.8964
6030 19.9355
6040 19.9745
6050 20.0135
6060 20.0526
6070 20.0904
6080 20.1281
6090 20.1658
6100 20.2034
6110 20.2409
6120 20.2784
6130 20.3158
6140 20.3532
6150 20.3906
6160 20.428
6170 20.4654
6180 20.5028
6190 20.54
6200 20.577
6210 20.6138
6220 20.6507
6230 20.6876
6240 20.7246
6250 20.7617
6260 20.7988
6270 20.836
6280 20.873
6290 20.9101
6300 20.9471
6310 20.9841
6320 21.0211
6330 21.058
6340 21.0949
6350 21.1319
6360 21.1688
6370 21.2056
6380 21.2422
6390 21.2785
6400 21.3146
6410 21.3508
6420 21.3869
6430 21.423
6440 21.4592
6450 21.4953
6460 21.5316
6470 21.5683
6480 21.6052
6490 21.6424
6500 21.6797
6510 21.7172
6520 21.7548
6530 21.7924
6540 21.8298
6550 21.8672
6560 21.9044
6570 21.9416
6580 21.9788
6590 22.0161
6600 22.0537
6610 22.0914
6620 22.1291
6630 22.1667
6640 22.2042
6650 22.2418
6660 22.2794
6670 22.3169
6680 22.3544
6690 22.3919
6700 22.4293
6710 22.4666
6720 22.5036
6730 22.5403
6740 22.5769
6750 22.6132
6760 22.6492
6770 22.6848
6780 22.7199
6790 22.7548
6800 22.7895
6810 22.8242
6820 22.8588
6830 22.8932
6840 22.9275
6850 22.9617
6860 22.9958
6870 23.0299
6880 23.0638
6890 23.0977
6900 23.1314
6910 23.1651
6920 23.1986
6930 23.2322
6940 23.266
6950 23.3
6960 23.3342
6970 23.3686
6980 23.4031
6990 23.4377
7000 23.4725
7010 23.5076
7020 23.5427
7030 23.5779
7040 23.6131
7050 23.6484
7060 23.6837
7070 23.7192
7080 23.7547
7090 23.7901
7100 23.8255
7110 23.8609
7120 23.8961
7130 23.9313
7140 23.9665
7150 24.0015
7160 24.0366
7170 24.0717
7180 24.1067
7190 24.1418
7200 24.177
7210 24.2124
7220 24.2478
7230 24.2832
7240 24.3187
7250 24.3543
7260 24.3898
7270 24.4253
7280 24.4609
7290 24.4963
7300 24.5319
7310 24.5675
7320 24.6032
7330 24.6389
7340 24.6745
7350 24.7102
7360 24.7457
7370 24.7812
7380 24.8167
7390 24.8522
7400 24.8876
7410 24.9228
7420 24.958
7430 24.9929
7440 25.0277
7450 25.0622
7460 25.0966
7470 25.1309
7480 25.1652
7490 25.1997
7500 25.2343
7510 25.2692
7520 25.304
7530 25.3389
7540 25.3739
7550 25.409
7560 25.4442
7570 25.4795
7580 25.5151
7590 25.5507
7600 25.5864
7610 25.622
7620 25.6575
7630 25.693
7640 25.7283
7650 25.7635
7660 25.7987
7670 25.8341
7680 25.8695
7690 25.905
7700 25.9405
7710 25.976
7720 26.0115
7730 26.0471
7740 26.0826
7750 26.1181
7760 26.1533
7770 26.1885
7780 26.2237
7790 26.2589
7800 26.2941
7810 26.3291
7820 26.3641
7830 26.3988
7840 26.4333
7850 26.4674
7860 26.5012
7870 26.5347
7880 26.5681
7890 26.6014
7900 26.6346
7910 26.6675
7920 26.7002
7930 26.7326
7940 26.7646
7950 26.7963
7960 26.8279
7970 26.8594
7980 26.8908
7990 26.922
8000 26.9533
8010 26.9846
8020 27.0158
8030 27.0469
8040 27.0779
8050 27.1087
8060 27.1395
8070 27.1701
8080 27.2007
8090 27.2313
8100 27.2619
8110 27.2925
8120 27.3231
8130 27.3538
8140 27.3847
8150 27.4156
8160 27.4465
8170 27.4774
8180 27.5081
8190 27.5387
8200 27.5692
8210 27.5996
8220 27.6298
8230 27.6599
8240 27.69
8250 27.72
8260 27.75
8270 27.7798
8280 27.8096
8290 27.8395
8300 27.8695
8310 27.8994
8320 27.9293
8330 27.9592
8340 27.9891
8350 28.019
8360 28.0489
8370 28.0789
8380 28.1089
8390 28.139
8400 28.169
8410 28.1991
8420 28.229
8430 28.2586
8440 28.2879
8450 28.317
8460 28.346
8470 28.375
8480 28.4035
8490 28.4315
8500 28.4595
8510 28.4875
8520 28.5155
8530 28.5435
8540 28.5715
8550 28.5995
8560 28.6274
8570 28.6554
8580 28.6833
8590 28.7141
8600 28.7449
8610 28.7758
8620 28.8066
8630 28.8375
8640 28.8684
8650 28.8993
8660 28.9302
8670 28.9611
8680 28.992
8690 29.0229
8700 29.0538
8710 29.0847
8720 29.1153
8730 29.1455
8740 29.1754
8750 29.2049
8760 29.2339
8770 29.2628
8780 29.2916
8790 29.3204
8800 29.3493
8810 29.3781
8820 29.4067
8830 29.435
8840 29.4631
8850 29.491
8860 29.5187
8870 29.5463
8880 29.5739
8890 29.6013
8900 29.6286
8910 29.656
8920 29.6834
8930 29.7108
8940 29.7383
8950 29.7658
8960 29.7933
8970 29.8208
8980 29.8482
8990 29.8754
9000 29.9024
9010 29.929
9020 29.9554
9030 29.9816
9040 30.0078
9050 30.0338
9060 30.0597
9070 30.0854
9080 30.1112
9090 30.137
9100 30.1629
9110 30.1887
9120 30.2145
9130 30.2399
9140 30.2651
9150 30.2901
9160 30.3149
9170 30.3395
9180 30.364
9190 30.3882
9200 30.4121
9210 30.4357
9220 30.4592
9230 30.4826
9240 30.5061
9250 30.5298
9260 30.5538
9270 30.5781
9280 30.6027
9290 30.6275
9300 30.6525
9310 30.6775
9320 30.7025
9330 30.7276
9340 30.7526
9350 30.7775
9360 30.8022
9370 30.8269
9380 30.8515
9390 30.876
9400 30.9005
9410 30.9251
9420 30.9497
9430 30.9744
9440 30.9993
9450 31.0244
9460 31.0499
9470 31.0755
9480 31.1011
9490 31.1265
9500 31.1516
9510 31.1765
9520 31.201
9530 31.2253
9540 31.2493
9550 31.2734
9560 31.2976
9570 31.3222
9580 31.347
9590 31.372
9600 31.3972
9610 31.4225
9620 31.449
9630 31.4755
9640 31.502
9650 31.5286
9660 31.5552
9670 31.5817
9680 31.6081
9690 31.6345
9700 31.6606
9710 31.6866
9720 31.7123
9730 31.7378
9740 31.7632
9750 31.7884
9760 31.8135
9770 31.8385
9780 31.8634
9790 31.8882
9800 31.9129
9810 31.9374
9820 31.9618
9830 31.9862
9840 32.0107
9850 32.0353
9860 32.06
9870 32.0847
9880 32.1097
9890 32.1347
9900 32.1598
9910 32.1848
9920 32.2096
9930 32.2343
9940 32.2588
9950 32.2832
9960 32.3072
9970 32.3311
9980 32.3547
9990 32.3782
