0.01 0
0.03 0
0.05 0
0.07 0
0.09 0
0.11 0
0.13 0
0.15 0
0.17 0
0.19 0
0.21 0
0.23 0
0.25 0
0.27 0
0.29 0
0.31 0
0.33 0
0.35 0
0.37 0
0.39 0
0.41 0
0.43 0
0.45 0
0.47 0
0.49 0
0.51 0
0.53 0
0.55 0
0.57 0
0.59 0
0.61 0
0.63 0
0.65 0
0.67 0
0.69 0
0.71 0
0.73 0
0.75 0
0.77 0
0.79 0
0.81 0
0.83 0
0.85 0
0.87 0
0.89 0
0.91 0
0.93 0
0.95 0
0.97 0
0.99 0
1.01 0
1.03 0
1.05 0
1.07 0
1.09 0
1.11 0
1.13 0
1.15 0
1.17 0
1.19 0
1.21 0
1.23 0
1.25 0
1.27 0
1.29 0
1.31 0
1.33 0
1.35 0
1.37 0
1.39 0
1.41 0
1.43 0
1.45 0
1.47 0
1.49 0
1.51 0
1.53 0
1.55 0
1.57 0
1.59 0
1.61 0
1.63 0
1.65 0
1.67 0
1.69 0
1.71 0
1.73 0
1.75 0
1.77 0
1.79 0
1.81 0
1.83 0
1.85 0
1.87 0
1.89 0
1.91 0
1.93 0
1.95 0
1.97 0
1.99 0
2.01 0
2.03 0
2.05 0
2.07 0
2.09 0
2.11 0
2.13 0
2.15 0
2.17 0
2.19 0
2.21 0
2.23 0.0968581
2.25 1.42874
2.27 8.61981
2.29 27.5276
2.31 44.3753
2.33 91.3043
2.35 135.766
2.37 139.95
2.39 125.114
2.41 203.086
2.43 178.309
2.45 173.57
2.47 141.308
2.49 278.094
2.51 117.819
2.53 75.6659
2.55 79.6018
2.57 38.2106
2.59 54.8075
2.61 52.5585
2.63 37.013
2.65 27.7556
2.67 25.1326
2.69 22.4045
2.71 16.284
2.73 15.5332
2.75 14.3874
2.77 14.9493
2.79 9.03308
2.81 9.36987
2.83 7.11215
2.85 6.83745
2.87 4.0178
2.89 4.26022
2.91 4.6321
2.93 3.37542
2.95 3.02613
2.97 3.0697
2.99 2.66439
3.01 1.66081
3.03 5.68297
3.05 1.58227
3.07 1.84948
3.09 1.96634
3.11 1.6871
3.13 2.17012
3.15 1.52357
3.17 2.25788
3.19 1.99559
3.21 1.87419
3.23 1.77665
3.25 2.04509
3.27 1.57597
3.29 1.70865
3.31 1.50905
3.33 1.79552
3.35 1.68989
3.37 1.99038
3.39 2.40593
3.41 2.1346
3.43 1.63853
3.45 1.51905
3.47 1.80457
3.49 1.13657
3.51 1.33016
3.53 1.8623
3.55 1.43478
3.57 -0.229213
3.59 1.6366
3.61 1.65827
3.63 1.42843
3.65 1.64239
3.67 1.60123
3.69 2.38828
3.71 1.69346
3.73 1.50194
3.75 1.83871
3.77 2.34341
3.79 2.09513
3.81 2.08175
3.83 2.00337
3.85 2.63849
3.87 1.94369
3.89 2.30139
3.91 2.13052
3.93 4.25354
3.95 1.9251
3.97 2.48837
3.99 1.88997
4.01 2.92594
4.03 2.84485
4.05 1.97932
4.07 2.36999
4.09 2.18316
4.11 2.68975
4.13 3.19594
4.15 2.90779
4.17 2.31859
4.19 2.09778
4.21 2.64455
4.23 1.88455
4.25 2.55192
4.27 2.30971
4.29 3.45285
4.31 1.26656
4.33 3.07967
4.35 1.87453
4.37 2.17137
4.39 2.90675
4.41 2.08011
4.43 2.28701
4.45 2.78559
4.47 2.66208
4.49 3.26285
4.51 2.29494
4.53 2.68441
4.55 2.18635
4.57 2.60976
4.59 2.85548
4.61 2.22567
4.63 2.20119
4.65 1.75902
4.67 2.41988
4.69 2.26364
4.71 2.93648
4.73 2.31117
4.75 1.96706
4.77 2.30211
4.79 2.51299
4.81 2.41019
4.83 1.63533
4.85 1.64225
4.87 1.77323
4.89 1.45381
4.91 2.29946
4.93 1.32219
4.95 1.25168
4.97 1.37513
4.99 1.51722
5.01 1.26391
5.03 1.08036
5.05 2.61118
5.07 0.748047
5.09 1.28111
5.11 1.0789
5.13 1.015
5.15 0.673675
5.17 0.934877
5.19 1.17233
5.21 0.899086
5.23 0.824631
5.25 0.993905
5.27 0.974644
5.29 0.555979
5.31 0.728527
5.33 0.701133
5.35 0.672241
5.37 0.20881
5.39 0.695049
5.41 0.713271
5.43 0.614381
5.45 0.539207
5.47 0.724755
5.49 0.603354
5.51 0.650704
5.53 0.55985
5.55 0.651996
5.57 1.27833
5.59 0.683069
5.61 0.100283
5.63 0.434662
5.65 0.58531
5.67 0.402848
5.69 0.465241
5.71 -5.49261
5.73 0.589972
5.75 0.574974
5.77 0.450442
5.79 0.472285
5.81 0.311361
5.83 0.727453
5.85 0.518926
5.87 -0.888913
5.89 0.299062
5.91 0.507284
5.93 0.647883
5.95 1.08107
5.97 0.39502
5.99 0.34628
6.01 0.563286
6.03 0.569632
6.05 0.34895
6.07 0.615746
6.09 0.66894
6.11 0.266566
6.13 0.829574
6.15 0.7386
6.17 0.512526
6.19 0.64934
6.21 0.859798
6.23 0.8262
6.25 0.518755
6.27 0.475719
6.29 1.41014
6.31 0.492216
6.33 0.817072
6.35 0.532703
6.37 0.791243
6.39 0.840302
6.41 1.18631
6.43 0.541881
6.45 0.33133
6.47 0.50866
6.49 0.528571
6.51 0.244647
6.53 0.474968
6.55 0.58361
6.57 -0.272533
6.59 0.633042
6.61 0.45402
6.63 0.176451
6.65 0.345881
6.67 0.438517
6.69 0.531892
6.71 0.996927
6.73 0.42336
6.75 0.830964
6.77 0.66713
6.79 0.44822
6.81 0.595032
6.83 0.467861
6.85 0.644682
6.87 0.42017
6.89 0.488682
6.91 0.528118
6.93 0.506907
6.95 0.798309
6.97 -0.318774
6.99 0.574599
7.01 0.304506
7.03 0.703619
7.05 -0.258561
7.07 1.23736
7.09 0.526823
7.11 0.681151
7.13 0.321856
7.15 0.757283
7.17 1.03451
7.19 0.531467
7.21 0.951986
7.23 0.447625
7.25 0.443854
7.27 0.529585
7.29 0.805794
7.31 0.338098
7.33 0.500876
7.35 0.682932
7.37 0.360912
7.39 -0.287525
7.41 0.460752
7.43 0.448495
7.45 0.42306
7.47 0.503402
7.49 0.622398
7.51 0.584885
7.53 0.500678
7.55 0.251557
7.57 0.413975
7.59 0.179111
7.61 0.362498
7.63 0.405156
7.65 0.935816
7.67 0.0359686
7.69 0.465815
7.71 0.404836
7.73 0.205377
7.75 0.280578
7.77 0.458943
7.79 2.50805
7.81 0.461125
7.83 0.479422
7.85 0.251661
7.87 0.221876
7.89 0.355822
7.91 0.308982
7.93 0.576707
7.95 0.406797
7.97 0.458006
7.99 0.321479
8.01 0.304071
8.03 0.12964
8.05 0.547834
8.07 0.39721
8.09 0.450867
8.11 0.430974
8.13 0.538135
8.15 0.432452
8.17 0.456389
8.19 0.415923
8.21 0.655165
8.23 0.418107
8.25 0.409854
8.27 0.426504
8.29 0.451771
8.31 0.722937
8.33 0.362893
8.35 0.514813
8.37 0.577826
8.39 0.599362
8.41 0.534342
8.43 0.670016
8.45 0.451371
8.47 0.202504
8.49 0.535287
8.51 0.546183
8.53 0.166916
8.55 -12.0078
8.57 0.310829
8.59 0.353782
8.61 0.390154
8.63 1.14708
8.65 0.453435
8.67 0.428642
8.69 0.326434
8.71 0.269356
8.73 0.584778
8.75 0.336947
8.77 0.330472
8.79 1.25676
8.81 0.354632
8.83 0.465617
8.85 0.433319
8.87 0.41595
8.89 0.320118
8.91 0.776641
8.93 0.448038
8.95 0.510928
8.97 1.0624
8.99 0.492743
9.01 0.664013
9.03 0.501497
9.05 0.344001
9.07 0.731587
9.09 0.604029
9.11 0.388644
9.13 0.452241
9.15 0.031576
9.17 0.505981
9.19 0.546798
9.21 0.474843
9.23 0.382937
9.25 0.507733
9.27 0.281603
9.29 0.448287
9.31 1.60129
9.33 0.49791
9.35 0.398377
9.37 0.254631
9.39 0.426622
9.41 0.357893
9.43 0.443699
9.45 0.273771
9.47 0.590358
9.49 0.140894
9.51 0.41255
9.53 0.77073
9.55 0.351386
9.57 0.134419
9.59 0.523734
9.61 0.42615
9.63 0.387989
9.65 0.467284
9.67 0.416648
9.69 0.440643
9.71 0.754948
9.73 0.469624
9.75 0.456665
9.77 0.775068
9.79 0.284746
9.81 0.241623
9.83 0.405956
9.85 0.353519
9.87 0.746393
9.89 0.408561
9.91 -0.252884
9.93 0.521744
9.95 0.108585
9.97 0.776594
9.99 0.479129
10.01 0
