0.01 0
0.03 0
0.05 0
0.07 0
0.09 0
0.11 0
0.13 0
0.15 0
0.17 0
0.19 0
0.21 0
0.23 0
0.25 0
0.27 0
0.29 0
0.31 0
0.33 0
0.35 0
0.37 0
0.39 0
0.41 0
0.43 0
0.45 0
0.47 0
0.49 0
0.51 0
0.53 0
0.55 0
0.57 0
0.59 0
0.61 0
0.63 0
0.65 0
0.67 0
0.69 0
0.71 0
0.73 0
0.75 0
0.77 0
0.79 0
0.81 0
0.83 0
0.85 0
0.87 0
0.89 0
0.91 0
0.93 0
0.95 0
0.97 0
0.99 0
1.01 0
1.03 0
1.05 0
1.07 0
1.09 0
1.11 0
1.13 0
1.15 0
1.17 0
1.19 0
1.21 0
1.23 0
1.25 0
1.27 0
1.29 0
1.31 0
1.33 0
1.35 0
1.37 0
1.39 0
1.41 0
1.43 0
1.45 0
1.47 0
1.49 0
1.51 0
1.53 0
1.55 0
1.57 0
1.59 0
1.61 0
1.63 0
1.65 0
1.67 0
1.69 0
1.71 0
1.73 0
1.75 0
1.77 0
1.79 0
1.81 0
1.83 0
1.85 0
1.87 0
1.89 0
1.91 0
1.93 0
1.95 0
1.97 0
1.99 0
2.01 0
2.03 0
2.05 0
2.07 0
2.09 0
2.11 0
2.13 0
2.15 0
2.17 0
2.19 0
2.21 0
2.23 3.28732e-16
2.25 1.32391e-07
2.27 1.63099e-06
2.29 3.68266e-06
2.31 1.1008e-05
2.33 2.66594e-05
2.35 4.56573e-05
2.37 6.47378e-05
2.39 0.000133674
2.41 0.000228781
2.43 0.00050713
2.45 0.00156845
2.47 0.00604191
2.49 0.0230657
2.51 0.0754996
2.53 0.193298
2.55 0.412484
2.57 0.737963
2.59 1.15049
2.61 1.60787
2.63 2.06357
2.65 2.46869
2.67 2.80832
2.69 3.05673
2.71 3.22189
2.73 3.29543
2.75 3.28826
2.77 3.21629
2.79 3.07796
2.81 2.90605
2.83 2.70626
2.85 2.47792
2.87 2.27364
2.89 2.06634
2.91 1.87437
2.93 1.70199
2.95 1.55176
2.97 1.41131
2.99 1.29529
3.01 1.20193
3.03 1.11191
3.05 1.04292
3.07 0.981196
3.09 0.932956
3.11 0.896583
3.13 0.862481
3.15 0.83756
3.17 0.81623
3.19 0.797303
3.21 0.78718
3.23 0.780815
3.25 0.771357
3.27 0.770215
3.29 0.769885
3.31 0.772002
3.33 0.771742
3.35 0.775339
3.37 0.77604
3.39 0.778253
3.41 0.785201
3.43 0.790361
3.45 0.797217
3.47 0.800777
3.49 0.809353
3.51 0.815532
3.53 0.823357
3.55 0.831105
3.57 0.835168
3.59 0.846548
3.61 0.849821
3.63 0.857212
3.65 0.865693
3.67 0.874465
3.69 0.8854
3.71 0.893951
3.73 0.902307
3.75 0.908297
3.77 0.915807
3.79 0.922306
3.81 0.933984
3.83 0.941428
3.85 0.946597
3.87 0.959762
3.89 0.966026
3.91 0.976552
3.93 0.985149
3.95 0.990871
3.97 0.998838
3.99 1.00444
4.01 1.01476
4.03 1.02326
4.05 1.02969
4.07 1.03568
4.09 1.04226
4.11 1.0528
4.13 1.0528
4.15 1.06543
4.17 1.0694
4.19 1.07447
4.21 1.07969
4.23 1.08442
4.25 1.08999
4.27 1.09371
4.29 1.09583
4.31 1.10432
4.33 1.10912
4.35 1.11201
4.37 1.11241
4.39 1.11467
4.41 1.11433
4.43 1.11297
4.45 1.11996
4.47 1.11945
4.49 1.12227
4.51 1.12182
4.53 1.11894
4.55 1.1163
4.57 1.11738
4.59 1.11594
4.61 1.11241
4.63 1.11151
4.65 1.11009
4.67 1.10698
4.69 1.10617
4.71 1.10036
4.73 1.09625
4.75 1.09381
4.77 1.08902
4.79 1.08519
4.81 1.08109
4.83 1.07551
4.85 1.07132
4.87 1.06549
4.89 1.06216
4.91 1.05716
4.93 1.05281
4.95 1.04601
4.97 1.03842
4.99 1.03665
5.01 1.02973
5.03 1.0272
5.05 1.02023
5.07 1.01403
5.09 1.01027
5.11 1.00398
5.13 0.998017
5.15 0.994788
5.17 0.987874
5.19 0.982737
5.21 0.975359
5.23 0.970855
5.25 0.965602
5.27 0.960344
5.29 0.958519
5.31 0.951132
5.33 0.944964
5.35 0.940046
5.37 0.935968
5.39 0.931048
5.41 0.926735
5.43 0.922212
5.45 0.918771
5.47 0.915063
5.49 0.912028
5.51 0.907855
5.53 0.906687
5.55 0.900864
5.57 0.901498
5.59 0.899196
5.61 0.896442
5.63 0.895277
5.65 0.89418
5.67 0.895407
5.69 0.896889
5.71 0.898463
5.73 0.900167
5.75 0.902244
5.77 0.902127
5.79 0.905349
5.81 0.909251
5.83 0.909421
5.85 0.913539
5.87 0.918551
5.89 0.922895
5.91 0.927162
5.93 0.930474
5.95 0.93381
5.97 0.938883
5.99 0.941827
6.01 0.946968
6.03 0.950233
6.05 0.956352
6.07 0.961123
6.09 0.96414
6.11 0.969435
6.13 0.974009
6.15 0.977585
6.17 0.980811
6.19 0.985601
6.21 0.989433
6.23 0.993077
6.25 0.998255
6.27 1.00164
6.29 1.00487
6.31 1.00637
6.33 1.01258
6.35 1.01421
6.37 1.01695
6.39 1.02022
6.41 1.02411
6.43 1.02512
6.45 1.02874
6.47 1.03148
6.49 1.03274
6.51 1.03444
6.53 1.03872
6.55 1.03865
6.57 1.04133
6.59 1.04454
6.61 1.04516
6.63 1.04814
6.65 1.04944
6.67 1.04972
6.69 1.04975
6.71 1.04774
6.73 1.05187
6.75 1.05318
6.77 1.05118
6.79 1.05149
6.81 1.05202
6.83 1.05169
6.85 1.0542
6.87 1.05328
6.89 1.05133
6.91 1.05229
6.93 1.05242
6.95 1.05065
6.97 1.04983
6.99 1.04869
7.01 1.04564
7.03 1.0464
7.05 1.04338
7.07 1.04344
7.09 1.04264
7.11 1.03962
7.13 1.0381
7.15 1.03712
7.17 1.0364
7.19 1.03368
7.21 1.03345
7.23 1.03045
7.25 1.02792
7.27 1.02688
7.29 1.0274
7.31 1.02422
7.33 1.02289
7.35 1.02199
7.37 1.01957
7.39 1.01835
7.41 1.01503
7.43 1.01579
7.45 1.01187
7.47 1.01021
7.49 1.01096
7.51 1.00784
7.53 1.00671
7.55 1.00364
7.57 1.00162
7.59 1.00206
7.61 1.00224
7.63 1.00031
7.65 0.998685
7.67 0.995793
7.69 0.996744
7.71 0.996039
7.73 0.992584
7.75 0.992946
7.77 0.991763
7.79 0.992343
7.81 0.991551
7.83 0.990442
7.85 0.991447
7.87 0.991854
7.89 0.989762
7.91 0.98859
7.93 0.987907
7.95 0.989558
7.97 0.987959
7.99 0.98901
8.01 0.989018
8.03 0.988737
8.05 0.986814
8.07 0.990189
8.09 0.989714
8.11 0.990671
8.13 0.988626
8.15 0.989154
8.17 0.990996
8.19 0.989286
8.21 0.989742
8.23 0.99191
8.25 0.993553
8.27 0.993032
8.29 0.994768
8.31 0.993416
8.33 0.993478
8.35 0.99463
8.37 0.994965
8.39 0.99558
8.41 0.996828
8.43 0.996795
8.45 0.998052
8.47 0.998596
8.49 0.998041
8.51 0.999229
8.53 0.99795
8.55 0.997003
8.57 0.999571
8.59 0.999709
8.61 0.999569
8.63 1.00037
8.65 1.00115
8.67 1.00152
8.69 1.00027
8.71 1.00103
8.73 1.00176
8.75 1.00206
8.77 1.00128
8.79 1.0007
8.81 1.00304
8.83 1.00172
8.85 1.00248
8.87 1.00135
8.89 1.00334
8.91 1.00271
8.93 1.00364
8.95 1.00265
8.97 1.00176
8.99 1.00375
9.01 1.00319
9.03 1.00261
9.05 1.00286
9.07 1.00326
9.09 1.00414
9.11 1.00249
9.13 1.00261
9.15 1.00395
9.17 1.00279
9.19 1.00385
9.21 1.00463
9.23 1.00338
9.25 1.00253
9.27 1.00324
9.29 1.00527
9.31 1.00531
9.33 1.00265
9.35 1.00257
9.37 1.00302
9.39 1.0025
9.41 1.00365
9.43 1.00242
9.45 1.00197
9.47 1.0041
9.49 1.00237
9.51 1.00235
9.53 1.00281
9.55 1.00133
9.57 1.00237
9.59 1.00331
9.61 1.00263
9.63 1.00224
9.65 1.0032
9.67 1.00335
9.69 1.00226
9.71 1.00221
9.73 1.00161
9.75 1.00175
9.77 1.00112
9.79 1.0015
9.81 1.00207
9.83 1.00139
9.85 1.00323
9.87 1.00155
9.89 0.994004
9.91 0.988477
9.93 0.982145
9.95 0.976744
9.97 0.97091
9.99 0.965071
10.01 0
