0.01 0
0.03 0
0.05 0
0.07 0
0.09 0
0.11 0
0.13 0
0.15 0
0.17 0
0.19 0
0.21 0
0.23 0
0.25 0
0.27 0
0.29 0
0.31 0
0.33 0
0.35 0
0.37 0
0.39 0
0.41 0
0.43 0
0.45 0
0.47 0
0.49 0
0.51 0
0.53 0
0.55 0
0.57 0
0.59 0
0.61 0
0.63 0
0.65 0
0.67 0
0.69 0
0.71 0
0.73 0
0.75 0
0.77 0
0.79 0
0.81 0
0.83 0
0.85 0
0.87 0
0.89 0
0.91 0
0.93 0
0.95 0
0.97 0
0.99 0
1.01 0
1.03 0
1.05 0
1.07 0
1.09 0
1.11 0
1.13 0
1.15 0
1.17 0
1.19 0
1.21 0
1.23 0
1.25 0
1.27 0
1.29 0
1.31 0
1.33 0
1.35 0
1.37 0
1.39 0
1.41 0
1.43 0
1.45 0
1.47 0
1.49 0
1.51 0
1.53 0
1.55 0
1.57 0
1.59 0
1.61 0
1.63 0
1.65 0
1.67 0
1.69 0
1.71 0
1.73 0
1.75 0
1.77 0
1.79 0
1.81 0
1.83 0
1.85 0
1.87 0
1.89 0
1.91 0
1.93 0
1.95 0
1.97 0
1.99 0
2.01 0
2.03 0
2.05 0
2.07 0
2.09 0
2.11 0
2.13 0
2.15 0
2.17 0
2.19 0
2.21 0
2.23 1.32649e-06
2.25 0.00941042
2.27 0.0528092
2.29 0.186971
2.31 0.315581
2.33 0.596637
2.35 0.7493
2.37 1.00441
2.39 1.4141
2.41 1.86308
2.43 2.31704
2.45 2.77595
2.47 3.28173
2.49 3.55876
2.51 3.84115
2.53 3.96105
2.55 4.02517
2.57 3.88147
2.59 3.64491
2.61 3.37843
2.63 3.12522
2.65 2.79865
2.67 2.45778
2.69 2.21938
2.71 1.99682
2.73 1.83
2.75 1.66717
2.77 1.54015
2.79 1.42708
2.81 1.3197
2.83 1.27486
2.85 1.15597
2.87 1.04932
2.89 1.01806
2.91 0.978201
2.93 0.917226
2.95 0.892225
2.97 0.814256
2.99 0.787683
3.01 0.762186
3.03 0.724822
3.05 0.689833
3.07 0.692306
3.09 0.657042
3.11 0.630901
3.13 0.607495
3.15 0.588794
3.17 0.597283
3.19 0.601807
3.21 0.58568
3.23 0.572265
3.25 0.562078
3.27 0.570221
3.29 0.568412
3.31 0.598426
3.33 0.594943
3.35 0.600587
3.37 0.576208
3.39 0.589555
3.41 0.600511
3.43 0.600247
3.45 0.619521
3.47 0.597489
3.49 0.630951
3.51 0.635086
3.53 0.628678
3.55 0.632033
3.57 0.640916
3.59 0.649437
3.61 0.655595
3.63 0.670191
3.65 0.649189
3.67 0.696698
3.69 0.709185
3.71 0.678007
3.73 0.705302
3.75 0.714168
3.77 0.745889
3.79 0.751102
3.81 0.758615
3.83 0.767443
3.85 0.803386
3.87 0.815862
3.89 0.809055
3.91 0.826621
3.93 0.822432
3.95 0.848942
3.97 0.843257
3.99 0.860931
4.01 0.854691
4.03 0.910187
4.05 0.897849
4.07 0.87467
4.09 0.91946
4.11 0.975923
4.13 0.955087
4.15 0.967103
4.17 0.992107
4.19 0.982415
4.21 0.985971
4.23 1.02908
4.25 1.00315
4.27 1.03203
4.29 0.993011
4.31 1.04775
4.33 1.06009
4.35 1.06318
4.37 1.06538
4.39 1.1218
4.41 1.10852
4.43 1.10253
4.45 1.09511
4.47 1.10264
4.49 1.14248
4.51 1.114
4.53 1.14457
4.55 1.13028
4.57 1.15211
4.59 1.15785
4.61 1.15797
4.63 1.18178
4.65 1.15618
4.67 1.14942
4.69 1.19809
4.71 1.19648
4.73 1.16576
4.75 1.18485
4.77 1.18431
4.79 1.19282
4.81 1.21152
4.83 1.16857
4.85 1.17639
4.87 1.17824
4.89 1.1449
4.91 1.15939
4.93 1.17155
4.95 1.12223
4.97 1.16259
4.99 1.14845
5.01 1.12794
5.03 1.15397
5.05 1.10719
5.07 1.13853
5.09 1.09943
5.11 1.10219
5.13 1.0961
5.15 1.0632
5.17 1.08024
5.19 1.05961
5.21 1.03465
5.23 1.01842
5.25 1.00015
5.27 0.991214
5.29 0.988423
5.31 0.964823
5.33 0.965077
5.35 0.955326
5.37 0.933012
5.39 0.938369
5.41 0.92521
5.43 0.90011
5.45 0.91935
5.47 0.923714
5.49 0.891581
5.51 0.893907
5.53 0.880064
5.55 0.896752
5.57 0.888524
5.59 0.88345
5.61 0.890216
5.63 0.883027
5.65 0.886901
5.67 0.88886
5.69 0.903842
5.71 0.899504
5.73 0.911472
5.75 0.913417
5.77 0.920783
5.79 0.907029
5.81 0.906942
5.83 0.920986
5.85 0.929578
5.87 0.944832
5.89 0.910401
5.91 0.934706
5.93 0.920896
5.95 0.944397
5.97 0.952222
5.99 0.959624
6.01 0.954399
6.03 0.952155
6.05 0.956082
6.07 0.965939
6.09 0.976243
6.11 0.985544
6.13 0.969457
6.15 1.00316
6.17 0.975622
6.19 1.00813
6.21 0.972095
6.23 1.01989
6.25 0.989428
6.27 0.981785
6.29 0.987625
6.31 1.00715
6.33 1.01583
6.35 1.01619
6.37 1.03116
6.39 1.00772
6.41 1.0434
6.43 1.01738
6.45 1.03481
6.47 1.02664
6.49 1.01286
6.51 1.00644
6.53 1.02853
6.55 1.03131
6.57 1.03568
6.59 1.02713
6.61 1.05256
6.63 1.02865
6.65 1.03701
6.67 1.04589
6.69 1.04642
6.71 1.03113
6.73 1.04378
6.75 1.02085
6.77 1.03878
6.79 1.04317
6.81 1.03309
6.83 1.02383
6.85 1.04387
6.87 1.03961
6.89 1.05134
6.91 1.0385
6.93 1.03578
6.95 1.0288
6.97 1.03042
6.99 1.0265
7.01 1.01496
7.03 1.02351
7.05 1.02468
7.07 1.04121
7.09 1.02926
7.11 1.02558
7.13 1.03049
7.15 1.01195
7.17 1.02712
7.19 0.993363
7.21 1.01945
7.23 1.01433
7.25 1.00429
7.27 1.007
7.29 0.997761
7.31 0.995055
7.33 1.01851
7.35 0.997514
7.37 0.983783
7.39 0.990446
7.41 0.989722
7.43 0.990846
7.45 0.978796
7.47 0.992968
7.49 0.990381
7.51 0.985457
7.53 0.989283
7.55 1.00479
7.57 0.999849
7.59 0.981918
7.61 0.977457
7.63 0.989715
7.65 0.995824
7.67 0.985971
7.69 0.974994
7.71 0.994193
7.73 0.979908
7.75 0.970804
7.77 0.978219
7.79 0.975876
7.81 0.978978
7.83 0.989275
7.85 0.977674
7.87 0.984446
7.89 0.979007
7.91 0.99941
7.93 0.985716
7.95 0.989183
7.97 1.00967
7.99 0.988078
8.01 0.98242
8.03 0.995378
8.05 1.00584
8.07 0.993817
8.09 1.00027
8.11 0.988039
8.13 1.00471
8.15 0.984718
8.17 1.00842
8.19 0.990282
8.21 0.995251
8.23 0.983226
8.25 1.01811
8.27 0.992249
8.29 0.995488
8.31 0.997796
8.33 1.00361
8.35 0.998867
8.37 1.00407
8.39 1.00697
8.41 0.997742
8.43 1.00287
8.45 1.01193
8.47 1.01651
8.49 0.995533
8.51 1.00465
8.53 1.01608
8.55 1.00293
8.57 1.00735
8.59 1.01344
8.61 1.01372
8.63 1.00276
8.65 1.01163
8.67 1.01637
8.69 1.01909
8.71 1.01188
8.73 1.02127
8.75 1.01742
8.77 1.02903
8.79 1.03337
8.81 1.0113
8.83 1.01551
8.85 1.03062
8.87 1.01636
8.89 1.01757
8.91 1.00591
8.93 1.00924
8.95 1.02208
8.97 1.00116
8.99 1.0121
9.01 1.01549
9.03 1.00438
9.05 1.01629
9.07 1.01376
9.09 1.01223
9.11 1.01252
9.13 1.00663
9.15 1.0221
9.17 1.00784
9.19 1.00567
9.21 1.00799
9.23 0.998612
9.25 1.00974
9.27 1.02094
9.29 0.999688
9.31 1.0087
9.33 1.00684
9.35 0.991482
9.37 1.00346
9.39 0.994553
9.41 0.994698
9.43 1.00564
9.45 1.00773
9.47 1.0033
9.49 0.9898
9.51 0.994308
9.53 0.998462
9.55 1.00775
9.57 0.990814
9.59 0.993112
9.61 0.988941
9.63 1.00937
9.65 1.00743
9.67 0.993671
9.69 0.992767
9.71 0.99331
9.73 1.00527
9.75 0.99857
9.77 1.00591
9.79 1.00288
9.81 0.995617
9.83 0.994055
9.85 0.994992
9.87 0.994672
9.89 0.98995
9.91 0.976201
9.93 0.971127
9.95 0.971144
9.97 0.957928
9.99 0.948988
10.01 0
