0 4.22911e-05
1 4.18795e-05
2 4.14603e-05
3 4.1356e-05
4 4.11397e-05
5 4.08673e-05
6 4.05344e-05
7 4.01479e-05
8 3.9712e-05
9 3.92324e-05
10 3.87106e-05
11 3.81509e-05
12 3.7556e-05
13 3.69325e-05
14 3.62868e-05
15 3.56116e-05
16 3.49074e-05
17 3.41778e-05
18 3.34136e-05
19 3.26115e-05
20 3.17867e-05
21 3.09465e-05
22 3.00963e-05
23 2.92416e-05
24 2.83811e-05
25 2.75209e-05
26 2.66627e-05
27 2.58039e-05
28 2.49448e-05
29 2.40913e-05
30 2.32461e-05
31 2.24082e-05
32 2.15839e-05
33 2.0777e-05
34 1.99829e-05
35 1.91973e-05
36 1.84177e-05
37 1.76516e-05
38 1.69011e-05
39 1.61586e-05
40 1.54283e-05
41 1.47137e-05
42 1.40116e-05
43 1.3325e-05
44 1.26577e-05
45 1.20089e-05
46 1.13794e-05
47 1.07665e-05
48 1.01703e-05
49 9.59757e-06
50 9.04638e-06
51 8.51074e-06
52 7.99878e-06
53 7.51036e-06
54 7.034e-06
55 6.57434e-06
56 6.13588e-06
57 5.71703e-06
58 5.31601e-06
59 4.93348e-06
60 4.57339e-06
61 4.23379e-06
62 3.91176e-06
63 3.60961e-06
64 3.33128e-06
65 3.07289e-06
66 2.83034e-06
67 2.60708e-06
68 2.40544e-06
69 2.2221e-06
70 2.05204e-06
71 1.89531e-06
72 1.75379e-06
73 1.62582e-06
74 1.51475e-06
75 1.42106e-06
76 1.33498e-06
77 1.25946e-06
78 1.20143e-06
79 1.15633e-06
80 1.12286e-06
81 1.10426e-06
82 1.09837e-06
83 1.09897e-06
84 1.1072e-06
85 1.1313e-06
86 1.16863e-06
87 1.21125e-06
88 1.26063e-06
89 1.31545e-06
90 1.37332e-06
91 1.43628e-06
92 1.50298e-06
93 1.57338e-06
94 1.64783e-06
95 1.72344e-06
96 1.79834e-06
97 1.87577e-06
98 1.95677e-06
99 2.03471e-06
100 2.11374e-06
101 2.1978e-06
102 2.28088e-06
103 2.36277e-06
104 2.44609e-06
105 2.5291e-06
106 2.60892e-06
107 2.68669e-06
108 2.76431e-06
109 2.83939e-06
110 2.90655e-06
111 2.96579e-06
112 3.01899e-06
113 3.06822e-06
114 3.11445e-06
115 3.15373e-06
116 3.18493e-06
117 3.21091e-06
118 3.23259e-06
119 3.24766e-06
120 3.25486e-06
121 3.25584e-06
122 3.25087e-06
123 3.2439e-06
124 3.23697e-06
125 3.22349e-06
126 3.19976e-06
127 3.16774e-06
128 3.13197e-06
129 3.09239e-06
130 3.04942e-06
131 2.999e-06
132 2.93785e-06
133 2.87544e-06
134 2.81201e-06
135 2.7404e-06
136 2.65803e-06
137 2.56875e-06
138 2.48075e-06
139 2.39247e-06
140 2.30054e-06
141 2.20512e-06
142 2.10282e-06
143 1.99783e-06
144 1.89213e-06
145 1.78193e-06
146 1.67119e-06
147 1.56035e-06
148 1.44645e-06
149 1.32862e-06
150 1.20887e-06
151 1.08896e-06
152 9.65904e-07
153 8.41452e-07
154 7.19972e-07
155 6.0012e-07
156 4.76786e-07
157 3.53065e-07
158 2.33738e-07
159 1.13422e-07
160 -5.15904e-09
161 -1.20254e-07
162 -2.39216e-07
163 -3.57359e-07
164 -4.69366e-07
165 -5.78224e-07
166 -6.86757e-07
167 -7.93734e-07
168 -8.96994e-07
169 -9.99359e-07
170 -1.10277e-06
171 -1.2019e-06
172 -1.29437e-06
173 -1.38588e-06
174 -1.47634e-06
175 -1.56118e-06
176 -1.64136e-06
177 -1.71911e-06
178 -1.7931e-06
179 -1.86498e-06
180 -1.93353e-06
181 -1.99542e-06
182 -2.05374e-06
183 -2.11268e-06
184 -2.16988e-06
185 -2.21857e-06
186 -2.26369e-06
187 -2.31046e-06
188 -2.35704e-06
189 -2.4047e-06
190 -2.44768e-06
191 -2.4801e-06
192 -2.50997e-06
193 -2.5411e-06
194 -2.56893e-06
195 -2.5928e-06
196 -2.61311e-06
197 -2.63213e-06
198 -2.65149e-06
199 -2.6674e-06
200 -2.67834e-06
201 -2.68627e-06
202 -2.69221e-06
203 -2.69962e-06
204 -2.70783e-06
205 -2.71402e-06
206 -2.71906e-06
207 -2.72152e-06
208 -2.72266e-06
209 -2.7253e-06
210 -2.72712e-06
211 -2.72747e-06
212 -2.7258e-06
213 -2.72263e-06
214 -2.72219e-06
215 -2.72173e-06
216 -2.71832e-06
217 -2.71252e-06
218 -2.70922e-06
219 -2.70818e-06
220 -2.70387e-06
221 -2.70061e-06
222 -2.6989e-06
223 -2.69483e-06
224 -2.69322e-06
225 -2.69476e-06
226 -2.69151e-06
227 -2.69123e-06
228 -2.698e-06
229 -2.70023e-06
230 -2.69922e-06
231 -2.70212e-06
232 -2.70684e-06
233 -2.71349e-06
234 -2.72425e-06
235 -2.73144e-06
236 -2.73431e-06
237 -2.73961e-06
238 -2.74859e-06
239 -2.7607e-06
240 -2.7709e-06
241 -2.77921e-06
242 -2.79091e-06
243 -2.80558e-06
244 -2.82248e-06
245 -2.83994e-06
246 -2.85567e-06
247 -2.87077e-06
248 -2.88639e-06
249 -2.90281e-06
250 -2.92037e-06
251 -2.9377e-06
252 -2.95594e-06
253 -2.97525e-06
254 -2.99206e-06
255 -3.0102e-06
256 -3.03081e-06
257 -3.04862e-06
258 -3.06604e-06
259 -3.08839e-06
260 -3.1154e-06
261 -3.13842e-06
262 -3.15621e-06
263 -3.17767e-06
264 -3.20174e-06
265 -3.22341e-06
266 -3.23974e-06
267 -3.25414e-06
268 -3.27286e-06
269 -3.29347e-06
270 -3.31157e-06
271 -3.32467e-06
272 -3.3395e-06
273 -3.35876e-06
274 -3.37481e-06
275 -3.38822e-06
276 -3.40075e-06
277 -3.41416e-06
278 -3.42859e-06
279 -3.4458e-06
280 -3.46192e-06
281 -3.46885e-06
282 -3.47746e-06
283 -3.48933e-06
284 -3.49653e-06
285 -3.50277e-06
286 -3.50782e-06
287 -3.51034e-06
288 -3.5119e-06
289 -3.51613e-06
290 -3.52393e-06
291 -3.52534e-06
292 -3.52192e-06
293 -3.52153e-06
294 -3.51954e-06
295 -3.51595e-06
296 -3.5143e-06
297 -3.51342e-06
298 -3.50962e-06
299 -3.50398e-06
300 -3.49826e-06
301 -3.48934e-06
302 -3.48115e-06
303 -3.47298e-06
304 -3.45949e-06
305 -3.44526e-06
306 -3.43356e-06
307 -3.42283e-06
308 -3.41162e-06
309 -3.39521e-06
310 -3.37647e-06
311 -3.36102e-06
312 -3.34751e-06
313 -3.33687e-06
314 -3.32235e-06
315 -3.3023e-06
316 -3.28442e-06
317 -3.26717e-06
318 -3.24903e-06
319 -3.22999e-06
320 -3.20921e-06
321 -3.18746e-06
322 -3.16742e-06
323 -3.15052e-06
324 -3.1315e-06
325 -3.10718e-06
326 -3.08141e-06
327 -3.05784e-06
328 -3.03875e-06
329 -3.02456e-06
330 -3.00958e-06
331 -2.98974e-06
332 -2.9688e-06
333 -2.94951e-06
334 -2.92982e-06
335 -2.91124e-06
336 -2.89248e-06
337 -2.86916e-06
338 -2.84793e-06
339 -2.83075e-06
340 -2.81543e-06
341 -2.79938e-06
342 -2.77711e-06
343 -2.75434e-06
344 -2.73558e-06
345 -2.71827e-06
346 -2.70327e-06
347 -2.6894e-06
348 -2.67331e-06
349 -2.65937e-06
350 -2.64574e-06
351 -2.62968e-06
352 -2.6169e-06
353 -2.60471e-06
354 -2.59111e-06
355 -2.57766e-06
356 -2.56374e-06
357 -2.54771e-06
358 -2.53275e-06
359 -2.52208e-06
360 -2.51049e-06
361 -2.49794e-06
362 -2.48492e-06
363 -2.47085e-06
364 -2.4577e-06
365 -2.44632e-06
366 -2.4376e-06
367 -2.42959e-06
368 -2.4208e-06
369 -2.41048e-06
370 -2.40218e-06
371 -2.39444e-06
372 -2.38403e-06
373 -2.3751e-06
374 -2.36508e-06
375 -2.35364e-06
376 -2.34288e-06
377 -2.33199e-06
378 -2.32301e-06
379 -2.31356e-06
380 -2.30223e-06
381 -2.29317e-06
382 -2.28229e-06
383 -2.26888e-06
384 -2.25929e-06
385 -2.25141e-06
386 -2.24347e-06
387 -2.23335e-06
388 -2.22421e-06
389 -2.2191e-06
390 -2.21069e-06
391 -2.19836e-06
392 -2.18663e-06
393 -2.17568e-06
394 -2.16395e-06
395 -2.15205e-06
396 -2.13806e-06
397 -2.12245e-06
398 -2.11081e-06
399 -2.10012e-06
400 -2.08569e-06
401 -2.06921e-06
402 -2.05271e-06
403 -2.0399e-06
404 -2.0319e-06
405 -2.02149e-06
406 -2.00642e-06
407 -1.99058e-06
408 -1.97423e-06
409 -1.95923e-06
410 -1.94638e-06
411 -1.93213e-06
412 -1.91701e-06
413 -1.90234e-06
414 -1.88494e-06
415 -1.86602e-06
416 -1.84886e-06
417 -1.82983e-06
418 -1.80862e-06
419 -1.79117e-06
420 -1.77571e-06
421 -1.75931e-06
422 -1.74217e-06
423 -1.72324e-06
424 -1.70546e-06
425 -1.68911e-06
426 -1.67172e-06
427 -1.6527e-06
428 -1.63302e-06
429 -1.6169e-06
430 -1.6026e-06
431 -1.58509e-06
432 -1.56648e-06
433 -1.54824e-06
434 -1.52954e-06
435 -1.5094e-06
436 -1.48765e-06
437 -1.4657e-06
438 -1.44501e-06
439 -1.42695e-06
440 -1.40794e-06
441 -1.38826e-06
442 -1.37425e-06
443 -1.36071e-06
444 -1.34105e-06
445 -1.32145e-06
446 -1.30646e-06
447 -1.2937e-06
448 -1.28036e-06
449 -1.26524e-06
450 -1.24774e-06
451 -1.22854e-06
452 -1.20992e-06
453 -1.19017e-06
454 -1.17021e-06
455 -1.15457e-06
456 -1.14205e-06
457 -1.12952e-06
458 -1.11568e-06
459 -1.10199e-06
460 -1.0883e-06
461 -1.07274e-06
462 -1.06019e-06
463 -1.04992e-06
464 -1.03777e-06
465 -1.0277e-06
466 -1.01712e-06
467 -1.0037e-06
468 -9.9052e-07
469 -9.77557e-07
470 -9.64398e-07
471 -9.53453e-07
472 -9.41518e-07
473 -9.27595e-07
474 -9.19268e-07
475 -9.13466e-07
476 -9.04266e-07
477 -8.93349e-07
478 -8.84224e-07
479 -8.78187e-07
480 -8.71623e-07
481 -8.63136e-07
482 -8.55415e-07
483 -8.48668e-07
484 -8.40727e-07
485 -8.32598e-07
486 -8.27506e-07
487 -8.19841e-07
488 -8.08392e-07
489 -8.00429e-07
490 -7.93305e-07
491 -7.85272e-07
492 -7.79053e-07
493 -7.73966e-07
494 -7.68441e-07
495 -7.6235e-07
496 -7.57353e-07
497 -7.51832e-07
498 -7.45455e-07
499 -7.40067e-07
500 -7.3491e-07
501 -7.30703e-07
502 -7.25521e-07
503 -7.18208e-07
504 -7.12473e-07
505 -7.07019e-07
506 -7.01019e-07
507 -6.9488e-07
508 -6.86574e-07
509 -6.79968e-07
510 -6.75484e-07
511 -6.70027e-07
512 -6.64838e-07
513 -6.60326e-07
514 -6.57514e-07
515 -6.53242e-07
516 -6.44553e-07
517 -6.39134e-07
518 -6.36308e-07
519 -6.28716e-07
520 -6.2404e-07
521 -6.24515e-07
522 -6.22085e-07
523 -6.1874e-07
524 -6.15418e-07
525 -6.10387e-07
526 -6.05294e-07
527 -6.00799e-07
528 -5.95155e-07
529 -5.87401e-07
530 -5.81327e-07
531 -5.77074e-07
532 -5.72172e-07
533 -5.66905e-07
534 -5.62082e-07
535 -5.57211e-07
536 -5.52436e-07
537 -5.50982e-07
538 -5.50435e-07
539 -5.49208e-07
540 -5.4776e-07
541 -5.42925e-07
542 -5.40853e-07
543 -5.40027e-07
544 -5.33687e-07
545 -5.28258e-07
546 -5.25074e-07
547 -5.2039e-07
548 -5.16265e-07
549 -5.13166e-07
550 -5.08156e-07
551 -5.0374e-07
552 -5.01838e-07
553 -5.01037e-07
554 -4.99359e-07
555 -4.94545e-07
556 -4.91891e-07
557 -4.91144e-07
558 -4.87683e-07
559 -4.88061e-07
560 -4.89257e-07
561 -4.85299e-07
562 -4.81366e-07
563 -4.79084e-07
564 -4.78506e-07
565 -4.77406e-07
566 -4.73174e-07
567 -4.72081e-07
568 -4.74348e-07
569 -4.73601e-07
570 -4.71209e-07
571 -4.66964e-07
572 -4.63777e-07
573 -4.66176e-07
574 -4.66921e-07
575 -4.64054e-07
576 -4.64365e-07
577 -4.65213e-07
578 -4.63043e-07
579 -4.59895e-07
580 -4.58073e-07
581 -4.58481e-07
582 -4.5879e-07
583 -4.56807e-07
584 -4.53917e-07
585 -4.52868e-07
586 -4.54635e-07
587 -4.56151e-07
588 -4.56316e-07
589 -4.58347e-07
590 -4.58347e-07
591 -4.57049e-07
592 -4.57724e-07
593 -4.55883e-07
594 -4.53653e-07
595 -4.52759e-07
596 -4.48765e-07
597 -4.44738e-07
598 -4.43733e-07
599 -4.43706e-07
600 -4.4548e-07
601 -4.47823e-07
602 -4.46967e-07
603 -4.44201e-07
604 -4.43689e-07
605 -4.43385e-07
606 -4.41774e-07
607 -4.43023e-07
608 -4.45264e-07
609 -4.42878e-07
610 -4.37946e-07
611 -4.35911e-07
612 -4.35864e-07
613 -4.32229e-07
614 -4.27416e-07
615 -4.25338e-07
616 -4.24133e-07
617 -4.24879e-07
618 -4.24409e-07
619 -4.20093e-07
620 -4.16771e-07
621 -4.16076e-07
622 -4.15319e-07
623 -4.12716e-07
624 -4.10216e-07
625 -4.09997e-07
626 -4.07988e-07
627 -4.0531e-07
628 -4.05582e-07
629 -4.03173e-07
630 -3.98032e-07
631 -3.94492e-07
632 -3.92397e-07
633 -3.89932e-07
634 -3.89163e-07
635 -3.89806e-07
636 -3.86979e-07
637 -3.82797e-07
638 -3.78932e-07
639 -3.76174e-07
640 -3.7773e-07
641 -3.78659e-07
642 -3.77326e-07
643 -3.77365e-07
644 -3.77721e-07
645 -3.77229e-07
646 -3.74744e-07
647 -3.71709e-07
648 -3.69999e-07
649 -3.69125e-07
650 -3.68173e-07
651 -3.6639e-07
652 -3.65058e-07
653 -3.65243e-07
654 -3.65808e-07
655 -3.65835e-07
656 -3.65509e-07
657 -3.65058e-07
658 -3.64671e-07
659 -3.66855e-07
660 -3.70038e-07
661 -3.67338e-07
662 -3.6526e-07
663 -3.698e-07
664 -3.71896e-07
665 -3.71379e-07
666 -3.72119e-07
667 -3.71223e-07
668 -3.7075e-07
669 -3.70983e-07
670 -3.69339e-07
671 -3.69852e-07
672 -3.72227e-07
673 -3.73648e-07
674 -3.7528e-07
675 -3.76167e-07
676 -3.7818e-07
677 -3.8099e-07
678 -3.81745e-07
679 -3.81251e-07
680 -3.80626e-07
681 -3.81243e-07
682 -3.8265e-07
683 -3.8474e-07
684 -3.85023e-07
685 -3.84398e-07
686 -3.87435e-07
687 -3.91527e-07
688 -3.9073e-07
689 -3.87799e-07
690 -3.90235e-07
691 -3.94179e-07
692 -3.94107e-07
693 -3.92999e-07
694 -3.91105e-07
695 -3.8945e-07
696 -3.91588e-07
697 -3.93139e-07
698 -3.92561e-07
699 -3.93126e-07
700 -3.95596e-07
701 -3.98086e-07
702 -3.9668e-07
703 -3.9422e-07
704 -3.96992e-07
705 -3.98971e-07
706 -3.94214e-07
707 -3.89979e-07
708 -3.91444e-07
709 -3.93427e-07
710 -3.926e-07
711 -3.88818e-07
712 -3.84982e-07
713 -3.86644e-07
714 -3.88007e-07
715 -3.84902e-07
716 -3.83089e-07
717 -3.83569e-07
718 -3.82457e-07
719 -3.7961e-07
720 -3.77512e-07
721 -3.75825e-07
722 -3.72661e-07
723 -3.69824e-07
724 -3.68078e-07
725 -3.66068e-07
726 -3.64402e-07
727 -3.61365e-07
728 -3.5759e-07
729 -3.54363e-07
730 -3.50582e-07
731 -3.4971e-07
732 -3.49698e-07
733 -3.46124e-07
734 -3.43748e-07
735 -3.42441e-07
736 -3.37598e-07
737 -3.30471e-07
738 -3.24066e-07
739 -3.20791e-07
740 -3.19254e-07
741 -3.14609e-07
742 -3.10004e-07
743 -3.06951e-07
744 -3.00771e-07
745 -2.95668e-07
746 -2.9237e-07
747 -2.8782e-07
748 -2.8433e-07
749 -2.81638e-07
750 -2.78134e-07
751 -2.74271e-07
752 -2.69285e-07
753 -2.6122e-07
754 -2.54605e-07
755 -2.49843e-07
756 -2.43627e-07
757 -2.38088e-07
758 -2.3488e-07
759 -2.32454e-07
760 -2.27405e-07
761 -2.21172e-07
762 -2.14558e-07
763 -2.07453e-07
764 -2.02183e-07
765 -1.98718e-07
766 -1.95834e-07
767 -1.91165e-07
768 -1.84357e-07
769 -1.80443e-07
770 -1.7913e-07
771 -1.74439e-07
772 -1.6901e-07
773 -1.64581e-07
774 -1.60741e-07
775 -1.59926e-07
776 -1.59326e-07
777 -1.55816e-07
778 -1.49555e-07
779 -1.43533e-07
780 -1.39659e-07
781 -1.36386e-07
782 -1.30752e-07
783 -1.26269e-07
784 -1.25316e-07
785 -1.22384e-07
786 -1.19553e-07
787 -1.18416e-07
788 -1.15387e-07
789 -1.1312e-07
790 -1.11335e-07
791 -1.0752e-07
792 -1.03662e-07
793 -1.00338e-07
794 -9.86683e-08
795 -9.95384e-08
796 -9.98764e-08
797 -9.83074e-08
798 -9.71839e-08
799 -9.68304e-08
800 -9.58093e-08
801 -9.33756e-08
802 -9.13305e-08
803 -9.14257e-08
804 -9.18239e-08
805 -9.17116e-08
806 -9.27642e-08
807 -9.48582e-08
808 -9.32601e-08
809 -8.85939e-08
810 -8.58831e-08
811 -8.54463e-08
812 -8.65468e-08
813 -8.82784e-08
814 -9.03105e-08
815 -9.26892e-08
816 -9.59377e-08
817 -9.72288e-08
818 -9.63466e-08
819 -9.75727e-08
820 -9.73406e-08
821 -9.7042e-08
822 -1.02116e-07
823 -1.05326e-07
824 -1.04535e-07
825 -1.0639e-07
826 -1.08213e-07
827 -1.05218e-07
828 -1.03099e-07
829 -1.04296e-07
830 -1.05969e-07
831 -1.1007e-07
832 -1.13079e-07
833 -1.12738e-07
834 -1.13943e-07
835 -1.16341e-07
836 -1.15651e-07
837 -1.14055e-07
838 -1.16439e-07
839 -1.21004e-07
840 -1.22789e-07
841 -1.23522e-07
842 -1.24335e-07
843 -1.23876e-07
844 -1.24226e-07
845 -1.24687e-07
846 -1.24611e-07
847 -1.23289e-07
848 -1.23563e-07
849 -1.26818e-07
850 -1.29226e-07
851 -1.30916e-07
852 -1.32292e-07
853 -1.32829e-07
854 -1.33408e-07
855 -1.3413e-07
856 -1.33938e-07
857 -1.32433e-07
858 -1.33448e-07
859 -1.36978e-07
860 -1.373e-07
861 -1.353e-07
862 -1.322e-07
863 -1.30124e-07
864 -1.30825e-07
865 -1.32189e-07
866 -1.33213e-07
867 -1.31985e-07
868 -1.29995e-07
869 -1.30726e-07
870 -1.32474e-07
871 -1.29827e-07
872 -1.27825e-07
873 -1.30739e-07
874 -1.30829e-07
875 -1.30232e-07
876 -1.32522e-07
877 -1.34451e-07
878 -1.33423e-07
879 -1.2876e-07
880 -1.24722e-07
881 -1.24466e-07
882 -1.26217e-07
883 -1.26784e-07
884 -1.24961e-07
885 -1.21433e-07
886 -1.22092e-07
887 -1.24861e-07
888 -1.22866e-07
889 -1.22715e-07
890 -1.25086e-07
891 -1.25336e-07
892 -1.26473e-07
893 -1.2858e-07
894 -1.29582e-07
895 -1.29963e-07
896 -1.30465e-07
897 -1.31387e-07
898 -1.31863e-07
899 -1.30741e-07
900 -1.2909e-07
901 -1.28777e-07
902 -1.28861e-07
903 -1.30082e-07
904 -1.32271e-07
905 -1.31822e-07
906 -1.32854e-07
907 -1.36007e-07
908 -1.36009e-07
909 -1.36722e-07
910 -1.40525e-07
911 -1.43167e-07
912 -1.42098e-07
913 -1.40935e-07
914 -1.42048e-07
915 -1.42096e-07
916 -1.43143e-07
917 -1.45333e-07
918 -1.45602e-07
919 -1.4445e-07
920 -1.42594e-07
921 -1.43871e-07
922 -1.46175e-07
923 -1.44317e-07
924 -1.43603e-07
925 -1.45371e-07
926 -1.45874e-07
927 -1.46412e-07
928 -1.46314e-07
929 -1.45988e-07
930 -1.46307e-07
931 -1.45481e-07
932 -1.45057e-07
933 -1.45637e-07
934 -1.44718e-07
935 -1.42836e-07
936 -1.42013e-07
937 -1.41627e-07
938 -1.41879e-07
939 -1.4271e-07
940 -1.41574e-07
941 -1.38968e-07
942 -1.38188e-07
943 -1.39166e-07
944 -1.40159e-07
945 -1.4012e-07
946 -1.38545e-07
947 -1.37363e-07
948 -1.37877e-07
949 -1.39169e-07
950 -1.41836e-07
951 -1.43335e-07
952 -1.41376e-07
953 -1.39238e-07
954 -1.37982e-07
955 -1.38486e-07
956 -1.40339e-07
957 -1.42765e-07
958 -1.44018e-07
959 -1.43698e-07
960 -1.4439e-07
961 -1.43659e-07
962 -1.42246e-07
963 -1.42394e-07
964 -1.43119e-07
965 -1.459e-07
966 -1.48126e-07
967 -1.48079e-07
968 -1.4959e-07
969 -1.49261e-07
970 -1.46392e-07
971 -1.47812e-07
972 -1.50752e-07
973 -1.49762e-07
974 -1.49615e-07
975 -1.53396e-07
976 -1.56135e-07
977 -1.54742e-07
978 -1.52811e-07
979 -1.53411e-07
980 -1.55728e-07
981 -1.57751e-07
982 -1.57801e-07
983 -1.58866e-07
984 -1.60876e-07
985 -1.60065e-07
986 -1.59735e-07
987 -1.59863e-07
988 -1.5747e-07
989 -1.55624e-07
990 -1.56551e-07
991 -1.57001e-07
992 -1.55084e-07
993 -1.54115e-07
994 -1.53955e-07
995 -1.52948e-07
996 -1.52308e-07
997 -1.53553e-07
998 -1.54948e-07
999 -1.55998e-07
