0 -4.32003e-06
1 -0.000931133
2 -0.00184109
3 -0.00269313
4 -0.00348505
5 -0.00422196
6 -0.00491531
7 -0.00557514
8 -0.00620358
9 -0.00679385
10 -0.00733173
11 -0.00780261
12 -0.00819917
13 -0.00852515
14 -0.00879495
15 -0.00902818
16 -0.00924219
17 -0.00944761
18 -0.00964455
19 -0.00982291
20 -0.00997042
21 -0.0100777
22 -0.0101441
23 -0.0101787
24 -0.0101964
25 -0.0102114
26 -0.0102322
27 -0.0102581
28 -0.0102802
29 -0.0102864
30 -0.0102683
31 -0.0102251
32 -0.0101649
33 -0.0101019
34 -0.0100523
35 -0.0100268
36 -0.0100275
37 -0.010048
38 -0.0100754
39 -0.0100989
40 -0.0101134
41 -0.0101213
42 -0.0101321
43 -0.0101562
44 -0.0101999
45 -0.0102617
46 -0.0103314
47 -0.010393
48 -0.0104327
49 -0.0104423
50 -0.010421
51 -0.0103778
52 -0.0103252
53 -0.0102727
54 -0.0102239
55 -0.0101751
56 -0.0101164
57 -0.0100379
58 -0.00993527
59 -0.00981134
60 -0.00967509
61 -0.00953954
62 -0.00941584
63 -0.00930842
64 -0.00921376
65 -0.00912222
66 -0.00902209
67 -0.00890545
68 -0.00877074
69 -0.00862351
70 -0.00847339
71 -0.00832912
72 -0.00819508
73 -0.00806922
74 -0.00794399
75 -0.00780924
76 -0.00765775
77 -0.00748962
78 -0.00731097
79 -0.00713202
80 -0.00696461
81 -0.00681596
82 -0.00668535
83 -0.00656658
84 -0.00645017
85 -0.0063279
86 -0.00619717
87 -0.00606216
88 -0.00593079
89 -0.0058114
90 -0.00570961
91 -0.00562363
92 -0.00554659
93 -0.0054696
94 -0.00538301
95 -0.00528273
96 -0.00517209
97 -0.00505912
98 -0.0049533
99 -0.00486127
100 -0.0047844
101 -0.00471834
102 -0.00465592
103 -0.00459006
104 -0.00451758
105 -0.00444118
106 -0.00436828
107 -0.00430757
108 -0.0042653
109 -0.00424252
110 -0.00423568
111 -0.00423684
112 -0.00423626
113 -0.00422812
114 -0.0042123
115 -0.00419307
116 -0.00417739
117 -0.00417109
118 -0.00417492
119 -0.00418544
120 -0.00419615
121 -0.00419987
122 -0.0041911
123 -0.00417018
124 -0.00414296
125 -0.00411706
126 -0.00409954
127 -0.00409452
128 -0.00410034
129 -0.00411057
130 -0.00411833
131 -0.00411966
132 -0.00411354
133 -0.00410283
134 -0.00409397
135 -0.0040929
136 -0.00410115
137 -0.004116
138 -0.00413208
139 -0.00414253
140 -0.00414141
141 -0.00412707
142 -0.00410319
143 -0.00407564
144 -0.00405037
145 -0.00403129
146 -0.00401865
147 -0.00400814
148 -0.00399379
149 -0.0039715
150 -0.00394085
151 -0.00390474
152 -0.00386912
153 -0.0038394
154 -0.00381796
155 -0.0038042
156 -0.00379404
157 -0.00378147
158 -0.00376091
159 -0.00373031
160 -0.00369154
161 -0.00364823
162 -0.00360517
163 -0.0035655
164 -0.00352846
165 -0.00349138
166 -0.00344973
167 -0.00339983
168 -0.00334086
169 -0.00327468
170 -0.00320599
171 -0.00314038
172 -0.00308185
173 -0.00303052
174 -0.00298344
175 -0.00293715
176 -0.00288778
177 -0.00283339
178 -0.00277542
179 -0.00271704
180 -0.00266203
181 -0.00261232
182 -0.00256726
183 -0.00252433
184 -0.0024801
185 -0.00243071
186 -0.00237427
187 -0.00231201
188 -0.00224726
189 -0.00218456
190 -0.00212757
191 -0.0020763
192 -0.0020284
193 -0.00198039
194 -0.00192941
195 -0.00187535
196 -0.00181892
197 -0.00176332
198 -0.00171247
199 -0.00166884
200 -0.0016325
201 -0.00160005
202 -0.00156841
203 -0.00153437
204 -0.00149634
205 -0.00145509
206 -0.00141315
207 -0.00137408
208 -0.00133965
209 -0.00130927
210 -0.00128121
211 -0.00125289
212 -0.00122105
213 -0.00118462
214 -0.00114591
215 -0.00110837
216 -0.00107446
217 -0.00104632
218 -0.00102428
219 -0.00100657
220 -0.000989995
221 -0.000971768
222 -0.000950636
223 -0.000927205
224 -0.000904725
225 -0.000886123
226 -0.000872263
227 -0.000862602
228 -0.000854562
229 -0.000845092
230 -0.000831751
231 -0.000813546
232 -0.000792095
233 -0.000770052
234 -0.0007502
235 -0.000734391
236 -0.000722309
237 -0.000712413
238 -0.000702124
239 -0.000688764
240 -0.000671908
241 -0.000653136
242 -0.000635128
243 -0.000620727
244 -0.000611083
245 -0.000605743
246 -0.000602584
247 -0.000598241
248 -0.000590138
249 -0.000577973
250 -0.00056281
251 -0.00054668
252 -0.000532848
253 -0.000522954
254 -0.000516379
255 -0.000510739
256 -0.000502945
257 -0.000490718
258 -0.00047318
259 -0.000451819
260 -0.000430206
261 -0.000411565
262 -0.000397147
263 -0.000387276
264 -0.000379701
265 -0.000370745
266 -0.000358066
267 -0.000340779
268 -0.00032012
269 -0.000299149
270 -0.00028091
271 -0.00026727
272 -0.000258376
273 -0.00025082
274 -0.000240805
275 -0.000226132
276 -0.000205562
277 -0.000180412
278 -0.000154232
279 -0.000131045
280 -0.00011299
281 -9.94383e-05
282 -8.76962e-05
283 -7.44496e-05
284 -5.75476e-05
285 -3.59029e-05
286 -1.02464e-05
287 1.59453e-05
288 3.88077e-05
289 5.65976e-05
290 6.91422e-05
291 7.83205e-05
292 8.85558e-05
293 0.000103039
294 0.000123036
295 0.000147835
296 0.000173589
297 0.000196181
298 0.000213301
299 0.000225165
300 0.000234543
301 0.000244705
302 0.000258845
303 0.000279063
304 0.000303676
305 0.000329005
306 0.000351561
307 0.000368443
308 0.000378518
309 0.000384243
310 0.000389727
311 0.000398313
312 0.000412225
313 0.000430696
314 0.000450388
315 0.000466997
316 0.000477953
317 0.000483229
318 0.000484313
319 0.000484418
320 0.00048768
321 0.000497016
322 0.000511705
323 0.000528233
324 0.000542804
325 0.000551688
326 0.000554007
327 0.000551357
328 0.000547108
329 0.0005462
330 0.000550631
331 0.000560115
332 0.000572387
333 0.000583287
334 0.000589197
335 0.000588605
336 0.000582061
337 0.000573111
338 0.000567231
339 0.000567353
340 0.000573321
341 0.000582698
342 0.000591634
343 0.000596852
344 0.000595892
345 0.000589621
346 0.000582309
347 0.000577508
348 0.000577993
349 0.000584564
350 0.000594593
351 0.000603985
352 0.000609113
353 0.000607888
354 0.000601061
355 0.000591579
356 0.000584055
357 0.000581929
358 0.000586039
359 0.000594781
360 0.00060426
361 0.000609666
362 0.000608384
363 0.000601767
364 0.000592687
365 0.000584812
366 0.000581856
367 0.000585609
368 0.000594216
369 0.000603729
370 0.000610003
371 0.000609788
372 0.0006033
373 0.000593844
374 0.000585144
375 0.000580935
376 0.000583223
377 0.000590435
378 0.000599433
379 0.000606046
380 0.000607323
381 0.000602614
382 0.000593834
383 0.000585788
384 0.000582255
385 0.000585036
386 0.000593904
387 0.00060566
388 0.0006151
389 0.000619027
390 0.000617128
391 0.000610713
392 0.000603846
393 0.000600963
394 0.000603919
395 0.000612414
396 0.00062403
397 0.000634393
398 0.000640052
399 0.000639456
400 0.000634087
401 0.000627904
402 0.000624356
403 0.00062621
404 0.000633791
405 0.0006448
406 0.000655229
407 0.000661003
408 0.000660485
409 0.00065486
410 0.000647188
411 0.000641285
412 0.000640578
413 0.000645824
414 0.000654685
415 0.000663225
416 0.000667412
417 0.000664996
418 0.000656857
419 0.000646505
420 0.000638072
421 0.000634279
422 0.000636388
423 0.000642475
424 0.000648605
425 0.000650964
426 0.000647289
427 0.000638139
428 0.000626388
429 0.000616081
430 0.000610069
431 0.000609623
432 0.000613156
433 0.000617435
434 0.000618286
435 0.000613486
436 0.000603852
437 0.00059146
438 0.000579733
439 0.000572286
440 0.000570576
441 0.000572702
442 0.000575508
443 0.000575124
444 0.000569441
445 0.000558808
446 0.00054458
447 0.000530185
448 0.000520168
449 0.000515774
450 0.000515773
451 0.000517426
452 0.00051686
453 0.000511649
454 0.000502029
455 0.000490075
456 0.000478367
457 0.000470036
458 0.000466623
459 0.000467198
460 0.000469187
461 0.000469594
462 0.000465357
463 0.0004554
464 0.000441917
465 0.000427817
466 0.000415885
467 0.00040859
468 0.000406005
469 0.00040559
470 0.000403794
471 0.000398117
472 0.000388109
473 0.00037513
474 0.000361468
475 0.000350304
476 0.000343847
477 0.000341256
478 0.000341044
479 0.000340297
480 0.000335854
481 0.00032712
482 0.00031465
483 0.000301092
484 0.000289429
485 0.000281537
486 0.000277657
487 0.000276207
488 0.000274759
489 0.000270807
490 0.000262795
491 0.000251414
492 0.000239096
493 0.000228789
494 0.000222308
495 0.000220425
496 0.000222203
497 0.000224135
498 0.000223687
499 0.000219231
500 0.000211054
501 0.000201841
502 0.000193574
503 0.00018848
504 0.000187601
505 0.000189142
506 0.000191157
507 0.000191038
508 0.000187099
509 0.000179443
510 0.000169956
511 0.000161537
512 0.000156311
513 0.000155383
514 0.000158242
515 0.000161608
516 0.000162878
517 0.000160966
518 0.00015565
519 0.000148831
520 0.000142628
521 0.000139046
522 0.000138959
523 0.000141208
524 0.000144353
525 0.000145746
526 0.00014311
527 0.000136925
528 0.000129141
529 0.000122236
530 0.000118059
531 0.000117993
532 0.000120933
533 0.000124899
534 0.000127822
535 0.000128076
536 0.000124714
537 0.000118541
538 0.000112631
539 0.000109079
540 0.000108767
541 0.000111822
542 0.000115748
543 0.000117329
544 0.000115853
545 0.00011094
546 0.000103254
547 9.54382e-05
548 9.01498e-05
549 8.79529e-05
550 8.82998e-05
551 8.98934e-05
552 9.01598e-05
553 8.75947e-05
554 8.17265e-05
555 7.31562e-05
556 6.45329e-05
557 5.74401e-05
558 5.31974e-05
559 5.20249e-05
560 5.2149e-05
561 5.18278e-05
562 4.94916e-05
563 4.41685e-05
564 3.62284e-05
565 2.77523e-05
566 2.12467e-05
567 1.86364e-05
568 1.94312e-05
569 2.20929e-05
570 2.42447e-05
571 2.39874e-05
572 2.09074e-05
573 1.52557e-05
574 8.75532e-06
575 3.62164e-06
576 1.84597e-06
577 3.27233e-06
578 6.23554e-06
579 8.96896e-06
580 9.21604e-06
581 6.59177e-06
582 1.76108e-06
583 -3.67022e-06
584 -7.57746e-06
585 -8.62389e-06
586 -5.98658e-06
587 -1.49098e-06
588 2.86508e-06
589 5.84697e-06
590 5.69705e-06
591 2.85413e-06
592 -1.0318e-06
593 -3.98454e-06
594 -4.09851e-06
595 -1.60577e-06
596 2.4329e-06
597 6.34511e-06
598 8.1301e-06
599 6.69009e-06
600 2.78113e-06
601 -2.41384e-06
602 -7.30247e-06
603 -9.65846e-06
604 -8.74863e-06
605 -5.47306e-06
606 -1.64995e-06
607 7.64039e-07
608 1.12059e-07
609 -3.5855e-06
610 -8.34319e-06
611 -1.18323e-05
612 -1.32339e-05
613 -1.22538e-05
614 -8.94648e-06
615 -4.9631e-06
616 -1.94821e-06
617 -1.18919e-06
618 -3.08439e-06
619 -6.4993e-06
620 -9.74972e-06
621 -1.07302e-05
622 -8.25605e-06
623 -3.67732e-06
624 1.23263e-06
625 5.13516e-06
626 6.72804e-06
627 6.2012e-06
628 4.25035e-06
629 2.75896e-06
630 3.70881e-06
631 7.31887e-06
632 1.31363e-05
633 2.01703e-05
634 2.62869e-05
635 3.01373e-05
636 3.17163e-05
637 3.16855e-05
638 3.17599e-05
639 3.37453e-05
640 3.83305e-05
641 4.52472e-05
642 5.36612e-05
643 6.17142e-05
644 6.77216e-05
645 7.07024e-05
646 7.15096e-05
647 7.18096e-05
648 7.35583e-05
649 7.77781e-05
650 8.41119e-05
651 9.16384e-05
652 9.8477e-05
653 0.000103473
654 0.000106016
655 0.000106265
656 0.000105899
657 0.000106595
658 0.000109569
659 0.000114902
660 0.00012151
661 0.000127333
662 0.000131125
663 0.000132106
664 0.000130674
665 0.000128873
666 0.000127756
667 0.000128376
668 0.000131511
669 0.000136155
670 0.000140731
671 0.000144001
672 0.000144797
673 0.000143499
674 0.000141211
675 0.000138801
676 0.000138158
677 0.000139784
678 0.000142384
679 0.000144726
680 0.000146025
681 0.000145385
682 0.000142307
683 0.000138115
684 0.000134204
685 0.000132114
686 0.000132317
687 0.000134281
688 0.000137125
689 0.000139612
690 0.000140664
691 0.000139647
692 0.000137502
693 0.000135739
694 0.000135235
695 0.00013673
696 0.000139653
697 0.000142846
698 0.000145357
699 0.000145865
700 0.000144389
701 0.000141749
702 0.000138786
703 0.000136977
704 0.000137026
705 0.000138713
706 0.00014143
707 0.000143795
708 0.00014431
709 0.000142937
710 0.000140736
711 0.000138964
712 0.000138779
713 0.000140327
714 0.000143397
715 0.000147567
716 0.000151217
717 0.000153024
718 0.000153029
719 0.000151493
720 0.000148753
721 0.000146562
722 0.000146406
723 0.000148286
724 0.000151042
725 0.000153426
726 0.000154824
727 0.000154977
728 0.000154005
729 0.000152212
730 0.000151093
731 0.000151375
732 0.00015298
733 0.000155799
734 0.000158944
735 0.000160952
736 0.000161187
737 0.00015928
738 0.000156283
739 0.000154113
740 0.000152963
741 0.000153078
742 0.000154404
743 0.000155851
744 0.000156568
745 0.000155588
746 0.000152655
747 0.000148759
748 0.000144699
749 0.00014113
750 0.000138752
751 0.000136963
752 0.000135199
753 0.000132799
754 0.000128867
755 0.000123521
756 0.00011737
757 0.000111184
758 0.000105609
759 0.000100812
760 9.71913e-05
761 9.48452e-05
762 9.27532e-05
763 8.98066e-05
764 8.54205e-05
765 8.04481e-05
766 7.55729e-05
767 7.12122e-05
768 6.83054e-05
769 6.65341e-05
770 6.52421e-05
771 6.37515e-05
772 6.11939e-05
773 5.74405e-05
774 5.29737e-05
775 4.80067e-05
776 4.30251e-05
777 3.93459e-05
778 3.75182e-05
779 3.67984e-05
780 3.62445e-05
781 3.54915e-05
782 3.40857e-05
783 3.24032e-05
784 3.08717e-05
785 2.98861e-05
786 3.00028e-05
787 3.08034e-05
788 3.24062e-05
789 3.44451e-05
790 3.55226e-05
791 3.52803e-05
792 3.36046e-05
793 3.09375e-05
794 2.84001e-05
795 2.64596e-05
796 2.54633e-05
797 2.55393e-05
798 2.60361e-05
799 2.61434e-05
800 2.54656e-05
801 2.41019e-05
802 2.27686e-05
803 2.21031e-05
804 2.2173e-05
805 2.27622e-05
806 2.36801e-05
807 2.48481e-05
808 2.60755e-05
809 2.66465e-05
810 2.57305e-05
811 2.37422e-05
812 2.20407e-05
813 2.10174e-05
814 2.03996e-05
815 2.05433e-05
816 2.15468e-05
817 2.2321e-05
818 2.24656e-05
819 2.18173e-05
820 2.04717e-05
821 1.9016e-05
822 1.78309e-05
823 1.72642e-05
824 1.74168e-05
825 1.80697e-05
826 1.83091e-05
827 1.82046e-05
828 1.77592e-05
829 1.65084e-05
830 1.4717e-05
831 1.29589e-05
832 1.1846e-05
833 1.15403e-05
834 1.1752e-05
835 1.18744e-05
836 1.18678e-05
837 1.10052e-05
838 8.9374e-06
839 6.13345e-06
840 3.17894e-06
841 5.57853e-07
842 -1.84637e-06
843 -3.97451e-06
844 -5.88617e-06
845 -7.37564e-06
846 -8.94121e-06
847 -1.08648e-05
848 -1.30618e-05
849 -1.53991e-05
850 -1.71039e-05
851 -1.82696e-05
852 -1.93212e-05
853 -1.99409e-05
854 -2.06559e-05
855 -2.17287e-05
856 -2.29912e-05
857 -2.46206e-05
858 -2.65188e-05
859 -2.80226e-05
860 -2.88101e-05
861 -2.89287e-05
862 -2.84924e-05
863 -2.77306e-05
864 -2.69156e-05
865 -2.63632e-05
866 -2.60617e-05
867 -2.61069e-05
868 -2.58405e-05
869 -2.50143e-05
870 -2.43039e-05
871 -2.37011e-05
872 -2.27152e-05
873 -2.17817e-05
874 -2.13747e-05
875 -2.14523e-05
876 -2.22919e-05
877 -2.36765e-05
878 -2.45583e-05
879 -2.49144e-05
880 -2.49576e-05
881 -2.47682e-05
882 -2.48347e-05
883 -2.53003e-05
884 -2.60779e-05
885 -2.70819e-05
886 -2.84815e-05
887 -3.03608e-05
888 -3.19727e-05
889 -3.29789e-05
890 -3.43117e-05
891 -3.62432e-05
892 -3.86889e-05
893 -4.17128e-05
894 -4.50054e-05
895 -4.86612e-05
896 -5.21491e-05
897 -5.48962e-05
898 -5.73906e-05
899 -5.98786e-05
900 -6.22879e-05
901 -6.4666e-05
902 -6.69692e-05
903 -6.90391e-05
904 -7.12732e-05
905 -7.39228e-05
906 -7.63997e-05
907 -7.83152e-05
908 -7.97848e-05
909 -8.06408e-05
910 -8.139e-05
911 -8.23317e-05
912 -8.29565e-05
913 -8.35686e-05
914 -8.39122e-05
915 -8.34739e-05
916 -8.21784e-05
917 -8.05701e-05
918 -7.86658e-05
919 -7.65938e-05
920 -7.47587e-05
921 -7.28232e-05
922 -7.07773e-05
923 -6.84149e-05
924 -6.57269e-05
925 -6.24417e-05
926 -5.89499e-05
927 -5.54464e-05
928 -5.2131e-05
929 -4.9786e-05
930 -4.79982e-05
931 -4.67088e-05
932 -4.56495e-05
933 -4.49321e-05
934 -4.44359e-05
935 -4.33522e-05
936 -4.18932e-05
937 -4.05276e-05
938 -3.95491e-05
939 -3.96365e-05
940 -4.06921e-05
941 -4.12088e-05
942 -4.08922e-05
943 -4.04772e-05
944 -4.01012e-05
945 -3.95982e-05
946 -3.92647e-05
947 -3.89099e-05
948 -3.87572e-05
949 -3.87638e-05
950 -3.90961e-05
951 -3.9919e-05
952 -4.03642e-05
953 -4.04356e-05
954 -4.00735e-05
955 -3.97736e-05
956 -3.9873e-05
957 -4.06184e-05
958 -4.23252e-05
959 -4.42626e-05
960 -4.63428e-05
961 -4.85246e-05
962 -5.01567e-05
963 -5.13194e-05
964 -5.21443e-05
965 -5.25525e-05
966 -5.22919e-05
967 -5.14354e-05
968 -5.07261e-05
969 -5.01774e-05
970 -4.92794e-05
971 -4.7878e-05
972 -4.62876e-05
973 -4.48903e-05
974 -4.33645e-05
975 -4.24521e-05
976 -4.24976e-05
977 -4.28243e-05
978 -4.35045e-05
979 -4.43835e-05
980 -4.49833e-05
981 -4.48954e-05
982 -4.45677e-05
983 -4.46059e-05
984 -4.43112e-05
985 -4.34136e-05
986 -4.23519e-05
987 -4.12809e-05
988 -4.01028e-05
989 -3.84063e-05
990 -3.65296e-05
991 -3.4389e-05
992 -3.18082e-05
993 -2.95579e-05
994 -2.78787e-05
995 -2.68478e-05
996 -2.65547e-05
997 -2.67019e-05
998 -2.67563e-05
999 -2.69035e-05
