0 0
0.05 0
0.1 0
0.15 0
0.2 0
0.25 0
0.3 0
0.35 0
0.4 0
0.45 0
0.5 0
0.55 0
0.6 0
0.65 0
0.7 0
0.75 0
0.8 0
0.85 0
0.9 0
0.95 0
1 0
1.05 0
1.1 0
1.15 0
1.2 0
1.25 0
1.3 0
1.35 0
1.4 0
1.45 0
1.5 0
1.55 0
1.6 0
1.65 0
1.7 0
1.75 0
1.8 0
1.85 0
1.9 0
1.95 0
2 0
2.05 0
2.1 0
2.15 0
2.2 0
2.25 0
2.3 0
2.35 0
2.4 0
2.45 0
2.5 0
2.55 0
2.6 0
2.65 0
2.7 0
2.75 0
2.8 0
2.85 0
2.9 0
2.95 0
3 0
3.05 0
3.1 0
3.15 1
3.2 0
3.25 0
3.3 0
3.35 0
3.4 0
3.45 0
3.5 0
3.55 0
3.6 0
3.65 0
3.7 0
3.75 0
3.8 0
3.85 0
3.9 0
3.95 0
4 0
4.05 0
4.1 0
4.15 0
4.2 0
4.25 0
4.3 0
4.35 0
4.4 1
4.45 0
4.5 0
4.55 0
4.6 0
4.65 0
4.7 0
4.75 0
4.8 0
4.85 0
4.9 0
4.95 0
5 0
5.05 0
5.1 0
5.15 0
5.2 0
5.25 1
5.3 0
5.35 0
5.4 1
5.45 0
5.5 0
5.55 0
5.6 0
5.65 0
5.7 0
5.75 1
5.8 0
5.85 1
5.9 0
5.95 0
6 0
6.05 1
6.1 1
6.15 0
6.2 3
6.25 4
6.3 0
6.35 1
6.4 1
6.45 0
6.5 1
6.55 2
6.6 0
6.65 1
6.7 3
6.75 2
6.8 2
6.85 2
6.9 1
6.95 2
7 8
7.05 6
7.1 6
7.15 4
7.2 3
7.25 6
7.3 12
7.35 12
7.4 17
7.45 20
7.5 22
7.55 20
7.6 35
7.65 32
7.7 35
7.75 27
7.8 49
7.85 57
7.9 54
7.95 67
8 90
8.05 82
8.1 131
8.15 108
8.2 125
8.25 140
8.3 172
8.35 181
8.4 267
8.45 242
8.5 281
8.55 329
8.6 341
8.65 423
8.7 485
8.75 523
8.8 564
8.85 665
8.9 685
8.95 773
9 888
9.05 958
9.1 1061
9.15 1151
9.2 1386
9.25 1457
9.3 1627
9.35 1763
9.4 1959
9.45 2098
9.5 2357
9.55 2593
9.6 2902
9.65 3121
9.7 3467
9.75 3636
9.8 4101
9.85 4398
9.9 4852
9.95 5209
10 5674
10.05 6065
10.1 6400
10.15 6991
10.2 7372
10.25 7925
10.3 8603
10.35 9199
10.4 9692
10.45 10525
10.5 11161
10.55 11833
10.6 12609
10.65 13320
10.7 13971
10.75 14685
10.8 15838
10.85 16420
10.9 17608
10.95 18320
11 19405
11.05 20057
11.1 21178
11.15 22019
11.2 23125
11.25 24212
11.3 25142
11.35 26046
11.4 27124
11.45 27845
11.5 28968
11.55 29848
11.6 30725
11.65 31408
11.7 32235
11.75 33926
11.8 34384
11.85 35301
11.9 35819
11.95 36953
12 37385
12.05 38124
12.1 38979
12.15 39239
12.2 39748
12.25 40213
12.3 40534
12.35 40639
12.4 40795
12.45 41554
12.5 41234
12.55 41829
12.6 41766
12.65 41454
12.7 41051
12.75 41296
12.8 41007
12.85 40689
12.9 40197
12.95 39514
13 39538
13.05 38418
13.1 37903
13.15 37441
13.2 36605
13.25 35536
13.3 34841
13.35 33533
13.4 32965
13.45 31962
13.5 30745
13.55 30008
13.6 29134
13.65 28139
13.7 27064
13.75 25857
13.8 24935
13.85 23571
13.9 22864
13.95 21774
14 20584
14.05 19481
14.1 18387
14.15 17335
14.2 16300
14.25 15572
14.3 14306
14.35 13468
14.4 12675
14.45 11777
14.5 11047
14.55 10259
14.6 9488
14.65 8732
14.7 8039
14.75 7358
14.8 6765
14.85 6149
14.9 5644
14.95 5288
15 4674
15.05 4217
15.1 3870
15.15 3399
15.2 3173
15.25 2766
15.3 2515
15.35 2242
15.4 1987
15.45 1846
15.5 1652
15.55 1411
15.6 1290
15.65 1111
15.7 1002
15.75 810
15.8 726
15.85 646
15.9 556
15.95 514
16 386
16.05 329
16.1 298
16.15 225
16.2 196
16.25 172
16.3 163
16.35 140
16.4 106
16.45 93
16.5 56
16.55 53
16.6 60
16.65 43
16.7 40
16.75 37
16.8 36
16.85 19
16.9 22
16.95 11
17 8
17.05 9
17.1 6
17.15 5
17.2 11
17.25 5
17.3 1
17.35 4
17.4 3
17.45 0
17.5 0
17.55 5
17.6 0
17.65 1
17.7 5
17.75 1
17.8 3
17.85 0
17.9 0
17.95 2
18 0
18.05 0
18.1 0
18.15 0
18.2 0
18.25 0
18.3 0
18.35 0
18.4 0
18.45 0
18.5 0
18.55 0
18.6 0
18.65 0
18.7 0
18.75 0
18.8 0
18.85 0
18.9 1
18.95 0
19 0
19.05 0
19.1 1
19.15 0
19.2 0
19.25 0
19.3 0
19.35 0
19.4 0
19.45 0
19.5 0
19.55 0
19.6 0
19.65 0
19.7 0
19.75 0
19.8 0
19.85 0
19.9 0
19.95 0
20 0
20.05 0
20.1 0
20.15 0
20.2 0
20.25 0
20.3 0
20.35 0
20.4 0
20.45 0
20.5 0
20.55 0
20.6 0
20.65 0
20.7 0
20.75 0
20.8 0
20.85 0
20.9 0
20.95 0
21 0
21.05 0
21.1 0
21.15 0
21.2 0
21.25 0
21.3 0
21.35 0
21.4 0
21.45 0
21.5 0
21.55 0
21.6 0
21.65 0
21.7 0
21.75 0
21.8 0
21.85 0
21.9 0
21.95 0
22 0
22.05 0
22.1 0
22.15 0
22.2 0
22.25 0
22.3 0
22.35 0
22.4 0
22.45 0
22.5 0
22.55 0
22.6 0
22.65 0
22.7 0
22.75 0
22.8 0
22.85 0
22.9 0
22.95 0
23 0
23.05 0
23.1 0
23.15 0
23.2 0
23.25 0
23.3 0
23.35 0
23.4 0
23.45 0
23.5 0
23.55 0
23.6 0
23.65 0
23.7 0
23.75 0
23.8 0
23.85 0
23.9 0
23.95 0
24 0
24.05 0
24.1 0
24.15 0
24.2 0
24.25 0
24.3 0
24.35 0
24.4 0
24.45 0
24.5 0
24.55 0
24.6 0
24.65 0
24.7 0
24.75 0
24.8 0
24.85 0
24.9 0
24.95 0
25 0
25.05 0
25.1 0
25.15 0
25.2 0
25.25 0
25.3 0
25.35 0
25.4 0
25.45 0
25.5 0
25.55 0
25.6 0
25.65 0
25.7 0
25.75 0
25.8 0
25.85 0
25.9 0
25.95 0
26 0
26.05 0
26.1 0
26.15 0
26.2 0
26.25 0
26.3 0
26.35 0
26.4 0
26.45 0
26.5 0
26.55 0
26.6 0
26.65 0
26.7 0
26.75 0
26.8 0
26.85 0
26.9 0
26.95 0
27 0
27.05 0
27.1 0
27.15 0
27.2 0
27.25 0
27.3 0
27.35 0
27.4 0
27.45 0
27.5 0
27.55 0
27.6 0
27.65 0
27.7 0
27.75 0
27.8 0
27.85 0
27.9 0
27.95 0
28 0
28.05 0
28.1 0
28.15 0
28.2 0
28.25 0
28.3 0
28.35 0
28.4 0
28.45 0
28.5 0
28.55 0
28.6 0
28.65 0
28.7 0
28.75 0
28.8 0
28.85 0
28.9 0
28.95 0
29 0
29.05 0
29.1 0
29.15 0
29.2 0
29.25 0
29.3 0
29.35 0
29.4 0
29.45 0
29.5 0
29.55 0
29.6 0
29.65 0
29.7 0
29.75 0
29.8 0
29.85 0
29.9 0
29.95 0
30 0
