0 0
0.05 0
0.1 0
0.15 0
0.2 0
0.25 0
0.3 0
0.35 0
0.4 0
0.45 0
0.5 0
0.55 0
0.6 0
0.65 0
0.7 0
0.75 0
0.8 0
0.85 0
0.9 0
0.95 0
1 0
1.05 0
1.1 0
1.15 0
1.2 0
1.25 0
1.3 0
1.35 0
1.4 0
1.45 0
1.5 0
1.55 0
1.6 0
1.65 0
1.7 0
1.75 0
1.8 0
1.85 0
1.9 0
1.95 0
2 0
2.05 0
2.1 0
2.15 0
2.2 0
2.25 0
2.3 0
2.35 0
2.4 0
2.45 0
2.5 0
2.55 0
2.6 0
2.65 0
2.7 0
2.75 0
2.8 0
2.85 0
2.9 0
2.95 0
3 0
3.05 0
3.1 0
3.15 0
3.2 0
3.25 0
3.3 0
3.35 0
3.4 0
3.45 0
3.5 0
3.55 0
3.6 0
3.65 0
3.7 0
3.75 0
3.8 0
3.85 0
3.9 0
3.95 0
4 0
4.05 0
4.1 0
4.15 0
4.2 0
4.25 0
4.3 0
4.35 0
4.4 0
4.45 0
4.5 0
4.55 0
4.6 0
4.65 0
4.7 0
4.75 0
4.8 0
4.85 0
4.9 0
4.95 0
5 0
5.05 0
5.1 0
5.15 0
5.2 0
5.25 0
5.3 0
5.35 0
5.4 0
5.45 0
5.5 0
5.55 0
5.6 0
5.65 0
5.7 0
5.75 0
5.8 0
5.85 0
5.9 0
5.95 0
6 0
6.05 0
6.1 0
6.15 0
6.2 1
6.25 0
6.3 0
6.35 0
6.4 0
6.45 0
6.5 0
6.55 2
6.6 1
6.65 0
6.7 0
6.75 0
6.8 1
6.85 0
6.9 1
6.95 1
7 2
7.05 1
7.1 2
7.15 4
7.2 1
7.25 5
7.3 5
7.35 3
7.4 6
7.45 5
7.5 4
7.55 12
7.6 15
7.65 15
7.7 16
7.75 6
7.8 15
7.85 20
7.9 24
7.95 26
8 33
8.05 45
8.1 39
8.15 52
8.2 52
8.25 66
8.3 80
8.35 98
8.4 99
8.45 119
8.5 149
8.55 170
8.6 198
8.65 200
8.7 255
8.75 265
8.8 320
8.85 345
8.9 398
8.95 472
9 568
9.05 657
9.1 669
9.15 736
9.2 823
9.25 959
9.3 1132
9.35 1159
9.4 1369
9.45 1553
9.5 1636
9.55 1893
9.6 2097
9.65 2385
9.7 2446
9.75 2863
9.8 2983
9.85 3383
9.9 3671
9.95 4061
10 4368
10.05 4878
10.1 5373
10.15 5650
10.2 6213
10.25 6857
10.3 7143
10.35 7928
10.4 8542
10.45 9129
10.5 9815
10.55 10662
10.6 11377
10.65 12136
10.7 13101
10.75 13693
10.8 14913
10.85 15736
10.9 16542
10.95 17616
11 18490
11.05 19485
11.1 20555
11.15 21618
11.2 22398
11.25 23746
11.3 24815
11.35 26062
11.4 27193
11.45 27932
11.5 29167
11.55 30111
11.6 31372
11.65 32608
11.7 33274
11.75 34161
11.8 35318
11.85 36263
11.9 37155
11.95 37900
12 38852
12.05 39225
12.1 40213
12.15 40720
12.2 41260
12.25 41844
12.3 41992
12.35 42221
12.4 42753
12.45 42710
12.5 43136
12.55 43333
12.6 42936
12.65 42995
12.7 42810
12.75 42441
12.8 42296
12.85 41349
12.9 41334
12.95 40806
13 40281
13.05 39426
13.1 38702
13.15 37736
13.2 37359
13.25 36241
13.3 35238
13.35 34305
13.4 33585
13.45 32131
13.5 31145
13.55 30012
13.6 28851
13.65 28016
13.7 26807
13.75 25859
13.8 24383
13.85 23653
13.9 22395
13.95 21507
14 20277
14.05 18972
14.1 18007
14.15 17223
14.2 16161
14.25 15103
14.3 14317
14.35 13321
14.4 12383
14.45 11697
14.5 10947
14.55 10237
14.6 9456
14.65 8780
14.7 8110
14.75 7557
14.8 6785
14.85 6380
14.9 5782
14.95 5357
15 4806
15.05 4487
15.1 4023
15.15 3698
15.2 3287
15.25 3181
15.3 2749
15.35 2447
15.4 2195
15.45 2036
15.5 1732
15.55 1605
15.6 1403
15.65 1243
15.7 1124
15.75 1016
15.8 860
15.85 809
15.9 745
15.95 616
16 558
16.05 488
16.1 409
16.15 346
16.2 313
16.25 269
16.3 212
16.35 190
16.4 179
16.45 156
16.5 125
16.55 97
16.6 96
16.65 84
16.7 82
16.75 59
16.8 50
16.85 40
16.9 46
16.95 27
17 29
17.05 13
17.1 25
17.15 16
17.2 15
17.25 11
17.3 13
17.35 10
17.4 6
17.45 3
17.5 3
17.55 2
17.6 3
17.65 0
17.7 3
17.75 1
17.8 1
17.85 1
17.9 0
17.95 0
18 0
18.05 2
18.1 0
18.15 0
18.2 1
18.25 1
18.3 0
18.35 0
18.4 0
18.45 0
18.5 0
18.55 0
18.6 0
18.65 0
18.7 0
18.75 0
18.8 0
18.85 0
18.9 0
18.95 0
19 0
19.05 0
19.1 0
19.15 0
19.2 0
19.25 0
19.3 0
19.35 0
19.4 0
19.45 0
19.5 0
19.55 0
19.6 0
19.65 0
19.7 0
19.75 0
19.8 0
19.85 0
19.9 0
19.95 0
20 0
20.05 0
20.1 0
20.15 0
20.2 0
20.25 0
20.3 0
20.35 0
20.4 0
20.45 0
20.5 0
20.55 0
20.6 0
20.65 0
20.7 0
20.75 0
20.8 0
20.85 0
20.9 0
20.95 0
21 0
21.05 0
21.1 0
21.15 0
21.2 0
21.25 0
21.3 0
21.35 0
21.4 0
21.45 0
21.5 0
21.55 0
21.6 0
21.65 0
21.7 0
21.75 0
21.8 0
21.85 0
21.9 0
21.95 0
22 0
22.05 0
22.1 0
22.15 0
22.2 0
22.25 0
22.3 0
22.35 0
22.4 0
22.45 0
22.5 0
22.55 0
22.6 0
22.65 0
22.7 0
22.75 0
22.8 0
22.85 0
22.9 0
22.95 0
23 0
23.05 0
23.1 0
23.15 0
23.2 0
23.25 0
23.3 0
23.35 0
23.4 0
23.45 0
23.5 0
23.55 0
23.6 0
23.65 0
23.7 0
23.75 0
23.8 0
23.85 0
23.9 0
23.95 0
24 0
24.05 0
24.1 0
24.15 0
24.2 0
24.25 0
24.3 0
24.35 0
24.4 0
24.45 0
24.5 0
24.55 0
24.6 0
24.65 0
24.7 0
24.75 0
24.8 0
24.85 0
24.9 0
24.95 0
25 0
25.05 0
25.1 0
25.15 0
25.2 0
25.25 0
25.3 0
25.35 0
25.4 0
25.45 0
25.5 0
25.55 0
25.6 0
25.65 0
25.7 0
25.75 0
25.8 0
25.85 0
25.9 0
25.95 0
26 0
26.05 0
26.1 0
26.15 0
26.2 0
26.25 0
26.3 0
26.35 0
26.4 0
26.45 0
26.5 0
26.55 0
26.6 0
26.65 0
26.7 0
26.75 0
26.8 0
26.85 0
26.9 0
26.95 0
27 0
27.05 0
27.1 0
27.15 0
27.2 0
27.25 0
27.3 0
27.35 0
27.4 0
27.45 0
27.5 0
27.55 0
27.6 0
27.65 0
27.7 0
27.75 0
27.8 0
27.85 0
27.9 0
27.95 0
28 0
28.05 0
28.1 0
28.15 0
28.2 0
28.25 0
28.3 0
28.35 0
28.4 0
28.45 0
28.5 0
28.55 0
28.6 0
28.65 0
28.7 0
28.75 0
28.8 0
28.85 0
28.9 0
28.95 0
29 0
29.05 0
29.1 0
29.15 0
29.2 0
29.25 0
29.3 0
29.35 0
29.4 0
29.45 0
29.5 0
29.55 0
29.6 0
29.65 0
29.7 0
29.75 0
29.8 0
29.85 0
29.9 0
29.95 0
30 0
