10 0.0046085
20 0.0179773
30 0.038917
40 0.0658815
50 0.0973028
60 0.131791
70 0.168211
80 0.205682
90 0.243541
100 0.281292
110 0.318551
120 0.355012
130 0.390424
140 0.424588
150 0.457358
160 0.488653
170 0.518453
180 0.546803
190 0.573806
200 0.599611
210 0.624396
220 0.648353
230 0.671679
240 0.694565
250 0.717182
260 0.73968
270 0.762168
280 0.784716
290 0.807359
300 0.830108
310 0.852963
320 0.875922
330 0.898985
340 0.922152
350 0.945418
360 0.96877
370 0.992182
380 1.01562
390 1.03906
400 1.06244
410 1.08571
420 1.1088
430 1.13161
440 1.15408
450 1.17616
460 1.19781
470 1.21899
480 1.2397
490 1.25993
500 1.27967
510 1.2989
520 1.31757
530 1.33564
540 1.35304
550 1.36977
560 1.38584
570 1.40129
580 1.41622
590 1.43071
600 1.44489
610 1.45887
620 1.47274
630 1.48655
640 1.50035
650 1.51414
660 1.52792
670 1.54168
680 1.55544
690 1.56919
700 1.58297
710 1.5968
720 1.61073
730 1.62475
740 1.63889
750 1.65311
760 1.66741
770 1.68176
780 1.69613
790 1.71048
800 1.72478
810 1.73903
820 1.75326
830 1.7675
840 1.78178
850 1.79613
860 1.81054
870 1.82499
880 1.83942
890 1.85383
900 1.86818
910 1.88247
920 1.89669
930 1.91086
940 1.925
950 1.93911
960 1.9532
970 1.96727
980 1.9813
990 1.99528
1000 2.00919
1010 2.02304
1020 2.03684
1030 2.05064
1040 2.06446
1050 2.07833
1060 2.09226
1070 2.10627
1080 2.12033
1090 2.13446
1100 2.14865
1110 2.1629
1120 2.17725
1130 2.19172
1140 2.20632
1150 2.22109
1160 2.23601
1170 2.25108
1180 2.26627
1190 2.28154
1200 2.29685
1210 2.31215
1220 2.32743
1230 2.34266
1240 2.35786
1250 2.37304
1260 2.38824
1270 2.40348
1280 2.41874
1290 2.434
1300 2.44921
1310 2.46433
1320 2.47934
1330 2.49427
1340 2.50917
1350 2.5241
1360 2.53913
1370 2.55426
1380 2.56951
1390 2.58484
1400 2.60021
1410 2.6156
1420 2.63097
1430 2.64631
1440 2.66159
1450 2.67681
1460 2.69196
1470 2.70703
1480 2.72199
1490 2.73681
1500 2.75147
1510 2.76596
1520 2.78028
1530 2.79443
1540 2.80845
1550 2.82234
1560 2.83613
1570 2.84981
1580 2.86337
1590 2.87676
1600 2.88998
1610 2.903
1620 2.9158
1630 2.92835
1640 2.94063
1650 2.95264
1660 2.96438
1670 2.97591
1680 2.98725
1690 2.99848
1700 3.00965
1710 3.02082
1720 3.03203
1730 3.04331
1740 3.05468
1750 3.06613
1760 3.07767
1770 3.08931
1780 3.10108
1790 3.11305
1800 3.12525
1810 3.13774
1820 3.15052
1830 3.16359
1840 3.17695
1850 3.19056
1860 3.20443
1870 3.21853
1880 3.23285
1890 3.2474
1900 3.26217
1910 3.27716
1920 3.29238
1930 3.30784
1940 3.32353
1950 3.33943
1960 3.35549
1970 3.37163
1980 3.38777
1990 3.40385
2000 3.41977
2010 3.43546
2020 3.45081
2030 3.46579
2040 3.48036
2050 3.49453
2060 3.50835
2070 3.52189
2080 3.53523
2090 3.54846
2100 3.56167
2110 3.57495
2120 3.58833
2130 3.60185
2140 3.61554
2150 3.6294
2160 3.64344
2170 3.65767
2180 3.67211
2190 3.68679
2200 3.7017
2210 3.71683
2220 3.73214
2230 3.74758
2240 3.76306
2250 3.77853
2260 3.79393
2270 3.80922
2280 3.82435
2290 3.83931
2300 3.85406
2310 3.8686
2320 3.88289
2330 3.89689
2340 3.91056
2350 3.92389
2360 3.93688
2370 3.94954
2380 3.96196
2390 3.97421
2400 3.98637
2410 3.99852
2420 4.01069
2430 4.02293
2440 4.03526
2450 4.04769
2460 4.06024
2470 4.07291
2480 4.0857
2490 4.09861
2500 4.11162
2510 4.12476
2520 4.13801
2530 4.15137
2540 4.16481
2550 4.17832
2560 4.19184
2570 4.20538
2580 4.21891
2590 4.2324
2600 4.24584
2610 4.2592
2620 4.27249
2630 4.28569
2640 4.29881
2650 4.31188
2660 4.32495
2670 4.33808
2680 4.3513
2690 4.36465
2700 4.37812
2710 4.3917
2720 4.40539
2730 4.41916
2740 4.43298
2750 4.44683
2760 4.46067
2770 4.47449
2780 4.48825
2790 4.50197
2800 4.51563
2810 4.52923
2820 4.54275
2830 4.55616
2840 4.56942
2850 4.58247
2860 4.59528
2870 4.60779
2880 4.62002
2890 4.63196
2900 4.64363
2910 4.65509
2920 4.66635
2930 4.67746
2940 4.68851
2950 4.69959
2960 4.71077
2970 4.72213
2980 4.73374
2990 4.74563
3000 4.75782
3010 4.77027
3020 4.78294
3030 4.79576
3040 4.80865
3050 4.82156
3060 4.83443
3070 4.84726
3080 4.86001
3090 4.8727
3100 4.88529
3110 4.89775
3120 4.91004
3130 4.92211
3140 4.93391
3150 4.94543
3160 4.95671
3170 4.96778
3180 4.97868
3190 4.98946
3200 5.00018
3210 5.01088
3220 5.0216
3230 5.03237
3240 5.04317
3250 5.05402
3260 5.06488
3270 5.07577
3280 5.08668
3290 5.0976
3300 5.10849
3310 5.11936
3320 5.13021
3330 5.14103
3340 5.1518
3350 5.16253
3360 5.1732
3370 5.18382
3380 5.19439
3390 5.20489
3400 5.21531
3410 5.22563
3420 5.23585
3430 5.24596
3440 5.25593
3450 5.26573
3460 5.27536
3470 5.28477
3480 5.29394
3490 5.30284
3500 5.31146
3510 5.31974
3520 5.32762
3530 5.33506
3540 5.34212
3550 5.34884
3560 5.35529
3570 5.36152
3580 5.36761
3590 5.37361
3600 5.37958
3610 5.38557
3620 5.39164
3630 5.39784
3640 5.4042
3650 5.41078
3660 5.41762
3670 5.42476
3680 5.43222
3690 5.43998
3700 5.44803
3710 5.45631
3720 5.46476
3730 5.47334
3740 5.48199
3750 5.49068
3760 5.49933
3770 5.50788
3780 5.51625
3790 5.52442
3800 5.5324
3810 5.54026
3820 5.54803
3830 5.55574
3840 5.56338
3850 5.57096
3860 5.57848
3870 5.58594
3880 5.5933
3890 5.60057
3900 5.60774
3910 5.6148
3920 5.62178
3930 5.62871
3940 5.6356
3950 5.64249
3960 5.64938
3970 5.65628
3980 5.6632
3990 5.67014
4000 5.6771
4010 5.68411
4020 5.69117
4030 5.69829
4040 5.70547
4050 5.71272
4060 5.72005
4070 5.72745
4080 5.73491
4090 5.74239
4100 5.74983
4110 5.7572
4120 5.76447
4130 5.77163
4140 5.7787
4150 5.78568
4160 5.79259
4170 5.79946
4180 5.80629
4190 5.81307
4200 5.81983
4210 5.82657
4220 5.83331
4230 5.84003
4240 5.8467
4250 5.85328
4260 5.85972
4270 5.866
4280 5.87211
4290 5.87807
4300 5.88394
4310 5.88977
4320 5.89568
4330 5.90176
4340 5.90804
4350 5.91456
4360 5.92131
4370 5.9283
4380 5.93551
4390 5.94292
4400 5.95049
4410 5.95819
4420 5.96597
4430 5.9738
4440 5.98164
4450 5.98945
4460 5.99721
4470 6.0049
4480 6.01254
4490 6.02015
4500 6.02775
4510 6.03537
4520 6.04299
4530 6.05062
4540 6.05822
4550 6.06579
4560 6.0733
4570 6.0807
4580 6.08795
4590 6.095
4600 6.10181
4610 6.10835
4620 6.11459
4630 6.12049
4640 6.12604
4650 6.13124
4660 6.13609
4670 6.14062
4680 6.14488
4690 6.1489
4700 6.15277
4710 6.15656
4720 6.16035
4730 6.16419
4740 6.16814
4750 6.17224
4760 6.17652
4770 6.18098
4780 6.18563
4790 6.19043
4800 6.19535
4810 6.20033
4820 6.20534
4830 6.21035
4840 6.21532
4850 6.22024
4860 6.22506
4870 6.22976
4880 6.23433
4890 6.23879
4900 6.24316
4910 6.24749
4920 6.2518
4930 6.25613
4940 6.2605
4950 6.26493
4960 6.26943
4970 6.27404
4980 6.27877
4990 6.28363
5000 6.28862
5010 6.29373
5020 6.29892
5030 6.30415
5040 6.30938
5050 6.31457
5060 6.3197
5070 6.32479
5080 6.3299
5090 6.33507
5100 6.34037
5110 6.34585
5120 6.35156
5130 6.35748
5140 6.36362
5150 6.36997
5160 6.37656
5170 6.38342
5180 6.3906
5190 6.39813
5200 6.406
5210 6.41423
5220 6.42276
5230 6.43153
5240 6.44049
5250 6.44956
5260 6.45872
5270 6.46794
5280 6.4772
5290 6.48647
5300 6.49571
5310 6.5049
5320 6.514
5330 6.52305
5340 6.53206
5350 6.54101
5360 6.54992
5370 6.55878
5380 6.56759
5390 6.57636
5400 6.58511
5410 6.59382
5420 6.6025
5430 6.61114
5440 6.61969
5450 6.62815
5460 6.63651
5470 6.64482
5480 6.65312
5490 6.66145
5500 6.66984
5510 6.67835
5520 6.68701
5530 6.69588
5540 6.70497
5550 6.71429
5560 6.72382
5570 6.73355
5580 6.74348
5590 6.75359
5600 6.76389
5610 6.77437
5620 6.78507
5630 6.79597
5640 6.80702
5650 6.81815
5660 6.82928
5670 6.84036
5680 6.85133
5690 6.86217
5700 6.87287
5710 6.88342
5720 6.89385
5730 6.90417
5740 6.9144
5750 6.92453
5760 6.93458
5770 6.94455
5780 6.95445
5790 6.96431
5800 6.97415
5810 6.98398
5820 6.99382
5830 7.00369
5840 7.01358
5850 7.02349
5860 7.03342
5870 7.04337
5880 7.05334
5890 7.06334
5900 7.07338
5910 7.08347
5920 7.0936
5930 7.10375
5940 7.1139
5950 7.12404
5960 7.13414
5970 7.14418
5980 7.15415
5990 7.16399
6000 7.17369
6010 7.18323
6020 7.1926
6030 7.2018
6040 7.21082
6050 7.21965
6060 7.22826
6070 7.23663
6080 7.24476
6090 7.25264
6100 7.26031
6110 7.26782
6120 7.27523
6130 7.28263
6140 7.29006
6150 7.29757
6160 7.30518
6170 7.3129
6180 7.32072
6190 7.32862
6200 7.33658
6210 7.34455
6220 7.35248
6230 7.36032
6240 7.36802
6250 7.37557
6260 7.38301
6270 7.39035
6280 7.39758
6290 7.40469
6300 7.41169
6310 7.41859
6320 7.42542
6330 7.43221
6340 7.43899
6350 7.44577
6360 7.45255
6370 7.45934
6380 7.46612
6390 7.47287
6400 7.47959
6410 7.48628
6420 7.49292
6430 7.49953
6440 7.50614
6450 7.51277
6460 7.51948
6470 7.52626
6480 7.53311
6490 7.53999
6500 7.54683
6510 7.55354
6520 7.56005
6530 7.56632
6540 7.57229
6550 7.57792
6560 7.58317
6570 7.58801
6580 7.59242
6590 7.59639
6600 7.59993
6610 7.60309
6620 7.60593
6630 7.60853
6640 7.61101
6650 7.6135
6660 7.61609
6670 7.61888
6680 7.62192
6690 7.62524
6700 7.62887
6710 7.63281
6720 7.63706
6730 7.64163
6740 7.6465
6750 7.65165
6760 7.65704
6770 7.66264
6780 7.66837
6790 7.67415
6800 7.67989
6810 7.68551
6820 7.69092
6830 7.69608
6840 7.70096
6850 7.70558
6860 7.70994
6870 7.71406
6880 7.71794
6890 7.72158
6900 7.72496
6910 7.72808
6920 7.73093
6930 7.73353
6940 7.7359
6950 7.7381
6960 7.74015
6970 7.74214
6980 7.74412
6990 7.74618
7000 7.74839
7010 7.75081
7020 7.7535
7030 7.7565
7040 7.75985
7050 7.76357
7060 7.76764
7070 7.772
7080 7.7766
7090 7.78139
7100 7.78631
7110 7.79131
7120 7.79631
7130 7.80124
7140 7.80605
7150 7.81066
7160 7.81504
7170 7.81917
7180 7.82303
7190 7.82662
7200 7.82998
7210 7.83312
7220 7.83606
7230 7.83886
7240 7.84155
7250 7.84419
7260 7.8468
7270 7.84937
7280 7.85188
7290 7.8543
7300 7.85661
7310 7.8588
7320 7.86088
7330 7.86292
7340 7.86497
7350 7.86707
7360 7.86925
7370 7.87145
7380 7.87364
7390 7.87576
7400 7.87777
7410 7.87966
7420 7.88142
7430 7.8831
7440 7.88472
7450 7.88635
7460 7.88805
7470 7.88988
7480 7.89187
7490 7.89405
7500 7.89642
7510 7.89901
7520 7.90182
7530 7.90485
7540 7.9081
7550 7.91154
7560 7.91512
7570 7.9188
7580 7.92256
7590 7.92636
7600 7.93019
7610 7.93407
7620 7.93799
7630 7.94198
7640 7.94607
7650 7.95027
7660 7.95456
7670 7.95891
7680 7.9633
7690 7.96773
7700 7.97219
7710 7.97669
7720 7.98123
7730 7.98582
7740 7.99044
7750 7.99511
7760 7.99982
7770 8.00457
7780 8.00935
7790 8.01415
7800 8.01898
7810 8.02384
7820 8.02871
7830 8.03354
7840 8.03831
7850 8.04298
7860 8.0476
7870 8.0522
7880 8.05681
7890 8.06149
7900 8.06624
7910 8.07112
7920 8.07616
7930 8.08138
7940 8.08681
7950 8.09248
7960 8.09838
7970 8.10445
7980 8.1107
7990 8.11713
8000 8.12377
8010 8.1306
8020 8.13758
8030 8.14465
8040 8.15175
8050 8.15881
8060 8.1658
8070 8.17271
8080 8.17956
8090 8.18637
8100 8.19317
8110 8.2
8120 8.20687
8130 8.21383
8140 8.22088
8150 8.22805
8160 8.23534
8170 8.24278
8180 8.25043
8190 8.25832
8200 8.26644
8210 8.2748
8220 8.28337
8230 8.29211
8240 8.30098
8250 8.30991
8260 8.31882
8270 8.32761
8280 8.33615
8290 8.34437
8300 8.35223
8310 8.35975
8320 8.36695
8330 8.37389
8340 8.38061
8350 8.38713
8360 8.39347
8370 8.39964
8380 8.40566
8390 8.41155
8400 8.41733
8410 8.42304
8420 8.42869
8430 8.4343
8440 8.43986
8450 8.44538
8460 8.45084
8470 8.45625
8480 8.46163
8490 8.46698
8500 8.47227
8510 8.47751
8520 8.48269
8530 8.48778
8540 8.49279
8550 8.4977
8560 8.50249
8570 8.50715
8580 8.5117
8590 8.51612
8600 8.52045
8610 8.52469
8620 8.52886
8630 8.53296
8640 8.53698
8650 8.54088
8660 8.54465
8670 8.54826
8680 8.5517
8690 8.55498
8700 8.55809
8710 8.56106
8720 8.5639
8730 8.56663
8740 8.56925
8750 8.57176
8760 8.57415
8770 8.57642
8780 8.57859
8790 8.58069
8800 8.58279
8810 8.58497
8820 8.58728
8830 8.58974
8840 8.59233
8850 8.59503
8860 8.59791
8870 8.60102
8880 8.6044
8890 8.6081
8900 8.61216
8910 8.61659
8920 8.62137
8930 8.62646
8940 8.63179
8950 8.63728
8960 8.64284
8970 8.64841
8980 8.65392
8990 8.65932
9000 8.66456
9010 8.66964
9020 8.67453
9030 8.67923
9040 8.68375
9050 8.68807
9060 8.69218
9070 8.69606
9080 8.69971
9090 8.70312
9100 8.70631
9110 8.7093
9120 8.71217
9130 8.71498
9140 8.71786
9150 8.72089
9160 8.72415
9170 8.72768
9180 8.73149
9190 8.73557
9200 8.73988
9210 8.74439
9220 8.74907
9230 8.75389
9240 8.75882
9250 8.76384
9260 8.76895
9270 8.77416
9280 8.77952
9290 8.78509
9300 8.79091
9310 8.79695
9320 8.80315
9330 8.80938
9340 8.81552
9350 8.82154
9360 8.82743
9370 8.83324
9380 8.83899
9390 8.84467
9400 8.85028
9410 8.85578
9420 8.86114
9430 8.8663
9440 8.87125
9450 8.87597
9460 8.88045
9470 8.88478
9480 8.88906
9490 8.89336
9500 8.89772
9510 8.90217
9520 8.90677
9530 8.91159
9540 8.91671
9550 8.92214
9560 8.92786
9570 8.9338
9580 8.93991
9590 8.94611
9600 8.95241
9610 8.95881
9620 8.96535
9630 8.97199
9640 8.97867
9650 8.98536
9660 8.99204
9670 8.99872
9680 9.00545
9690 9.01225
9700 9.01915
9710 9.02621
9720 9.03347
9730 9.04103
9740 9.04892
9750 9.05712
9760 9.06559
9770 9.07428
9780 9.08317
9790 9.09221
9800 9.10137
9810 9.11061
9820 9.11989
9830 9.12919
9840 9.13853
9850 9.1479
9860 9.15733
9870 9.16684
9880 9.17647
9890 9.18626
9900 9.19624
9910 9.20647
9920 9.21695
9930 9.22767
9940 9.2386
9950 9.24969
9960 9.26091
9970 9.27224
9980 9.28363
9990 9.29506
