10 0.0037919
20 0.0135729
30 0.027125
40 0.0426545
50 0.058892
60 0.0750474
70 0.0906949
80 0.10565
90 0.119867
100 0.133364
110 0.146187
120 0.158389
130 0.170026
140 0.181154
150 0.191831
160 0.202111
170 0.212042
180 0.221664
190 0.231012
200 0.24011
210 0.248984
220 0.257654
230 0.26614
240 0.274458
250 0.282622
260 0.290637
270 0.298507
280 0.306237
290 0.313829
300 0.32129
310 0.328625
320 0.335837
330 0.342933
340 0.349916
350 0.35679
360 0.363555
370 0.370212
380 0.376769
390 0.383231
400 0.389605
410 0.395894
420 0.402098
430 0.40822
440 0.414259
450 0.420215
460 0.426091
470 0.431893
480 0.437627
490 0.443298
500 0.448909
510 0.45446
520 0.459953
530 0.465384
540 0.470749
550 0.476043
560 0.48126
570 0.4864
580 0.491467
590 0.496463
600 0.501388
610 0.506247
620 0.511051
630 0.515813
640 0.520545
650 0.525255
660 0.529944
670 0.534609
680 0.539243
690 0.54384
700 0.548397
710 0.552913
720 0.557388
730 0.561819
740 0.566203
750 0.570545
760 0.574849
770 0.579122
780 0.583365
790 0.587577
800 0.591752
810 0.595886
820 0.599979
830 0.604041
840 0.608082
850 0.612108
860 0.616119
870 0.620111
880 0.624083
890 0.628031
900 0.631956
910 0.635862
920 0.639749
930 0.643619
940 0.647469
950 0.65129
960 0.655075
970 0.65882
980 0.662522
990 0.66618
1000 0.669798
1010 0.673382
1020 0.676937
1030 0.680469
1040 0.683981
1050 0.687478
1060 0.690963
1070 0.694442
1080 0.69792
1090 0.7014
1100 0.704882
1110 0.708365
1120 0.711844
1130 0.715317
1140 0.71878
1150 0.722225
1160 0.725648
1170 0.729047
1180 0.732415
1190 0.735746
1200 0.739035
1210 0.742282
1220 0.745495
1230 0.748684
1240 0.751855
1250 0.755013
1260 0.758158
1270 0.761292
1280 0.764415
1290 0.767531
1300 0.770642
1310 0.773754
1320 0.776869
1330 0.779988
1340 0.783112
1350 0.786237
1360 0.789358
1370 0.792469
1380 0.795567
1390 0.798651
1400 0.80172
1410 0.804778
1420 0.807829
1430 0.810877
1440 0.813925
1450 0.816971
1460 0.820012
1470 0.823042
1480 0.82606
1490 0.829062
1500 0.832048
1510 0.835014
1520 0.837961
1530 0.840889
1540 0.843806
1550 0.846712
1560 0.849606
1570 0.852484
1580 0.85534
1590 0.858176
1600 0.860995
1610 0.863806
1620 0.866616
1630 0.869427
1640 0.872233
1650 0.875027
1660 0.877805
1670 0.880563
1680 0.883297
1690 0.886001
1700 0.888674
1710 0.89132
1720 0.893943
1730 0.896548
1740 0.899142
1750 0.90173
1760 0.904312
1770 0.906886
1780 0.909456
1790 0.912026
1800 0.914603
1810 0.917189
1820 0.919781
1830 0.922373
1840 0.924958
1850 0.927538
1860 0.930118
1870 0.932707
1880 0.935302
1890 0.937897
1900 0.940487
1910 0.943072
1920 0.945657
1930 0.948243
1940 0.950827
1950 0.9534
1960 0.955954
1970 0.958489
1980 0.961006
1990 0.963508
2000 0.965994
2010 0.968463
2020 0.970903
2030 0.973309
2040 0.975677
2050 0.97801
2060 0.980312
2070 0.982588
2080 0.984839
2090 0.98707
2100 0.989287
2110 0.991491
2120 0.993684
2130 0.995867
2140 0.998046
2150 1.00023
2160 1.00242
2170 1.00463
2180 1.00685
2190 1.0091
2200 1.01137
2210 1.01366
2220 1.01596
2230 1.01826
2240 1.02058
2250 1.02289
2260 1.02521
2270 1.02754
2280 1.02986
2290 1.03218
2300 1.0345
2310 1.03682
2320 1.03913
2330 1.04144
2340 1.04376
2350 1.04607
2360 1.04839
2370 1.05072
2380 1.05304
2390 1.05537
2400 1.05769
2410 1.06001
2420 1.06233
2430 1.06466
2440 1.06699
2450 1.06933
2460 1.07168
2470 1.07403
2480 1.07639
2490 1.07875
2500 1.08111
2510 1.08345
2520 1.08576
2530 1.08805
2540 1.09031
2550 1.09254
2560 1.09475
2570 1.09695
2580 1.09914
2590 1.10133
2600 1.1035
2610 1.10566
2620 1.1078
2630 1.10992
2640 1.11202
2650 1.1141
2660 1.11618
2670 1.11825
2680 1.12032
2690 1.12237
2700 1.12443
2710 1.12649
2720 1.12854
2730 1.13059
2740 1.13262
2750 1.13463
2760 1.13662
2770 1.13859
2780 1.14053
2790 1.14245
2800 1.14435
2810 1.14623
2820 1.14811
2830 1.14999
2840 1.15188
2850 1.15379
2860 1.15572
2870 1.15767
2880 1.15964
2890 1.1616
2900 1.16355
2910 1.1655
2920 1.16743
2930 1.16934
2940 1.17124
2950 1.17314
2960 1.17503
2970 1.17692
2980 1.1788
2990 1.18066
3000 1.1825
3010 1.18433
3020 1.18616
3030 1.18799
3040 1.18981
3050 1.19164
3060 1.19346
3070 1.1953
3080 1.19714
3090 1.19898
3100 1.20084
3110 1.20268
3120 1.20452
3130 1.20635
3140 1.20816
3150 1.20996
3160 1.21175
3170 1.21351
3180 1.21526
3190 1.21699
3200 1.21871
3210 1.22041
3220 1.22212
3230 1.22382
3240 1.22553
3250 1.22726
3260 1.22899
3270 1.23075
3280 1.23254
3290 1.23436
3300 1.23621
3310 1.23808
3320 1.23997
3330 1.24187
3340 1.24375
3350 1.24563
3360 1.2475
3370 1.24937
3380 1.25126
3390 1.25316
3400 1.25507
3410 1.25698
3420 1.25889
3430 1.26079
3440 1.26269
3450 1.26458
3460 1.26646
3470 1.26834
3480 1.27022
3490 1.27209
3500 1.27396
3510 1.27583
3520 1.2777
3530 1.27957
3540 1.28144
3550 1.28329
3560 1.28513
3570 1.28697
3580 1.2888
3590 1.29064
3600 1.29248
3610 1.29432
3620 1.29615
3630 1.29797
3640 1.29979
3650 1.30159
3660 1.30337
3670 1.30514
3680 1.30689
3690 1.30864
3700 1.31037
3710 1.3121
3720 1.31384
3730 1.31558
3740 1.31734
3750 1.3191
3760 1.32087
3770 1.32264
3780 1.32441
3790 1.32617
3800 1.32791
3810 1.32963
3820 1.33134
3830 1.33305
3840 1.33475
3850 1.33645
3860 1.33815
3870 1.33985
3880 1.34156
3890 1.34328
3900 1.345
3910 1.34673
3920 1.34846
3930 1.3502
3940 1.35194
3950 1.35369
3960 1.35545
3970 1.35719
3980 1.35892
3990 1.36063
4000 1.36233
4010 1.36401
4020 1.36568
4030 1.36735
4040 1.36901
4050 1.37068
4060 1.37236
4070 1.37405
4080 1.37575
4090 1.37745
4100 1.37915
4110 1.38083
4120 1.38251
4130 1.38418
4140 1.38584
4150 1.3875
4160 1.38916
4170 1.39082
4180 1.39249
4190 1.39415
4200 1.39583
4210 1.39751
4220 1.3992
4230 1.4009
4240 1.4026
4250 1.40431
4260 1.40602
4270 1.40771
4280 1.40938
4290 1.41104
4300 1.41267
4310 1.41427
4320 1.41587
4330 1.41746
4340 1.41905
4350 1.42063
4360 1.4222
4370 1.42377
4380 1.42533
4390 1.42689
4400 1.42847
4410 1.43005
4420 1.43165
4430 1.43325
4440 1.43486
4450 1.43648
4460 1.43811
4470 1.43974
4480 1.44138
4490 1.44303
4500 1.44469
4510 1.44637
4520 1.44806
4530 1.44976
4540 1.45147
4550 1.45319
4560 1.45491
4570 1.45663
4580 1.45834
4590 1.46002
4600 1.46169
4610 1.46334
4620 1.46499
4630 1.46664
4640 1.46828
4650 1.46991
4660 1.47154
4670 1.47316
4680 1.47478
4690 1.47639
4700 1.47797
4710 1.47953
4720 1.48108
4730 1.48262
4740 1.48416
4750 1.48572
4760 1.48728
4770 1.48887
4780 1.49046
4790 1.49206
4800 1.49366
4810 1.49526
4820 1.49685
4830 1.49843
4840 1.5
4850 1.50158
4860 1.50315
4870 1.50471
4880 1.50626
4890 1.50779
4900 1.50931
4910 1.51082
4920 1.51233
4930 1.51384
4940 1.51537
4950 1.51691
4960 1.51847
4970 1.52003
4980 1.5216
4990 1.52315
5000 1.52471
5010 1.52626
5020 1.52781
5030 1.52935
5040 1.53087
5050 1.53238
5060 1.53389
5070 1.53542
5080 1.53697
5090 1.53853
5100 1.54009
5110 1.54166
5120 1.5432
5130 1.54473
5140 1.54624
5150 1.54774
5160 1.54923
5170 1.55071
5180 1.55219
5190 1.55367
5200 1.55515
5210 1.55666
5220 1.55817
5230 1.5597
5240 1.56124
5250 1.56279
5260 1.56435
5270 1.56593
5280 1.5675
5290 1.56906
5300 1.57061
5310 1.57214
5320 1.57365
5330 1.57517
5340 1.57669
5350 1.57823
5360 1.57978
5370 1.58134
5380 1.58292
5390 1.58452
5400 1.58614
5410 1.58778
5420 1.58944
5430 1.59112
5440 1.59282
5450 1.59453
5460 1.59625
5470 1.59797
5480 1.59969
5490 1.6014
5500 1.60311
5510 1.60485
5520 1.60661
5530 1.6084
5540 1.61021
5550 1.61201
5560 1.6138
5570 1.61557
5580 1.61732
5590 1.61905
5600 1.62075
5610 1.62244
5620 1.62412
5630 1.62579
5640 1.62746
5650 1.62915
5660 1.63085
5670 1.63257
5680 1.63429
5690 1.63603
5700 1.63777
5710 1.63952
5720 1.64126
5730 1.643
5740 1.64472
5750 1.64643
5760 1.64812
5770 1.64979
5780 1.65145
5790 1.65308
5800 1.6547
5810 1.65631
5820 1.65791
5830 1.65951
5840 1.6611
5850 1.66269
5860 1.66429
5870 1.66589
5880 1.6675
5890 1.66912
5900 1.67077
5910 1.67244
5920 1.67411
5930 1.67578
5940 1.67744
5950 1.67908
5960 1.6807
5970 1.6823
5980 1.68387
5990 1.68541
6000 1.68694
6010 1.68843
6020 1.68991
6030 1.69137
6040 1.69282
6050 1.69428
6060 1.69577
6070 1.69728
6080 1.69881
6090 1.70038
6100 1.70196
6110 1.70356
6120 1.70518
6130 1.70679
6140 1.70841
6150 1.71002
6160 1.71163
6170 1.71322
6180 1.71479
6190 1.71633
6200 1.71785
6210 1.71936
6220 1.72086
6230 1.72238
6240 1.72393
6250 1.7255
6260 1.72711
6270 1.72875
6280 1.7304
6290 1.73207
6300 1.73373
6310 1.7354
6320 1.73707
6330 1.73873
6340 1.74038
6350 1.74203
6360 1.74367
6370 1.74531
6380 1.74695
6390 1.74858
6400 1.75022
6410 1.75186
6420 1.7535
6430 1.75513
6440 1.75677
6450 1.75841
6460 1.76004
6470 1.76167
6480 1.7633
6490 1.76492
6500 1.76654
6510 1.76815
6520 1.76975
6530 1.77135
6540 1.77293
6550 1.77452
6560 1.77611
6570 1.77769
6580 1.77928
6590 1.78085
6600 1.78242
6610 1.78398
6620 1.78553
6630 1.78709
6640 1.78865
6650 1.79022
6660 1.79181
6670 1.79341
6680 1.79503
6690 1.79665
6700 1.79829
6710 1.79993
6720 1.80156
6730 1.80319
6740 1.80481
6750 1.80642
6760 1.80803
6770 1.80962
6780 1.81121
6790 1.81279
6800 1.81436
6810 1.81594
6820 1.81752
6830 1.81913
6840 1.82077
6850 1.82243
6860 1.82413
6870 1.82584
6880 1.82758
6890 1.82932
6900 1.83107
6910 1.83281
6920 1.83454
6930 1.83626
6940 1.83796
6950 1.83965
6960 1.84131
6970 1.84296
6980 1.84461
6990 1.84626
7000 1.84792
7010 1.84959
7020 1.85127
7030 1.85294
7040 1.8546
7050 1.85624
7060 1.85787
7070 1.85948
7080 1.86106
7090 1.86261
7100 1.86414
7110 1.86566
7120 1.86716
7130 1.86865
7140 1.87014
7150 1.87163
7160 1.87314
7170 1.87465
7180 1.87616
7190 1.87767
7200 1.87917
7210 1.88066
7220 1.88215
7230 1.88365
7240 1.88517
7250 1.8867
7260 1.88824
7270 1.88978
7280 1.8913
7290 1.89282
7300 1.89434
7310 1.89585
7320 1.89738
7330 1.89892
7340 1.90048
7350 1.90206
7360 1.90364
7370 1.90522
7380 1.90678
7390 1.90833
7400 1.90987
7410 1.9114
7420 1.91292
7430 1.91443
7440 1.91595
7450 1.91746
7460 1.91898
7470 1.9205
7480 1.92202
7490 1.92353
7500 1.92503
7510 1.92653
7520 1.92802
7530 1.92952
7540 1.93104
7550 1.93255
7560 1.93406
7570 1.93556
7580 1.93707
7590 1.93857
7600 1.94009
7610 1.9416
7620 1.94311
7630 1.94462
7640 1.94613
7650 1.94764
7660 1.94916
7670 1.95068
7680 1.95222
7690 1.95377
7700 1.95533
7710 1.9569
7720 1.95847
7730 1.96004
7740 1.96161
7750 1.96315
7760 1.96469
7770 1.96622
7780 1.96775
7790 1.96929
7800 1.97083
7810 1.97238
7820 1.97394
7830 1.9755
7840 1.97705
7850 1.97859
7860 1.98012
7870 1.98163
7880 1.98312
7890 1.98461
7900 1.98609
7910 1.98756
7920 1.98902
7930 1.99049
7940 1.99195
7950 1.99342
7960 1.99489
7970 1.99636
7980 1.99784
7990 1.99931
8000 2.00078
8010 2.00225
8020 2.00373
8030 2.00521
8040 2.0067
8050 2.0082
8060 2.0097
8070 2.01121
8080 2.01273
8090 2.01427
8100 2.01581
8110 2.01736
8120 2.01892
8130 2.02049
8140 2.02205
8150 2.02363
8160 2.02521
8170 2.02681
8180 2.02842
8190 2.03003
8200 2.03165
8210 2.03327
8220 2.03489
8230 2.03651
8240 2.03812
8250 2.03972
8260 2.04132
8270 2.04291
8280 2.04452
8290 2.04613
8300 2.04775
8310 2.04937
8320 2.05099
8330 2.05261
8340 2.05423
8350 2.05584
8360 2.05745
8370 2.05905
8380 2.06063
8390 2.0622
8400 2.06376
8410 2.06534
8420 2.06692
8430 2.06851
8440 2.07011
8450 2.07171
8460 2.0733
8470 2.07489
8480 2.07649
8490 2.07811
8500 2.07974
8510 2.0814
8520 2.08308
8530 2.08477
8540 2.08648
8550 2.08819
8560 2.08991
8570 2.09163
8580 2.09334
8590 2.09501
8600 2.09665
8610 2.09825
8620 2.09981
8630 2.10135
8640 2.10286
8650 2.10436
8660 2.10586
8670 2.10737
8680 2.10889
8690 2.11042
8700 2.11197
8710 2.11353
8720 2.11509
8730 2.11665
8740 2.11822
8750 2.11978
8760 2.12134
8770 2.12289
8780 2.12446
8790 2.12603
8800 2.1276
8810 2.12918
8820 2.13077
8830 2.13236
8840 2.13393
8850 2.13551
8860 2.13707
8870 2.13863
8880 2.14019
8890 2.14176
8900 2.14334
8910 2.14494
8920 2.14655
8930 2.14816
8940 2.14978
8950 2.1514
8960 2.15302
8970 2.15463
8980 2.15622
8990 2.15781
9000 2.15939
9010 2.16097
9020 2.16257
9030 2.16417
9040 2.16579
9050 2.16742
9060 2.16905
9070 2.17069
9080 2.17234
9090 2.174
9100 2.17566
9110 2.17733
9120 2.179
9130 2.18066
9140 2.18232
9150 2.18398
9160 2.18565
9170 2.18731
9180 2.18897
9190 2.19063
9200 2.19229
9210 2.19395
9220 2.1956
9230 2.19723
9240 2.19885
9250 2.20045
9260 2.20203
9270 2.2036
9280 2.20517
9290 2.20674
9300 2.20831
9310 2.20988
9320 2.21145
9330 2.21302
9340 2.21458
9350 2.21613
9360 2.21769
9370 2.21924
9380 2.22077
9390 2.22228
9400 2.22378
9410 2.22526
9420 2.22673
9430 2.2282
9440 2.22967
9450 2.23114
9460 2.23261
9470 2.23408
9480 2.23555
9490 2.23702
9500 2.23848
9510 2.23994
9520 2.24139
9530 2.24283
9540 2.24426
9550 2.24569
9560 2.24712
9570 2.24855
9580 2.24997
9590 2.25139
9600 2.2528
9610 2.25421
9620 2.25562
9630 2.25705
9640 2.25849
9650 2.25996
9660 2.26145
9670 2.26295
9680 2.26448
9690 2.266
9700 2.26753
9710 2.26906
9720 2.27057
9730 2.27207
9740 2.27355
9750 2.27501
9760 2.27645
9770 2.27787
9780 2.27928
9790 2.28067
9800 2.28207
9810 2.28347
9820 2.28489
9830 2.28633
9840 2.2878
9850 2.28928
9860 2.29078
9870 2.29229
9880 2.29381
9890 2.29532
9900 2.29684
9910 2.29836
9920 2.29987
9930 2.30137
9940 2.30287
9950 2.30436
9960 2.30584
9970 2.30732
9980 2.30878
9990 2.31023
