0 0
0.5 0
1 0
1.5 0
2 0
2.5 0
3 0
3.5 0
4 0
4.5 0
5 0
5.5 0
6 0
6.5 0
7 0
7.5 0
8 0
8.5 0
9 0
9.5 0
10 0
10.5 0
11 0
11.5 0
12 0
12.5 0
13 0
13.5 0
14 0
14.5 0
15 0
15.5 0
16 0
16.5 0
17 0
17.5 0
18 0
18.5 0
19 0
19.5 0
20 0
20.5 0
21 0
21.5 0
22 0
22.5 0
23 0
23.5 0
24 0
24.5 0
25 0
25.5 0
26 0
26.5 0
27 0
27.5 0
28 0
28.5 0
29 0
29.5 0
30 0
30.5 0
31 0
31.5 0
32 0
32.5 0
33 0
33.5 0
34 0
34.5 0
35 1.66667e-06
35.5 1.66667e-06
36 5e-06
36.5 1.16667e-05
37 1e-05
37.5 1.5e-05
38 3.33333e-05
38.5 1.66667e-05
39 3.16667e-05
39.5 2.5e-05
40 3e-05
40.5 3.66667e-05
41 3.16667e-05
41.5 3.5e-05
42 2.83333e-05
42.5 4.83333e-05
43 2e-05
43.5 4.16667e-05
44 5.16667e-05
44.5 6.5e-05
45 4.16667e-05
45.5 6e-05
46 3.83333e-05
46.5 4.83333e-05
47 4e-05
47.5 4e-05
48 5.66667e-05
48.5 3.33333e-05
49 3.33333e-05
49.5 3.66667e-05
50 3.83333e-05
50.5 5.66667e-05
51 4e-05
51.5 4.5e-05
52 4.83333e-05
52.5 5.5e-05
53 6.83333e-05
53.5 9e-05
54 0.000113333
54.5 8.83333e-05
55 0.000136667
55.5 0.000156667
56 0.000158333
56.5 0.000226667
57 0.000205
57.5 0.000211667
58 0.00029
58.5 0.000246667
59 0.00029
59.5 0.000336667
60 0.00036
60.5 0.000396667
61 0.000355
61.5 0.000451667
62 0.000465
62.5 0.000498333
63 0.000598333
63.5 0.000628333
64 0.000741667
64.5 0.00086
65 0.000896667
65.5 0.000996667
66 0.000953333
66.5 0.00107667
67 0.00108667
67.5 0.00110167
68 0.00111167
68.5 0.001175
69 0.00123333
69.5 0.00126833
70 0.00136
70.5 0.00132333
71 0.00135667
71.5 0.001285
72 0.00142167
72.5 0.00141
73 0.00137667
73.5 0.00138
74 0.00131667
74.5 0.00132833
75 0.00131
75.5 0.00135
76 0.00134
76.5 0.00136333
77 0.00136333
77.5 0.00144
78 0.00134333
78.5 0.00148667
79 0.00142833
79.5 0.00155
80 0.0016
80.5 0.00166167
81 0.00161333
81.5 0.00173667
82 0.00198167
82.5 0.00204
83 0.00194
83.5 0.00208
84 0.00228167
84.5 0.00251
85 0.00265
85.5 0.00279167
86 0.00303333
86.5 0.00305667
87 0.00322833
87.5 0.00347167
88 0.00384167
88.5 0.00418667
89 0.00451167
89.5 0.00465667
90 0.005095
90.5 0.00537333
91 0.0059
91.5 0.00614667
92 0.00669833
92.5 0.007135
93 0.00758
93.5 0.00797167
94 0.00848833
94.5 0.00902667
95 0.00972167
95.5 0.00992333
96 0.0103233
96.5 0.0107167
97 0.0113117
97.5 0.0116467
98 0.0122667
98.5 0.0126783
99 0.013605
99.5 0.0138383
100 0.01413
100.5 0.014645
101 0.0152617
101.5 0.015545
102 0.0160533
102.5 0.0162983
103 0.0164017
103.5 0.0160633
104 0.0168733
104.5 0.0170517
105 0.0169133
105.5 0.0171767
106 0.0174433
106.5 0.0171183
107 0.0172667
107.5 0.01725
108 0.01671
108.5 0.016675
109 0.0167683
109.5 0.0163367
110 0.0158517
110.5 0.0159367
111 0.0159783
111.5 0.01487
112 0.0145817
112.5 0.014145
113 0.0139667
113.5 0.0136717
114 0.0131567
114.5 0.01265
115 0.01221
115.5 0.0117017
116 0.0112433
116.5 0.01055
117 0.0101533
117.5 0.00985833
118 0.00924833
118.5 0.00876667
119 0.008545
119.5 0.00800833
120 0.00756667
120.5 0.00718167
121 0.00690833
121.5 0.00638333
122 0.0062
122.5 0.005815
123 0.00509167
123.5 0.00491
124 0.00474333
124.5 0.004325
125 0.00406667
125.5 0.00396667
126 0.003695
126.5 0.003315
127 0.00314
127.5 0.00287167
128 0.002735
128.5 0.002635
129 0.00252167
129.5 0.00224333
130 0.00222167
130.5 0.001895
131 0.001805
131.5 0.001645
132 0.001525
132.5 0.00139
133 0.00131167
133.5 0.00127667
134 0.00112833
134.5 0.00110833
135 0.00107833
135.5 0.00105667
136 0.000953333
136.5 0.000955
137 0.00085
137.5 0.00081
138 0.00076
138.5 0.000695
139 0.000666667
139.5 0.000658333
140 0.00073
140.5 0.000588333
141 0.000593333
141.5 0.00055
142 0.000513333
142.5 0.000546667
143 0.000511667
143.5 0.000515
144 0.00047
144.5 0.000431667
145 0.00048
145.5 0.000461667
146 0.00044
146.5 0.00049
147 0.000431667
147.5 0.000425
148 0.000426667
148.5 0.000435
149 0.000426667
149.5 0.000396667
150 0.000423333
150.5 0.00039
151 0.000428333
151.5 0.000378333
152 0.000336667
152.5 0.000356667
153 0.000328333
153.5 0.000365
154 0.000371667
154.5 0.000345
155 0.000336667
155.5 0.000323333
156 0.000348333
156.5 0.00037
157 0.000325
157.5 0.00033
158 0.000331667
158.5 0.000326667
159 0.00033
159.5 0.00032
160 0.000388333
160.5 0.000356667
161 0.000315
161.5 0.000298333
162 0.000295
162.5 0.000328333
163 0.000286667
163.5 0.000336667
164 0.00034
164.5 0.00032
165 0.000316667
165.5 0.000278333
166 0.000268333
166.5 0.000263333
167 0.00026
167.5 0.000228333
168 0.00026
168.5 0.000218333
169 0.000226667
169.5 0.000198333
170 0.000161667
170.5 0.000201667
171 0.000166667
171.5 0.00016
172 0.000151667
172.5 0.000131667
173 0.000118333
173.5 0.000153333
174 0.000135
174.5 0.000101667
175 0.000118333
175.5 9e-05
176 0.000103333
176.5 7.66667e-05
177 7.16667e-05
177.5 8.83333e-05
178 5.83333e-05
178.5 2.66667e-05
179 1.16667e-05
179.5 3.33333e-06
