0 0
0.5 0
1 0
1.5 0
2 0
2.5 0
3 0
3.5 0
4 0
4.5 0
5 0
5.5 0
6 0
6.5 0
7 0
7.5 0
8 0
8.5 0
9 0
9.5 0
10 0
10.5 0
11 0
11.5 0
12 0
12.5 0
13 0
13.5 0
14 0
14.5 0
15 0
15.5 0
16 0
16.5 0
17 0
17.5 0
18 0
18.5 0
19 0
19.5 0
20 0
20.5 0
21 0
21.5 0
22 0
22.5 0
23 0
23.5 0
24 0
24.5 0
25 0
25.5 0
26 0
26.5 0
27 0
27.5 0
28 0
28.5 0
29 0
29.5 0
30 0
30.5 0
31 0
31.5 0
32 0
32.5 0
33 0
33.5 0
34 0
34.5 0
35 0
35.5 0
36 0
36.5 0
37 0
37.5 0
38 5.85733e-11
38.5 3.49078e-10
39 1.81587e-09
39.5 1.91006e-09
40 1.48002e-09
40.5 1.37095e-08
41 1.11154e-08
41.5 9.99219e-09
42 2.84439e-08
42.5 1.94463e-05
43 2.73499e-05
43.5 2.31272e-05
44 9.52463e-06
44.5 2.6456e-05
45 2.62058e-05
45.5 5.22359e-05
46 8.4524e-06
46.5 2.7782e-05
47 2.68872e-05
47.5 3.00804e-05
48 2.87361e-05
48.5 5.43924e-05
49 8.40203e-05
49.5 0.000133574
50 0.000150565
50.5 0.000258015
51 0.000336179
51.5 0.000526513
52 0.000764285
52.5 0.00102027
53 0.00146002
53.5 0.00218193
54 0.00285617
54.5 0.00389549
55 0.00523307
55.5 0.00611134
56 0.00720608
56.5 0.00830993
57 0.0090822
57.5 0.0104769
58 0.0115352
58.5 0.0125767
59 0.0140513
59.5 0.014476
60 0.0153132
60.5 0.0167047
61 0.0175312
61.5 0.0183266
62 0.0186716
62.5 0.0189866
63 0.0191484
63.5 0.0185989
64 0.0180956
64.5 0.0176749
65 0.0172062
65.5 0.0166292
66 0.0158722
66.5 0.0153623
67 0.0144277
67.5 0.0132914
68 0.0128068
68.5 0.0122768
69 0.0120098
69.5 0.011121
70 0.0102294
70.5 0.00986017
71 0.00941978
71.5 0.00895046
72 0.00885955
72.5 0.00847364
73 0.00810285
73.5 0.00810561
74 0.00784301
74.5 0.00749375
75 0.00689345
75.5 0.00705645
76 0.00689006
76.5 0.00669542
77 0.00684439
77.5 0.00652212
78 0.00666727
78.5 0.00630383
79 0.00642583
79.5 0.00672875
80 0.0068173
80.5 0.00666686
81 0.0065076
81.5 0.00662352
82 0.00666416
82.5 0.00639202
83 0.00672919
83.5 0.00675059
84 0.00699743
84.5 0.00693039
85 0.00733289
85.5 0.00736727
86 0.00732371
86.5 0.0072089
87 0.00723432
87.5 0.00763368
88 0.00759007
88.5 0.00769672
89 0.00785967
89.5 0.00782317
90 0.00767225
90.5 0.00782319
91 0.00795834
91.5 0.00800329
92 0.00823205
92.5 0.00800553
93 0.0082434
93.5 0.00846587
94 0.00878772
94.5 0.00882114
95 0.00900887
95.5 0.00867571
96 0.00877264
96.5 0.00873399
97 0.00906128
97.5 0.00888238
98 0.00882085
98.5 0.00875899
99 0.00920255
99.5 0.00938315
100 0.00876063
100.5 0.00900314
101 0.00951554
101.5 0.00958053
102 0.0093293
102.5 0.00948079
103 0.00929584
103.5 0.00922343
104 0.00915186
104.5 0.00881802
105 0.00940639
105.5 0.00932973
106 0.00942482
106.5 0.0100386
107 0.0096196
107.5 0.0098504
108 0.00983561
108.5 0.00980778
109 0.00989801
109.5 0.0099331
110 0.0100607
110.5 0.00973862
111 0.00935436
111.5 0.00919964
112 0.00956123
112.5 0.00919238
113 0.00886066
113.5 0.00872415
114 0.00919767
114.5 0.00928202
115 0.00966082
115.5 0.00966063
116 0.00962837
116.5 0.0093273
117 0.00948308
117.5 0.00966853
118 0.00939962
118.5 0.00908212
119 0.00938339
119.5 0.009069
120 0.00883167
120.5 0.00921393
121 0.00915231
121.5 0.0091406
122 0.00859236
122.5 0.00870426
123 0.00870653
123.5 0.00875512
124 0.00866321
124.5 0.00868111
125 0.00867434
125.5 0.00871233
126 0.00863776
126.5 0.00819648
127 0.00851143
127.5 0.00811121
128 0.00802658
128.5 0.00806154
129 0.00792513
129.5 0.00759892
130 0.0077163
130.5 0.00726677
131 0.00732361
131.5 0.00752171
132 0.00729554
132.5 0.00721949
133 0.00716361
133.5 0.00711944
134 0.00716107
134.5 0.00706684
135 0.00684409
135.5 0.00702678
136 0.00675691
136.5 0.00641788
137 0.00635153
137.5 0.00640365
138 0.00646145
138.5 0.00661966
139 0.00651796
139.5 0.00658451
140 0.00626112
140.5 0.00651731
141 0.00625896
141.5 0.00593732
142 0.00618184
142.5 0.00577212
143 0.00565679
143.5 0.00581322
144 0.00564249
144.5 0.00532325
145 0.00540825
145.5 0.00533211
146 0.0054545
146.5 0.00509635
147 0.00474995
147.5 0.00447065
148 0.00480747
148.5 0.00482529
149 0.00487418
149.5 0.00469914
150 0.00461585
150.5 0.00442081
151 0.0042159
151.5 0.0041917
152 0.00405962
152.5 0.00415218
153 0.00382745
153.5 0.00369157
154 0.00350691
154.5 0.00358332
155 0.00363651
155.5 0.00365927
156 0.00391022
156.5 0.0036492
157 0.00345697
157.5 0.00341065
158 0.0031888
158.5 0.00326283
159 0.00311539
159.5 0.00303975
160 0.00321777
160.5 0.00297271
161 0.00274266
161.5 0.002817
162 0.00285215
162.5 0.00284625
163 0.002559
163.5 0.00244732
164 0.00260548
164.5 0.00250746
165 0.00234973
165.5 0.00225439
166 0.0021224
166.5 0.00201595
167 0.00176599
167.5 0.00194909
168 0.00175139
168.5 0.00154229
169 0.001572
169.5 0.00151312
170 0.00164503
170.5 0.00143342
171 0.00133321
171.5 0.00133809
172 0.00123212
172.5 0.00119403
173 0.00090879
173.5 0.000830764
174 0.00070871
174.5 0.000695453
175 0.000722597
175.5 0.000582802
176 0.000551017
176.5 0.000364288
177 0.000345958
177.5 0.000299929
178 0.000173188
178.5 0.000152573
179 7.60389e-05
179.5 1.69444e-05
