0 0
0.5 0
1 0
1.5 0
2 0
2.5 0
3 0
3.5 0
4 0
4.5 0
5 0
5.5 0
6 0
6.5 0
7 0
7.5 0
8 0
8.5 0
9 0
9.5 0
10 0
10.5 0
11 0
11.5 0
12 0
12.5 0
13 0
13.5 0
14 0
14.5 0
15 0
15.5 0
16 0
16.5 0
17 0
17.5 0
18 0
18.5 0
19 0
19.5 0
20 0
20.5 0
21 0
21.5 0
22 0
22.5 0
23 0
23.5 0
24 0
24.5 0
25 0
25.5 0
26 0
26.5 0
27 0
27.5 0
28 0
28.5 0
29 0
29.5 0
30 0
30.5 0
31 0
31.5 0
32 0
32.5 0
33 0
33.5 0
34 0
34.5 0
35 0
35.5 0
36 0
36.5 0
37 0
37.5 0
38 0
38.5 0
39 0
39.5 0
40 0
40.5 0
41 0
41.5 0
42 0
42.5 0
43 0
43.5 0
44 0
44.5 0
45 0
45.5 0
46 0
46.5 0
47 0
47.5 0
48 0
48.5 0
49 0
49.5 0
50 0
50.5 0
51 1e-06
51.5 1.8e-05
52 1e-05
52.5 7e-06
53 5e-06
53.5 5e-06
54 4e-06
54.5 4e-06
55 1.9e-05
55.5 5e-05
56 4.1e-05
56.5 2.6e-05
57 4.2e-05
57.5 4.7e-05
58 6.6e-05
58.5 5.2e-05
59 5.5e-05
59.5 6.7e-05
60 5.6e-05
60.5 8.1e-05
61 7.7e-05
61.5 0.000199
62 0.000199
62.5 0.000155
63 0.000209
63.5 0.000248
64 0.000232
64.5 0.000263
65 0.00027
65.5 0.000209
66 0.000178
66.5 0.000261
67 0.000198
67.5 0.000201
68 0.000183
68.5 0.000203
69 0.000188
69.5 0.000172
70 0.000256
70.5 0.000236
71 0.000257
71.5 0.000264
72 0.000254
72.5 0.000323
73 0.000366
73.5 0.00031
74 0.000327
74.5 0.00031
75 0.000315
75.5 0.000433
76 0.000424
76.5 0.000389
77 0.000505
77.5 0.000419
78 0.000572
78.5 0.000563
79 0.000532
79.5 0.000573
80 0.000607
80.5 0.000768
81 0.000808
81.5 0.000812
82 0.000858
82.5 0.000791
83 0.000893
83.5 0.001015
84 0.001059
84.5 0.001174
85 0.001334
85.5 0.001398
86 0.001525
86.5 0.00171
87 0.001985
87.5 0.002117
88 0.002298
88.5 0.002429
89 0.002935
89.5 0.002712
90 0.002944
90.5 0.003187
91 0.003456
91.5 0.003519
92 0.003954
92.5 0.004307
93 0.004409
93.5 0.004712
94 0.00513
94.5 0.005043
95 0.005395
95.5 0.005691
96 0.005857
96.5 0.006476
97 0.006321
97.5 0.006384
98 0.006234
98.5 0.006386
99 0.006569
99.5 0.006579
100 0.007406
100.5 0.007541
101 0.007977
101.5 0.008041
102 0.00828
102.5 0.008926
103 0.008725
103.5 0.009065
104 0.008995
104.5 0.009587
105 0.009755
105.5 0.009547
106 0.010094
106.5 0.00999
107 0.010819
107.5 0.010564
108 0.010943
108.5 0.011346
109 0.011422
109.5 0.011352
110 0.011523
110.5 0.012076
111 0.011857
111.5 0.012104
112 0.012342
112.5 0.012815
113 0.012753
113.5 0.013141
114 0.013129
114.5 0.012888
115 0.01293
115.5 0.013254
116 0.013818
116.5 0.01456
117 0.014699
117.5 0.01464
118 0.014643
118.5 0.014896
119 0.015362
119.5 0.014951
120 0.014634
120.5 0.014507
121 0.013985
121.5 0.014147
122 0.013742
122.5 0.013701
123 0.012685
123.5 0.012136
124 0.011599
124.5 0.011398
125 0.010906
125.5 0.0108
126 0.010517
126.5 0.010118
127 0.00982
127.5 0.00943
128 0.009394
128.5 0.008886
129 0.00861
129.5 0.008302
130 0.008135
130.5 0.007944
131 0.007646
131.5 0.007116
132 0.006923
132.5 0.007142
133 0.006634
133.5 0.00646
134 0.006048
134.5 0.00579
135 0.005578
135.5 0.005492
136 0.005047
136.5 0.004872
137 0.004469
137.5 0.004472
138 0.004454
138.5 0.004417
139 0.004197
139.5 0.004208
140 0.003818
140.5 0.003754
141 0.003414
141.5 0.003157
142 0.003229
142.5 0.002894
143 0.002632
143.5 0.00266
144 0.002529
144.5 0.002248
145 0.002094
145.5 0.002124
146 0.001931
146.5 0.001788
147 0.001718
147.5 0.001662
148 0.001413
148.5 0.00126
149 0.000942
149.5 0.000896
150 0.000716
150.5 0.000744
151 0.000609
151.5 0.000555
152 0.000349
152.5 0.000373
153 0.000267
153.5 0.000249
154 0.000225
154.5 0.000211
155 0.000169
155.5 0.000143
156 0.00012
156.5 8.8e-05
157 8.2e-05
157.5 6.3e-05
158 2.4e-05
158.5 1.6e-05
159 6e-06
159.5 1e-06
160 0
160.5 0
161 0
161.5 0
162 0
162.5 0
163 0
163.5 0
164 0
164.5 0
165 0
165.5 0
166 0
166.5 0
167 0
167.5 0
168 0
168.5 0
169 0
169.5 0
170 0
170.5 0
171 0
171.5 0
172 0
172.5 0
173 0
173.5 0
174 0
174.5 0
175 0
175.5 0
176 0
176.5 0
177 0
177.5 0
178 0
178.5 0
179 0
179.5 0
