10 36.5352 35.3367 35.9359
20 71.4559 68.6168 70.0364
30 104.448 101.163 102.806
40 137.014 133.336 135.175
50 170.161 165.921 168.041
60 204.015 197.634 200.825
70 238.332 227.994 233.163
80 272.857 258.107 265.482
90 307.847 288.346 298.097
100 342.893 318.706 330.799
110 377.873 348.744 363.309
120 413.079 379.008 396.044
130 448.457 409.691 429.074
140 483.941 440.418 462.179
150 520.124 470.813 495.469
160 556.824 501.192 529.008
170 593.744 531.079 562.412
180 630.099 560.895 595.497
190 665.649 590.296 627.973
200 701.106 619.73 660.418
210 737.242 649.297 693.269
220 773.393 678.759 726.076
230 809.379 707.938 758.659
240 845.692 736.662 791.177
250 882.027 765.099 823.563
260 918.574 793.007 855.79
270 955.062 820.979 888.021
280 991.826 848.244 920.035
290 1028.88 875.727 952.305
300 1065.79 903.465 984.629
310 1103.15 931.945 1017.55
320 1140.2 960.05 1050.12
330 1177.05 988.31 1082.68
340 1213.56 1017.49 1115.52
350 1250.32 1046.55 1148.44
360 1287.66 1075.6 1181.63
370 1325.28 1104.94 1215.11
380 1363.32 1134.91 1249.12
390 1400.97 1164.74 1282.85
400 1438.12 1194.57 1316.35
410 1475.31 1224.42 1349.87
420 1512.06 1254.91 1383.49
430 1549.42 1285.73 1417.58
440 1587.45 1316.49 1451.97
450 1625.37 1347.39 1486.38
460 1663.22 1378.54 1520.88
470 1701.09 1409.16 1555.12
480 1739.5 1439.79 1589.64
490 1778.08 1470.38 1624.23
500 1816.9 1501.06 1658.98
510 1855.92 1531.23 1693.58
520 1894.94 1561.27 1728.1
530 1933.74 1591.41 1762.58
540 1972.86 1621.41 1797.14
550 2011.87 1651.46 1831.66
560 2050.61 1681.17 1865.89
570 2089.65 1710.49 1900.07
580 2129.04 1740.17 1934.6
590 2168.51 1769.78 1969.15
600 2207.6 1799.64 2003.62
610 2246.61 1829.38 2037.99
620 2284.98 1859.02 2072
630 2323 1888.51 2105.75
640 2361.62 1918.26 2139.94
650 2400.19 1948.23 2174.21
660 2438.33 1978.01 2208.17
670 2476.5 2007.46 2241.98
680 2514.54 2037.38 2275.96
690 2553 2067.96 2310.48
700 2591.44 2098.33 2344.89
710 2629.83 2128.9 2379.37
720 2667.76 2159.78 2413.77
730 2705.77 2190.75 2448.26
740 2743.25 2221.92 2482.58
750 2780.28 2252.52 2516.4
760 2816.86 2282.25 2549.55
770 2852.66 2311.55 2582.1
780 2887.91 2341.07 2614.49
790 2922.84 2370.91 2646.88
800 2957.28 2400.67 2678.98
810 2991.92 2429.98 2710.95
820 3026.97 2458.97 2742.97
830 3061.99 2487.33 2774.66
840 3096.97 2515.61 2806.29
850 3132.39 2544.05 2838.22
860 3167.97 2572.13 2870.05
870 3203.63 2600.19 2901.91
880 3239.39 2628.6 2934
890 3275.23 2657.06 2966.15
900 3311.02 2684.92 2997.97
910 3346.92 2712.85 3029.88
920 3382.9 2740.82 3061.86
930 3418.65 2768.03 3093.34
940 3454.93 2794.26 3124.6
950 3491.29 2821.06 3156.17
960 3527.76 2848.08 3187.92
970 3564.24 2875.77 3220
980 3600.26 2903.64 3251.95
990 3635.88 2931.54 3283.71
1000 3671.92 2959.79 3315.85
1010 3707.75 2988.58 3348.17
1020 3743.08 3017.29 3380.18
1030 3778.26 3045.9 3412.08
1040 3813.63 3074.28 3443.95
1050 3849.3 3102.82 3476.06
1060 3885.03 3131.63 3508.33
1070 3920.75 3160.5 3540.63
1080 3956.75 3189.05 3572.9
1090 3993.13 3217.58 3605.35
1100 4029.49 3245.75 3637.62
1110 4065.71 3273.98 3669.84
1120 4102.39 3302.82 3702.61
1130 4139.33 3332.7 3736.01
1140 4176.31 3362.81 3769.56
1150 4213.83 3392.67 3803.25
1160 4251.59 3422.15 3836.87
1170 4289.54 3451.07 3870.3
1180 4327.11 3480.21 3903.66
1190 4364.8 3508.8 3936.8
1200 4402.58 3537.2 3969.89
1210 4440.51 3565.75 4003.13
1220 4478.33 3594.28 4036.3
1230 4515.95 3622.14 4069.04
1240 4553.45 3649.91 4101.68
1250 4590.21 3678.17 4134.19
1260 4627.01 3706.68 4166.85
1270 4663.35 3735.16 4199.25
1280 4699.83 3763.43 4231.63
1290 4736.7 3791.63 4264.16
1300 4774.05 3819.61 4296.83
1310 4812.05 3848.07 4330.06
1320 4849.46 3876.07 4362.77
1330 4886.48 3903.71 4395.09
1340 4923.82 3931.77 4427.8
1350 4961.21 3960.25 4460.73
1360 4998.73 3988.98 4493.85
1370 5036.47 4018.02 4527.24
1380 5074.06 4047.12 4560.59
1390 5111.06 4076.18 4593.62
1400 5148.13 4105.19 4626.66
1410 5185.63 4134.41 4660.02
1420 5222.93 4163.82 4693.38
1430 5259.75 4192.89 4726.32
1440 5296.53 4222.28 4759.4
1450 5333.54 4251.59 4792.57
1460 5370.21 4280.69 4825.45
1470 5406.16 4309.72 4857.94
1480 5441.71 4338.73 4890.22
1490 5477.06 4367.14 4922.1
1500 5512.32 4395.43 4953.87
1510 5547.75 4423.46 4985.61
1520 5582.98 4451.49 5017.23
1530 5617.51 4479.06 5048.29
1540 5652.55 4506.41 5079.48
1550 5688.06 4533.69 5110.87
1560 5723.58 4560.96 5142.27
1570 5758.72 4588.03 5173.37
1580 5793.42 4615.5 5204.46
1590 5827.88 4643.17 5235.52
1600 5862.07 4670.5 5266.28
1610 5895.91 4697.72 5296.82
1620 5929.97 4724.93 5327.45
1630 5964.5 4752.14 5358.32
1640 5999.06 4779.77 5389.41
1650 6033.63 4807.52 5420.57
1660 6068.36 4835.51 5451.94
1670 6102.84 4863.66 5483.25
1680 6138.1 4892.16 5515.13
1690 6173.19 4920.77 5546.98
1700 6208.46 4949.32 5578.89
1710 6243.96 4977.56 5610.76
1720 6279.17 5005.42 5642.3
1730 6314.62 5033.57 5674.09
1740 6349.8 5061.92 5705.86
1750 6385.15 5089.91 5737.53
1760 6420.6 5117.68 5769.14
1770 6455.92 5146.09 5801
1780 6491.18 5174.57 5832.88
1790 6526.49 5202.28 5864.38
1800 6561.52 5230.05 5895.78
1810 6596.93 5257.75 5927.34
1820 6632.36 5285.66 5959.01
1830 6667.99 5313.56 5990.78
1840 6703.97 5341.5 6022.73
1850 6740.42 5369.88 6055.15
1860 6776.75 5398.59 6087.67
1870 6813.2 5427.04 6120.12
1880 6849.75 5455.51 6152.63
1890 6886.34 5484.59 6185.47
1900 6922.82 5513.83 6218.33
1910 6959.47 5543.59 6251.53
1920 6995.6 5574.22 6284.91
1930 7031.35 5605.08 6318.22
1940 7067.04 5635.67 6351.35
1950 7102.43 5666.74 6384.58
1960 7137.4 5698.07 6417.74
1970 7172.48 5729.69 6451.08
1980 7208.12 5761.23 6484.68
1990 7243.95 5792.81 6518.38
2000 7279.59 5823.95 6551.77
2010 7315.23 5855.27 6585.25
2020 7351.09 5886.47 6618.78
2030 7386.64 5917.52 6652.08
2040 7422.03 5948.46 6685.24
2050 7457.44 5979.24 6718.34
2060 7492.5 6010.05 6751.28
2070 7527.4 6040.25 6783.83
2080 7562.88 6070.09 6816.48
2090 7598.49 6099.93 6849.21
2100 7633.56 6129.64 6881.6
2110 7668.57 6159.07 6913.82
2120 7703.1 6188.41 6945.76
2130 7737.42 6217.91 6977.66
2140 7772.48 6248.15 7010.32
2150 7807.37 6278.47 7042.92
2160 7842.26 6308.71 7075.48
2170 7876.81 6339.3 7108.05
2180 7910.75 6370.26 7140.51
2190 7943.99 6401.73 7172.86
2200 7977.23 6432.88 7205.05
2210 8010.29 6464.08 7237.18
2220 8043.36 6495.34 7269.35
2230 8076.29 6526.58 7301.43
2240 8109.12 6558.33 7333.73
2250 8141.89 6590.1 7365.99
2260 8174.18 6621.63 7397.9
2270 8206.42 6652.7 7429.56
2280 8238.94 6684.01 7461.48
2290 8271.79 6715.86 7493.83
2300 8304.4 6747.62 7526.01
2310 8337.2 6779.39 7558.3
2320 8370.1 6811.31 7590.7
2330 8403.94 6843.54 7623.74
2340 8437.46 6875.72 7656.59
2350 8470.69 6908.14 7689.42
2360 8503.72 6941.17 7722.45
2370 8536.57 6974.54 7755.56
2380 8569.55 7007.77 7788.66
2390 8602.65 7040.9 7821.78
2400 8634.85 7074.3 7854.57
2410 8666.76 7107.69 7887.22
2420 8698.85 7141.35 7920.1
2430 8731.18 7174.87 7953.02
2440 8763.87 7208.46 7986.16
2450 8796.57 7241.88 8019.23
2460 8829.26 7275.03 8052.15
2470 8862.1 7308.01 8085.06
2480 8895.52 7340.67 8118.1
2490 8929.01 7373.2 8151.11
2500 8962.14 7405.4 8183.77
2510 8995.21 7437.82 8216.51
2520 9028.5 7469.78 8249.14
2530 9062.04 7501.77 8281.9
2540 9095.7 7533.89 8314.79
2550 9129.2 7566.13 8347.67
2560 9162.43 7598.71 8380.57
2570 9195.39 7631.1 8413.25
2580 9228.44 7663.19 8445.81
2590 9261.57 7695.31 8478.44
2600 9294.53 7727.57 8511.05
2610 9326.86 7760.16 8543.51
2620 9359.24 7793.2 8576.22
2630 9391.43 7825.86 8608.65
2640 9423.65 7858.48 8641.06
2650 9455.49 7890.93 8673.21
2660 9487.03 7923.14 8705.08
2670 9518.21 7955.16 8736.68
2680 9549.65 7986.83 8768.24
2690 9581.17 8018.52 8799.84
2700 9613.05 8050.13 8831.59
2710 9644.71 8082.1 8863.4
2720 9676.8 8114.31 8895.55
2730 9708.69 8146.32 8927.51
2740 9740.71 8178.57 8959.64
2750 9772.43 8211.32 8991.88
2760 9803.57 8244.15 9023.86
2770 9835.23 8276.41 9055.82
2780 9867.24 8308.74 9087.99
2790 9899.34 8341.08 9120.21
2800 9931.3 8373.25 9152.27
2810 9963.08 8405.4 9184.24
2820 9994.59 8437.53 9216.06
2830 10025.8 8469.75 9247.79
2840 10056.8 8502.09 9279.44
2850 10087.4 8534.72 9311.04
2860 10117.8 8567.86 9342.84
2870 10148.6 8600.96 9374.77
2880 10179.4 8634.08 9406.72
2890 10209.6 8667.03 9438.33
2900 10239.4 8699.87 9469.63
2910 10269.1 8733.43 9501.25
2920 10298.8 8767.42 9533.12
2930 10328.1 8802.04 9565.09
2940 10357.3 8836.68 9596.97
2950 10386.5 8871.07 9628.78
2960 10416.3 8905.91 9661.08
2970 10446.1 8941.15 9693.65
2980 10476.1 8976.38 9726.23
2990 10506 9011.79 9758.88
3000 10535.1 9047.08 9791.11
3010 10564.3 9082.63 9823.48
3020 10593.6 9118.77 9856.21
3030 10622.8 9154.71 9888.76
3040 10652.6 9190.24 9921.42
3050 10682.1 9226.35 9954.2
3060 10711.5 9262.08 9986.79
3070 10741.2 9297.45 10019.3
3080 10770.9 9333.06 10052
3090 10800.7 9369.06 10084.9
3100 10830.9 9404.92 10117.9
3110 10861 9440.45 10150.7
3120 10891.6 9475.94 10183.8
3130 10922.6 9511.44 10217
3140 10954 9547.11 10250.6
3150 10985.4 9582.47 10283.9
3160 11016.3 9617.37 10316.8
3170 11047 9652.59 10349.8
3180 11078 9687.17 10382.6
3190 11109.2 9721.83 10415.5
3200 11141.1 9757.18 10449.2
3210 11173.1 9792.34 10482.7
3220 11205.1 9827.58 10516.3
3230 11236.7 9863.35 10550
3240 11268.1 9899.52 10583.8
3250 11299.5 9935.79 10617.6
3260 11331.3 9972.02 10651.7
3270 11363.6 10008.2 10685.9
3280 11396.7 10044.6 10720.7
3290 11429.5 10081.1 10755.3
3300 11462.1 10118 10790.1
3310 11494.5 10155 10824.7
3320 11526.6 10191.7 10859.1
3330 11558.7 10228.2 10893.5
3340 11591.1 10265.3 10928.2
3350 11623.5 10302.7 10963.1
3360 11656.1 10339.7 10997.9
3370 11688.6 10376.3 11032.5
3380 11721.7 10413.2 11067.4
3390 11754.9 10450.4 11102.6
3400 11787.4 10487.9 11137.7
3410 11820.5 10525.4 11173
3420 11853.8 10563.1 11208.5
3430 11887.3 10601 11244.1
3440 11920.3 10638.9 11279.6
3450 11953.1 10676.6 11314.9
3460 11985.8 10714.1 11349.9
3470 12019.1 10751.6 11385.3
3480 12052.8 10788.6 11420.7
3490 12086.9 10825.1 11456
3500 12121.6 10861.6 11491.6
3510 12156.4 10898 11527.2
3520 12191 10934.1 11562.5
3530 12225.4 10970.1 11597.8
3540 12259.9 11006.7 11633.3
3550 12294.4 11043 11668.7
3560 12329 11079.1 11704.1
3570 12364.1 11115.5 11739.8
3580 12400 11152.1 11776
3590 12436.1 11188.9 11812.5
3600 12471.6 11225.6 11848.6
3610 12506.7 11262.6 11884.7
3620 12541.6 11299.8 11920.7
3630 12576.5 11337 11956.7
3640 12611 11373.6 11992.3
3650 12645.4 11409.9 12027.6
3660 12679.1 11445.8 12062.5
3670 12712.4 11481.6 12097
3680 12746.3 11517.1 12131.7
3690 12780.2 11553.3 12166.8
3700 12813.9 11589.8 12201.9
3710 12847.8 11626.4 12237.1
3720 12881.9 11663.8 12272.8
3730 12916 11701.2 12308.6
3740 12949.4 11738 12343.7
3750 12983 11774.7 12378.8
3760 13017.1 11811.5 12414.3
3770 13051.4 11847.6 12449.5
3780 13085.6 11883.7 12484.7
3790 13119.5 11919.8 12519.7
3800 13153.2 11956.3 12554.8
3810 13186.7 11992.6 12589.7
3820 13220.7 12028.4 12624.5
3830 13254.6 12064 12659.3
3840 13288 12099.6 12693.8
3850 13321.3 12135.4 12728.4
3860 13354.4 12171 12762.7
3870 13387.4 12206 12796.7
3880 13419.9 12240.8 12830.3
3890 13451.8 12276.1 12864
3900 13483.5 12311.7 12897.6
3910 13515.9 12347.1 12931.5
3920 13548.2 12382.3 12965.3
3930 13580.5 12417.3 12998.9
3940 13612.7 12451.8 13032.3
3950 13644.4 12486.3 13065.3
3960 13675.6 12520.6 13098.1
3970 13707.4 12555 13131.2
3980 13739.2 12590.1 13164.6
3990 13771.4 12625.4 13198.4
4000 13804.1 12659.7 13231.9
4010 13836.9 12694 13265.4
4020 13869.9 12728.7 13299.3
4030 13902.5 12764.2 13333.4
4040 13934.5 12799.6 13367
4050 13966 12835.2 13400.6
4060 13997.5 12871.4 13434.4
4070 14029.1 12907.2 13468.2
4080 14060.4 12943.3 13501.9
4090 14091.7 12978.8 13535.2
4100 14121.9 13014.2 13568.1
4110 14151.7 13049.5 13600.6
4120 14181.7 13084.5 13633.1
4130 14212 13119.6 13665.8
4140 14242 13154.5 13698.3
4150 14271.8 13189.2 13730.5
4160 14301.4 13224.4 13762.9
4170 14331.3 13258.7 13795
4180 14360.8 13293.1 13826.9
4190 14390.6 13327.3 13858.9
4200 14420.4 13362 13891.2
4210 14449.5 13397.1 13923.3
4220 14478.4 13432.2 13955.3
4230 14507.1 13466.9 13987
4240 14535.2 13501.9 14018.5
4250 14563 13537.3 14050.2
4260 14591 13573 14082
4270 14619.2 13609.4 14114.3
4280 14647.5 13646.5 14147
4290 14675.4 13683.7 14179.6
4300 14703.3 13720.6 14212
4310 14730.9 13756.9 14243.9
4320 14758.2 13792.8 14275.5
4330 14785.5 13829.2 14307.3
4340 14812.9 13865.5 14339.2
4350 14839.9 13901.9 14370.9
4360 14867 13938.4 14402.7
4370 14894.4 13974.9 14434.6
4380 14921.4 14011.1 14466.2
4390 14948.3 14048 14498.2
4400 14974.9 14085.1 14530
4410 15001.4 14122.3 14561.9
4420 15027.8 14160.1 14593.9
4430 15053.8 14198.7 14626.2
4440 15079.3 14237.5 14658.4
4450 15104.8 14276.2 14690.5
4460 15130.8 14315.1 14722.9
4470 15156.8 14353.9 14755.3
4480 15182.7 14392.7 14787.7
4490 15208.3 14431.7 14820
4500 15233.7 14470.2 14851.9
4510 15258.9 14508.7 14883.8
4520 15284.3 14547.1 14915.7
4530 15309 14586 14947.5
4540 15333.3 14624.7 14979
4550 15358.1 14663.6 15010.9
4560 15382.9 14702.8 15042.9
4570 15407.5 14741.8 15074.7
4580 15432.5 14780.4 15106.4
4590 15457.4 14819 15138.2
4600 15482.6 14857.7 15170.2
4610 15507.4 14895.4 15201.4
4620 15531.5 14933 15232.3
4630 15554.8 14970.5 15262.7
4640 15577.6 15007.6 15292.6
4650 15600.3 15045.3 15322.8
4660 15623.4 15083.5 15353.5
4670 15646.9 15121.7 15384.3
4680 15670.8 15159.6 15415.2
4690 15694.8 15197.9 15446.3
4700 15719.1 15236.4 15477.8
4710 15743.3 15274.9 15509.1
4720 15767.1 15313.1 15540.1
4730 15790.1 15351.7 15570.9
4740 15812.7 15390.4 15601.6
4750 15835.5 15429.2 15632.4
4760 15858.3 15467.7 15663
4770 15880.8 15505.9 15693.3
4780 15903.2 15544 15723.6
4790 15925.2 15582 15753.6
4800 15947.3 15619.7 15783.5
4810 15969.9 15657.1 15813.5
4820 15992.9 15694.1 15843.5
4830 16016.4 15731.2 15873.8
4840 16040 15768 15904
4850 16063.6 15805 15934.3
4860 16087.5 15841.4 15964.5
4870 16111.5 15877.4 15994.5
4880 16135.4 15913.6 16024.5
4890 16159.1 15949.4 16054.2
4900 16183 15985.3 16084.1
4910 16206.8 16021.4 16114.1
4920 16230.2 16057.3 16143.7
4930 16253.2 16093.2 16173.2
4940 16275.9 16129.2 16202.6
4950 16297.8 16165.4 16231.6
4960 16319.6 16201.2 16260.4
4970 16341.4 16236.9 16289.2
4980 16362.9 16271.9 16317.4
4990 16384.5 16307 16345.8
5000 16406.4 16341.7 16374
5010 16428.2 16376.5 16402.4
5020 16449.8 16411.5 16430.7
5030 16471 16446.7 16458.9
5040 16492.2 16482.2 16487.2
5050 16514.2 16518.5 16516.4
5060 16536.4 16555.3 16545.9
5070 16558.1 16591.6 16574.8
5080 16579.4 16627.7 16603.5
5090 16600.6 16664.1 16632.4
5100 16622.3 16700.9 16661.6
5110 16644.3 16737.1 16690.7
5120 16666.5 16773.8 16720.1
5130 16688.7 16810.8 16749.7
5140 16710.5 16847.9 16779.2
5150 16731.4 16885.5 16808.5
5160 16751.8 16923.7 16837.8
5170 16772.3 16962.2 16867.3
5180 16793.1 17000.3 16896.7
5190 16814.2 17039.1 16926.6
5200 16835.5 17077.9 16956.7
5210 16856.5 17116.6 16986.5
5220 16877.7 17155.7 17016.7
5230 16898.8 17195.3 17047.1
5240 16920.3 17234.9 17077.6
5250 16941.6 17274.8 17108.2
5260 16962.9 17315.2 17139
5270 16984.1 17355.5 17169.8
5280 17005.1 17395.5 17200.3
5290 17025.6 17435.6 17230.6
5300 17045.9 17475.6 17260.7
5310 17065.6 17515.5 17290.6
5320 17085.4 17555.4 17320.4
5330 17105 17596.3 17350.6
5340 17124.5 17637.2 17380.8
5350 17143.7 17677.7 17410.7
5360 17162.9 17718.3 17440.6
5370 17181.7 17758.5 17470.1
5380 17200.4 17798.5 17499.4
5390 17219.5 17839 17529.2
5400 17238.5 17879.5 17559
5410 17257.2 17920.4 17588.8
5420 17275.3 17961.1 17618.2
5430 17293.5 18001.5 17647.5
5440 17311.2 18042.2 17676.7
5450 17328 18083.5 17705.7
5460 17344.4 18125.1 17734.7
5470 17360.9 18167.6 17764.2
5480 17377.1 18210.1 17793.6
5490 17393.7 18252.6 17823.1
5500 17410.3 18295 17852.6
5510 17427.2 18337.6 17882.4
5520 17444.6 18380.4 17912.5
5530 17462.1 18423.6 17942.9
5540 17479.1 18466.8 17972.9
5550 17495.8 18510.1 18002.9
5560 17512.3 18553.7 18033
5570 17528.5 18597.2 18062.9
5580 17544.4 18640.7 18092.5
5590 17559.8 18684.2 18122
5600 17574.8 18728.1 18151.5
5610 17589.3 18772.1 18180.7
5620 17604 18816.1 18210.1
5630 17619.4 18860.3 18239.9
5640 17634.6 18904.3 18269.5
5650 17649.4 18949.2 18299.3
5660 17663.9 18994 18329
5670 17677.8 19038.4 18358.1
5680 17691.4 19083.3 18387.3
5690 17704.8 19128 18416.4
5700 17718.5 19172.3 18445.4
5710 17732.6 19216.3 18474.4
5720 17747.2 19260.3 18503.8
5730 17761.8 19303.6 18532.7
5740 17776.8 19347.1 18562
5750 17792 19391 18591.5
5760 17807.2 19434.7 18621
5770 17821.9 19478.4 18650.2
5780 17836.4 19522.4 18679.4
5790 17850.9 19566.8 18708.9
5800 17865.7 19611.6 18738.6
5810 17880.7 19656.7 18768.7
5820 17895.6 19701.8 18798.7
5830 17910.8 19746.8 18828.8
5840 17925.8 19791.5 18858.6
5850 17941.2 19836.3 18888.8
5860 17957 19881.5 18919.2
5870 17972.4 19926.4 18949.4
5880 17987.6 19970.5 18979
5890 18002.8 20014.2 19008.5
5900 18018.4 20057.9 19038.2
5910 18034 20101.7 19067.9
5920 18049.7 20145.5 19097.6
5930 18064.7 20189.7 19127.2
5940 18079.2 20234.1 19156.6
5950 18093.5 20278.4 19186
5960 18108.3 20322.6 19215.4
5970 18122.7 20366.8 19244.8
5980 18136.9 20410.9 19273.9
5990 18151.3 20454.4 19302.8
6000 18166 20498.3 19332.2
6010 18180.4 20542 19361.2
6020 18194.2 20586.1 19390.2
6030 18208.1 20630.7 19419.4
6040 18221.7 20675.3 19448.5
6050 18236.1 20719.4 19477.8
6060 18250.3 20763.2 19506.7
6070 18263.6 20806.4 19535
6080 18276.4 20849.9 19563.2
6090 18288.9 20893.9 19591.4
6100 18301 20938.2 19619.6
6110 18312.6 20983 19647.8
6120 18324.5 21028.6 19676.6
6130 18336.4 21074 19705.2
6140 18348.4 21119.1 19733.8
6150 18360.5 21164.6 19762.5
6160 18372.4 21210.8 19791.6
6170 18384.7 21257.2 19821
6180 18397.7 21303.3 19850.5
6190 18410.8 21349.6 19880.2
6200 18424.5 21396.4 19910.5
6210 18439 21443.3 19941.1
6220 18454.1 21490.2 19972.1
6230 18468.6 21537.2 20002.9
6240 18482.8 21584.3 20033.5
6250 18496.7 21631 20063.8
6260 18511.2 21677.7 20094.5
6270 18526.5 21724.8 20125.6
6280 18542.4 21771.7 20157
6290 18558.2 21818.4 20188.3
6300 18573.8 21865 20219.4
6310 18589.5 21911.3 20250.4
6320 18605.5 21957.3 20281.4
6330 18621.9 22003.5 20312.7
6340 18637.7 22049.6 20343.6
6350 18653.8 22095.6 20374.7
6360 18670.3 22141.4 20405.8
6370 18686.6 22187 20436.8
6380 18702.9 22232.5 20467.7
6390 18718.7 22278.1 20498.4
6400 18734.4 22323.6 20529
6410 18750.6 22368.7 20559.7
6420 18766.9 22414.1 20590.5
6430 18783 22459.6 20621.3
6440 18799.1 22505.4 20652.2
6450 18815.2 22551.4 20683.3
6460 18831.1 22598 20714.6
6470 18846.6 22644.4 20745.5
6480 18861.6 22691.2 20776.4
6490 18876.2 22738 20807.1
6500 18891.3 22784.6 20837.9
6510 18906.5 22831.1 20868.8
6520 18922.1 22877.4 20899.8
6530 18937.7 22923.2 20930.5
6540 18953 22968.9 20960.9
6550 18967.9 23014.5 20991.2
6560 18983.2 23060.6 21021.9
6570 18999 23106.6 21052.8
6580 19015.3 23152.2 21083.8
6590 19031.9 23198 21114.9
6600 19048.5 23243.8 21146.1
6610 19064.9 23289.8 21177.4
6620 19081.3 23335.7 21208.5
6630 19098.1 23382.4 21240.2
6640 19115.1 23429.5 21272.3
6650 19132 23476.2 21304.1
6660 19148.9 23522.7 21335.8
6670 19166.1 23568.8 21367.5
6680 19183.6 23614.9 21399.2
6690 19201.1 23660.6 21430.9
6700 19218.4 23706.4 21462.4
6710 19235.4 23752 21493.7
6720 19252.5 23797.2 21524.9
6730 19269.6 23842.6 21556.1
6740 19287.2 23887.2 21587.2
6750 19304.7 23931.5 21618.1
6760 19322 23976.1 21649
6770 19338.8 24021.4 21680.1
6780 19355.8 24067 21711.4
6790 19372.5 24113 21742.7
6800 19389.1 24159 21774
6810 19405.5 24204.5 21805
6820 19421.9 24249.7 21835.8
6830 19439 24294.9 21866.9
6840 19456.4 24339.7 21898.1
6850 19474.3 24384.2 21929.2
6860 19491.8 24428.5 21960.2
6870 19509.1 24473 21991
6880 19527 24517.6 22022.3
6890 19544.8 24562.4 22053.6
6900 19562.5 24607.1 22084.8
6910 19579.6 24651.6 22115.6
6920 19596.1 24696.1 22146.1
6930 19612.4 24740.8 22176.6
6940 19629 24785.4 22207.2
6950 19646.1 24830 22238
6960 19662.6 24874.7 22268.6
6970 19679 24919.1 22299
6980 19695.8 24963.6 22329.7
6990 19713 25007.4 22360.2
7000 19730 25051 22390.5
7010 19746.7 25094.6 22420.7
7020 19763.1 25138 22450.6
7030 19779.7 25181.9 22480.8
7040 19796 25226 22511
7050 19812.1 25270.2 22541.2
7060 19828.7 25314.8 22571.8
7070 19845.3 25359.2 22602.2
7080 19861.5 25403.5 22632.5
7090 19877.5 25447.9 22662.7
7100 19893.9 25492.4 22693.2
7110 19910.2 25537 22723.6
7120 19926.6 25581.2 22753.9
7130 19943.7 25625.8 22784.8
7140 19961 25670.6 22815.8
7150 19977.4 25715.6 22846.5
7160 19993.8 25760.1 22876.9
7170 20009.8 25804.3 22907.1
7180 20025.5 25848.7 22937.1
7190 20040.6 25893.1 22966.9
7200 20055.6 25937.1 22996.3
7210 20069.9 25981.1 23025.5
7220 20082.9 26024.5 23053.7
7230 20096.1 26068.3 23082.2
7240 20109.1 26112.1 23110.6
7250 20122.3 26156.1 23139.2
7260 20135.9 26199.6 23167.8
7270 20149.9 26243.6 23196.8
7280 20164.2 26288.2 23226.2
7290 20178.4 26332.6 23255.5
7300 20191.9 26377.2 23284.5
7310 20204.9 26421.9 23313.4
7320 20218.3 26466.7 23342.5
7330 20232 26511.4 23371.7
7340 20245.3 26556.8 23401.1
7350 20259 26602.2 23430.6
7360 20273.3 26648.3 23460.8
7370 20287.4 26694.7 23491
7380 20301.2 26740.6 23520.9
7390 20314.6 26786 23550.3
7400 20328 26830.8 23579.4
7410 20341.9 26875.3 23608.6
7420 20356.3 26919.4 23637.8
7430 20370.3 26963.5 23666.9
7440 20384.3 27008.4 23696.4
7450 20398.5 27052.7 23725.6
7460 20412.7 27096.9 23754.8
7470 20427.1 27140.9 23784
7480 20441.6 27184.9 23813.2
7490 20455.6 27229.4 23842.5
7500 20469.7 27274.1 23871.9
7510 20483.8 27319.2 23901.5
7520 20497.4 27364.8 23931.1
7530 20510.6 27410.7 23960.7
7540 20523.8 27456.5 23990.1
7550 20537.4 27502.2 24019.8
7560 20551.8 27548.2 24050
7570 20566.6 27594.1 24080.3
7580 20581.4 27640.1 24110.7
7590 20595.9 27686.6 24141.2
7600 20609.9 27733.5 24171.7
7610 20624.1 27780.3 24202.2
7620 20638.2 27827 24232.6
7630 20652.9 27873.9 24263.4
7640 20667.5 27920.7 24294.1
7650 20682.4 27967.3 24324.9
7660 20697.4 28014.4 24355.9
7670 20712.6 28061.8 24387.2
7680 20727.9 28108.6 24418.3
7690 20743.6 28155.5 24449.5
7700 20759.7 28202.4 24481
7710 20774.7 28248.6 24511.7
7720 20789.9 28294.9 24542.4
7730 20806.1 28341.4 24573.8
7740 20822.4 28388 24605.2
7750 20839.1 28434.7 24636.9
7760 20856.1 28481.5 24668.8
7770 20872.9 28527.7 24700.3
7780 20889.4 28573.2 24731.3
7790 20906.2 28618.3 24762.3
7800 20923 28663.6 24793.3
7810 20939.4 28708.6 24824
7820 20956.1 28754 24855
7830 20972.6 28799.5 24886.1
7840 20989.4 28844.6 24917
7850 21005.9 28889.2 24947.6
7860 21022.6 28933.7 24978.2
7870 21039.7 28978.1 25008.9
7880 21056.1 29022.8 25039.5
7890 21072.4 29067.2 25069.8
7900 21088.5 29111.8 25100.1
7910 21104.1 29156.4 25130.2
7920 21119.2 29201.1 25160.2
7930 21134.1 29245.5 25189.8
7940 21148.7 29290.1 25219.4
7950 21163.4 29335.1 25249.2
7960 21178.1 29380.1 25279.1
7970 21192.4 29425.4 25308.9
7980 21207 29470.4 25338.7
7990 21221.8 29515.4 25368.6
8000 21236.9 29561.3 25399.1
8010 21251.4 29607.2 25429.3
8020 21265.5 29653.4 25459.5
8030 21279.8 29699.7 25489.7
8040 21294 29745.4 25519.7
8050 21307.6 29791.4 25549.5
8060 21320.8 29837.5 25579.2
8070 21334 29883.8 25608.9
8080 21346.4 29930.1 25638.3
8090 21358.5 29976.7 25667.6
8100 21370.6 30022.9 25696.7
8110 21382.2 30069.5 25725.8
8120 21393.4 30115.6 25754.5
8130 21404.7 30163.1 25783.9
8140 21416 30210.5 25813.3
8150 21427.4 30258.3 25842.9
8160 21437.9 30306 25871.9
8170 21448 30353.8 25900.9
8180 21458.1 30402 25930.1
8190 21468.1 30450 25959
8200 21478.5 30498.3 25988.4
8210 21488.9 30546.8 26017.8
8220 21499.6 30595.5 26047.6
8230 21510.2 30644.4 26077.3
8240 21521.1 30693.4 26107.2
8250 21532.2 30742.6 26137.4
8260 21543.2 30791.9 26167.6
8270 21554.3 30841.6 26198
8280 21565.8 30891.8 26228.8
8290 21577 30942.1 26259.5
8300 21589.3 30992.5 26290.9
8310 21602 31043.2 26322.6
8320 21615.2 31094.8 26355
8330 21628.2 31147.1 26387.7
8340 21640.8 31199.6 26420.2
8350 21653.6 31252.3 26453
8360 21665.8 31305.2 26485.5
8370 21677.8 31358.2 26518
8380 21690 31411.4 26550.7
8390 21703 31464.4 26583.7
8400 21715.7 31517.9 26616.8
8410 21727.7 31571.3 26649.5
8420 21739.4 31624.6 26682
8430 21750.8 31677.5 26714.2
8440 21762.2 31730.7 26746.4
8450 21773.7 31783.9 26778.8
8460 21784.7 31837.4 26811
8470 21795.7 31890.9 26843.3
8480 21806.3 31944.6 26875.5
8490 21817 31997.9 26907.4
8500 21827.7 32050.7 26939.2
8510 21838.4 32103.7 26971.1
8520 21848.9 32156.3 27002.6
8530 21859.3 32208.5 27033.9
8540 21869.8 32261.3 27065.5
8550 21880.6 32314.2 27097.4
8560 21891.9 32367 27129.5
8570 21902.6 32420.2 27161.4
8580 21913.3 32473.8 27193.5
8590 21923.9 32527.6 27225.7
8600 21934.6 32581.8 27258.2
8610 21944.9 32635.9 27290.4
8620 21955.5 32689.9 27322.7
8630 21966.6 32743.7 27355.2
8640 21977.7 32797.3 27387.5
8650 21989 32850.4 27419.7
8660 22000.8 32903.3 27452
8670 22013.4 32956.2 27484.8
8680 22026 33009.5 27517.7
8690 22038.6 33063.1 27550.8
8700 22050.9 33117.1 27584
8710 22063 33170.9 27617
8720 22075.8 33225.1 27650.4
8730 22088.6 33279.2 27683.9
8740 22101.8 33332.9 27717.4
8750 22114.8 33386.8 27750.8
8760 22127.5 33440.5 27784
8770 22140.9 33494.3 27817.6
8780 22154.7 33548.1 27851.4
8790 22168.7 33601.7 27885.2
8800 22182.7 33655.1 27918.9
8810 22196.3 33708.7 27952.5
8820 22210.7 33762.4 27986.6
8830 22225.8 33816.2 28021
8840 22241.2 33870.1 28055.6
8850 22256.5 33923.8 28090.2
8860 22271.9 33977.2 28124.6
8870 22287.8 34030.2 28159
8880 22303.1 34083 28193.1
8890 22318.3 34136.2 28227.2
8900 22333.2 34189.3 28261.3
8910 22348 34242.5 28295.2
8920 22362.4 34295.2 28328.8
8930 22376.8 34347.7 28362.2
8940 22390.9 34400.1 28395.5
8950 22405.1 34452.2 28428.6
8960 22420 34504.1 28462
8970 22434.8 34555.6 28495.2
8980 22449.2 34606.7 28528
8990 22463.4 34658 28560.7
9000 22476.4 34709.9 28593.1
9010 22489.1 34762.1 28625.6
9020 22502.2 34814.4 28658.3
9030 22515.5 34866.6 28691
9040 22528.1 34918.7 28723.4
9050 22540.4 34970.9 28755.6
9060 22552.5 35023.3 28787.9
9070 22564.3 35075.4 28819.9
9080 22575.9 35127.1 28851.5
9090 22588.2 35178.9 28883.5
9100 22600.3 35230.5 28915.4
9110 22613 35282.1 28947.5
9120 22625.8 35333.2 28979.5
9130 22638.3 35384.4 29011.3
9140 22651 35435.2 29043.1
9150 22663.7 35485.9 29074.8
9160 22676.3 35537 29106.7
9170 22689.1 35588.6 29138.8
9180 22702.4 35639.7 29171.1
9190 22715.1 35690.4 29202.8
9200 22727.8 35740.2 29234
9210 22740.1 35789.9 29265
9220 22752.3 35839.3 29295.8
9230 22764.4 35889.2 29326.8
9240 22776.5 35939.4 29357.9
9250 22788.8 35988.7 29388.8
9260 22801.3 36038.2 29419.8
9270 22813.1 36088.5 29450.8
9280 22824.6 36138.9 29481.8
9290 22836.1 36188.9 29512.5
9300 22847.4 36238.7 29543.1
9310 22858.5 36288.8 29573.6
9320 22869 36338.3 29603.6
9330 22879.2 36387.5 29633.3
9340 22889.7 36437.1 29663.4
9350 22900.5 36486.6 29693.6
9360 22911.2 36536 29723.6
9370 22921.4 36585.1 29753.2
9380 22931.1 36634.4 29782.8
9390 22941.4 36683.5 29812.5
9400 22951.8 36732.8 29842.3
9410 22961.6 36782.5 29872
9420 22971.1 36832 29901.6
9430 22980.9 36882.3 29931.6
9440 22990 36933.2 29961.6
9450 22999 36984.4 29991.7
9460 23007.7 37035.5 30021.6
9470 23015.7 37086.2 30051
9480 23022.9 37137.3 30080.1
9490 23030.3 37188 30109.1
9500 23037.7 37238.4 30138.1
9510 23044.8 37289.2 30167
9520 23051.3 37339.7 30195.5
9530 23057.5 37390.6 30224.1
9540 23063.9 37441.5 30252.7
9550 23070.4 37492.6 30281.5
9560 23076.7 37543.2 30309.9
9570 23082.6 37594 30338.3
9580 23088.3 37644.7 30366.5
9590 23094.4 37694.9 30394.7
9600 23100.5 37744.9 30422.7
9610 23106.2 37795.2 30450.7
9620 23111.9 37845.6 30478.8
9630 23118.1 37896.4 30507.2
9640 23124.3 37947 30535.7
9650 23130.5 37997.8 30564.1
9660 23136.9 38048.9 30592.9
9670 23143.2 38099.8 30621.5
9680 23148.9 38150.5 30649.7
9690 23154.5 38201.7 30678.1
9700 23160.3 38253.2 30706.8
9710 23166.6 38305.4 30736
9720 23173.1 38358.1 30765.6
9730 23179.3 38411 30795.2
9740 23185.5 38464.1 30824.8
9750 23191.4 38516.5 30853.9
9760 23197.3 38568.6 30883
9770 23203.4 38621.2 30912.3
9780 23209.5 38674.1 30941.8
9790 23215.8 38727.3 30971.6
9800 23222.3 38780.7 31001.5
9810 23228.2 38833.8 31031
9820 23233.9 38886.1 31060
9830 23239.7 38938.8 31089.3
9840 23245.8 38991.8 31118.8
9850 23252 39044.7 31148.3
9860 23258 39097.7 31177.9
9870 23263.8 39151.4 31207.6
9880 23270.3 39205.5 31237.9
9890 23276.7 39258.9 31267.8
9900 23283.3 39312.3 31297.8
9910 23289.9 39365.5 31327.7
9920 23296.9 39418.3 31357.6
9930 23304.4 39470.8 31387.6
9940 23312.2 39523.5 31417.9
9950 23319.8 39576.3 31448
9960 23327.4 39629.5 31478.4
9970 23334.6 39682.7 31508.6
9980 23341.7 39736.3 31539
9990 23348.7 39790.1 31569.4
