fm_matrix_rows:768; fm_matrix_columns:39;
Singular vector:
2.179812e+00
2.071345e+00
1.897029e+00
1.831079e+00
1.606680e+00
1.539021e+00
1.438488e+00
1.409428e+00
1.392770e+00
1.325760e+00
1.299313e+00
1.252932e+00
1.192171e+00
1.110583e+00
9.826098e-01
8.845200e-01
8.057496e-01
7.260885e-01
6.330273e-01
5.426115e-01
4.680364e-01
3.981757e-01
3.461916e-01
2.992226e-01
2.456547e-01
2.040600e-01
1.688980e-01
1.410910e-01
1.121223e-01
8.944284e-02
7.023854e-02
5.466820e-02
4.437856e-02
3.514869e-02
2.865005e-02
2.283914e-02
1.941176e-02
1.244647e-02
2.589509e-03
