fm_matrix_rows:768; fm_matrix_columns:78;
Singular vector:
2.927853e+00
2.509023e+00
2.355607e+00
2.235504e+00
2.065011e+00
1.994773e+00
1.903231e+00
1.815327e+00
1.655346e+00
1.570654e+00
1.482639e+00
1.473952e+00
1.445866e+00
1.396186e+00
1.359810e+00
1.331038e+00
1.273712e+00
1.224306e+00
1.159657e+00
1.125135e+00
1.096570e+00
1.075631e+00
1.004580e+00
9.939255e-01
9.696857e-01
9.351416e-01
9.100786e-01
8.884011e-01
8.800444e-01
8.292404e-01
8.166416e-01
7.545537e-01
7.252059e-01
6.903104e-01
6.322222e-01
6.164782e-01
5.505731e-01
5.362637e-01
4.716033e-01
4.677636e-01
4.080709e-01
4.012515e-01
3.481028e-01
3.463428e-01
3.017412e-01
2.986083e-01
2.633925e-01
2.432536e-01
2.248245e-01
2.039244e-01
1.885216e-01
1.688153e-01
1.539505e-01
1.410152e-01
1.232961e-01
1.120341e-01
9.835302e-02
8.931369e-02
7.829971e-02
7.023833e-02
6.569871e-02
5.493685e-02
5.400909e-02
4.431857e-02
4.232183e-02
3.512727e-02
3.270260e-02
2.862159e-02
2.468729e-02
2.284058e-02
1.941542e-02
1.859735e-02
1.567685e-02
1.245526e-02
1.041411e-02
1.036758e-02
2.588319e-03
1.668614e-03
