10 40.8354
20 78.0253
30 113.646
40 149.388
50 185.196
60 221.078
70 256.817
80 293.04
90 329.759
100 366.317
110 402.479
120 438.575
130 474.147
140 509.546
150 545.488
160 580.871
170 615.799
180 650.355
190 685.256
200 720.753
210 756.545
220 792.424
230 828.433
240 863.891
250 898.778
260 933.29
270 967.741
280 1002.45
290 1037.59
300 1072.32
310 1107.91
320 1144.01
330 1180.41
340 1217.36
350 1254.31
360 1291.44
370 1329.34
380 1366.78
390 1404.29
400 1441.54
410 1478.32
420 1514.74
430 1551.08
440 1587.03
450 1622.52
460 1657.7
470 1693.48
480 1728.81
490 1764.14
500 1799.6
510 1835.52
520 1871.19
530 1906.88
540 1942.35
550 1977.24
560 2011.96
570 2046.98
580 2081.67
590 2116.87
600 2152.19
610 2187.19
620 2222.12
630 2256.61
640 2291.24
650 2326.36
660 2361.33
670 2395.5
680 2429.37
690 2462.38
700 2494.97
710 2527.98
720 2561.25
730 2594.37
740 2627.52
750 2660.66
760 2693.54
770 2725.8
780 2758.57
790 2791.73
800 2824.33
810 2856.67
820 2889.36
830 2922.04
840 2955.04
850 2988.23
860 3020.81
870 3053.75
880 3087.1
890 3120.53
900 3154.11
910 3187.27
920 3219.99
930 3252.31
940 3284.56
950 3316.97
960 3349.98
970 3383.1
980 3415.26
990 3447.68
1000 3480.75
1010 3513.53
1020 3546.32
1030 3579.16
1040 3611.95
1050 3643.79
1060 3675.37
1070 3706.82
1080 3738.65
1090 3770.6
1100 3802.55
1110 3834.61
1120 3866.54
1130 3898.8
1140 3930.82
1150 3963.03
1160 3995.93
1170 4029.14
1180 4062.48
1190 4096.11
1200 4129.33
1210 4162.56
1220 4195.98
1230 4229.47
1240 4262.88
1250 4297.01
1260 4330.74
1270 4364.02
1280 4397.45
1290 4430.82
1300 4464.34
1310 4496.86
1320 4528.76
1330 4559.93
1340 4590.87
1350 4622.29
1360 4654.21
1370 4685.91
1380 4716.82
1390 4747.38
1400 4777.76
1410 4808.22
1420 4838.86
1430 4869.15
1440 4899.45
1450 4929.88
1460 4960.26
1470 4991.37
1480 5022.13
1490 5053.07
1500 5084.18
1510 5115.55
1520 5147.11
1530 5178.51
1540 5209.9
1550 5241.32
1560 5272.22
1570 5302.59
1580 5332.65
1590 5363.08
1600 5393.28
1610 5423.03
1620 5453.77
1630 5483.89
1640 5513.66
1650 5543.85
1660 5573.59
1670 5603.12
1680 5633.54
1690 5664.66
1700 5696.15
1710 5727.93
1720 5759.98
1730 5792.13
1740 5824.53
1750 5857.32
1760 5890.19
1770 5922.98
1780 5955.63
1790 5987.18
1800 6018.08
1810 6049.07
1820 6081
1830 6113.28
1840 6145.61
1850 6177.61
1860 6209.64
1870 6242.27
1880 6275.1
1890 6307.57
1900 6339.83
1910 6372.18
1920 6404.28
1930 6436.37
1940 6467.77
1950 6498.39
1960 6528.85
1970 6559.08
1980 6589.17
1990 6619.52
2000 6650.31
2010 6680.62
2020 6710.25
2030 6739.88
2040 6769.38
2050 6798.94
2060 6828.27
2070 6858.26
2080 6888.73
2090 6918.99
2100 6949.66
2110 6980.86
2120 7012.28
2130 7043.3
2140 7074.87
2150 7106.36
2160 7137.96
2170 7169.93
2180 7202.11
2190 7233.53
2200 7264.71
2210 7296.03
2220 7327.77
2230 7359.68
2240 7391.9
2250 7424.15
2260 7456.62
2270 7489.47
2280 7521.84
2290 7554.49
2300 7587.49
2310 7621.05
2320 7655.22
2330 7689.36
2340 7723.19
2350 7757.55
2360 7791.95
2370 7826.27
2380 7860.96
2390 7895.29
2400 7929.32
2410 7962.7
2420 7996.67
2430 8030.69
2440 8064.45
2450 8098.53
2460 8132.7
2470 8167.27
2480 8201.67
2490 8236.05
2500 8270.22
2510 8304.62
2520 8339.28
2530 8374.01
2540 8408.75
2550 8443.68
2560 8478.54
2570 8513.38
2580 8547.83
2590 8581.87
2600 8615.5
2610 8648.22
2620 8680.77
2630 8713.81
2640 8746.29
2650 8778.54
2660 8810.66
2670 8843.2
2680 8876.17
2690 8909.3
2700 8942.54
2710 8975.5
2720 9008.58
2730 9041.87
2740 9075.32
2750 9109.15
2760 9143.6
2770 9177.56
2780 9211.93
2790 9246.74
2800 9281.98
2810 9317.33
2820 9352.78
2830 9388.39
2840 9424.5
2850 9460.72
2860 9496.9
2870 9533.22
2880 9569.57
2890 9606
2900 9642.73
2910 9679.72
2920 9717.03
2930 9754.38
2940 9791.73
2950 9829.53
2960 9867.47
2970 9904.5
2980 9940.99
2990 9977.76
3000 10014.5
3010 10050.9
3020 10087.2
3030 10124.2
3040 10161.5
3050 10198.8
3060 10235.8
3070 10273.2
3080 10310.7
3090 10348.2
3100 10384.9
3110 10421.7
3120 10458.4
3130 10495
3140 10532.1
3150 10569.6
3160 10606.7
3170 10643.8
3180 10681.1
3190 10718.6
3200 10756.5
3210 10794.4
3220 10832.4
3230 10871.2
3240 10910.1
3250 10949.4
3260 10988.5
3270 11027.9
3280 11067.1
3290 11106.5
3300 11145.9
3310 11185.4
3320 11224.9
3330 11264.3
3340 11303.7
3350 11343.6
3360 11383.7
3370 11423.1
3380 11463.2
3390 11503.9
3400 11545
3410 11586
3420 11627
3430 11667.6
3440 11707.9
3450 11747.9
3460 11788
3470 11827.9
3480 11868.1
3490 11908.4
3500 11947.9
3510 11986.7
3520 12025.6
3530 12064.8
3540 12103.6
3550 12142.2
3560 12180.9
3570 12219.6
3580 12258.3
3590 12296.5
3600 12334.4
3610 12371.7
3620 12409.6
3630 12447.7
3640 12485.2
3650 12522.2
3660 12558.5
3670 12595.3
3680 12632.1
3690 12669.3
3700 12706.2
3710 12743.2
3720 12781
3730 12818.8
3740 12857.2
3750 12896.1
3760 12934.8
3770 12974
3780 13012.9
3790 13051.6
3800 13089.7
3810 13128.4
3820 13167.2
3830 13206
3840 13244.7
3850 13283.6
3860 13323
3870 13361.6
3880 13400.3
3890 13439.3
3900 13478.2
3910 13517
3920 13555.9
3930 13594.4
3940 13632.9
3950 13671.5
3960 13710.9
3970 13750.4
3980 13790.8
3990 13831
4000 13870.6
4010 13910
4020 13949.5
4030 13989.1
4040 14028.9
4050 14069.3
4060 14109.5
4070 14149.5
4080 14188.6
4090 14227.5
4100 14266
4110 14305.5
4120 14345.4
4130 14385.2
4140 14425.9
4150 14466.5
4160 14507
4170 14547.4
4180 14587.8
4190 14628.4
4200 14669.4
4210 14711.2
4220 14752.9
4230 14794.5
4240 14836.4
4250 14878.3
4260 14920.6
4270 14962.3
4280 15003.8
4290 15045.4
4300 15087
4310 15128.9
4320 15171.1
4330 15213.8
4340 15256.5
4350 15299.3
4360 15342.4
4370 15385.7
4380 15429.3
4390 15472.7
4400 15515.8
4410 15558.5
4420 15601.6
4430 15643.9
4440 15686.5
4450 15729.7
4460 15772.6
4470 15815.8
4480 15859.2
4490 15902.7
4500 15946
4510 15989.3
4520 16032.3
4530 16075.5
4540 16118.2
4550 16161
4560 16203.4
4570 16245.8
4580 16288.1
4590 16330.8
4600 16373.5
4610 16416.3
4620 16459.1
4630 16501.6
4640 16544.1
4650 16587
4660 16630.4
4670 16674.3
4680 16717.8
4690 16761.6
4700 16805.4
4710 16848.7
4720 16891.9
4730 16935.2
4740 16978.1
4750 17020.9
4760 17063.5
4770 17105.6
4780 17147.5
4790 17189.6
4800 17231.9
4810 17275
4820 17318.5
4830 17362.1
4840 17406.3
4850 17450.1
4860 17493.5
4870 17536.1
4880 17578.1
4890 17620.2
4900 17663.1
4910 17706.3
4920 17749.5
4930 17793.2
4940 17837
4950 17880.9
4960 17924.3
4970 17967.9
4980 18011.3
4990 18055.1
5000 18098.5
5010 18142.7
5020 18186.8
5030 18231.1
5040 18275
5050 18319.4
5060 18363.8
5070 18407.8
5080 18451.6
5090 18495.8
5100 18540.2
5110 18583.4
5120 18626.4
5130 18669
5140 18711.4
5150 18753.2
5160 18794.5
5170 18836.1
5180 18877.3
5190 18918.2
5200 18959.1
5210 18999.7
5220 19040.7
5230 19082.1
5240 19123.7
5250 19165.2
5260 19206.2
5270 19247.2
5280 19288.1
5290 19329
5300 19369.4
5310 19409.7
5320 19449.9
5330 19489.7
5340 19529.6
5350 19569.8
5360 19610
5370 19650.1
5380 19689.7
5390 19728.8
5400 19768.6
5410 19808.7
5420 19848.9
5430 19889.4
5440 19930.2
5450 19971.1
5460 20012
5470 20053
5480 20094.7
5490 20136.9
5500 20179.3
5510 20221.5
5520 20263.5
5530 20305.8
5540 20348.6
5550 20392.4
5560 20436.3
5570 20480
5580 20523.7
5590 20568
5600 20612.4
5610 20656.8
5620 20700.7
5630 20744.6
5640 20787.7
5650 20830.3
5660 20873.7
5670 20916.6
5680 20960.5
5690 21004.6
5700 21048
5710 21090.7
5720 21133.5
5730 21176.6
5740 21218.9
5750 21261.6
5760 21304.1
5770 21346.6
5780 21388.6
5790 21429.9
5800 21471.5
5810 21513.3
5820 21555.3
5830 21597.9
5840 21640.2
5850 21683.2
5860 21726.6
5870 21768.7
5880 21810.7
5890 21853.4
5900 21896
5910 21937.9
5920 21979.8
5930 22022.1
5940 22065.1
5950 22107.9
5960 22150
5970 22191.6
5980 22232.8
5990 22273.6
6000 22314.6
6010 22355.8
6020 22397.6
6030 22439.2
6040 22480.2
6050 22521
6060 22562.1
6070 22604.3
6080 22646.9
6090 22689.3
6100 22731.7
6110 22774.8
6120 22817.5
6130 22860
6140 22901.6
6150 22943.6
6160 22985.5
6170 23027.7
6180 23069.9
6190 23112
6200 23154.1
6210 23196
6220 23238.2
6230 23281.1
6240 23324
6250 23367.3
6260 23410.5
6270 23454
6280 23497.2
6290 23540.5
6300 23584.2
6310 23627.7
6320 23671.1
6330 23715
6340 23759.1
6350 23803.3
6360 23847.5
6370 23891.9
6380 23935.6
6390 23979.1
6400 24023
6410 24067.1
6420 24111
6430 24155.3
6440 24199.4
6450 24242.7
6460 24286.2
6470 24329.7
6480 24373.1
6490 24416.5
6500 24459.6
6510 24502.3
6520 24544.6
6530 24586.5
6540 24628.3
6550 24670.7
6560 24713.4
6570 24756.6
6580 24799.5
6590 24842.3
6600 24884.9
6610 24927.6
6620 24970
6630 25012.2
6640 25054.7
6650 25097
6660 25139.6
6670 25182.3
6680 25224.3
6690 25266.9
6700 25309.6
6710 25352.2
6720 25394.3
6730 25436.4
6740 25478.4
6750 25519.8
6760 25560.9
6770 25601.5
6780 25641.9
6790 25681.8
6800 25721.9
6810 25762.4
6820 25802.7
6830 25843.1
6840 25883.6
6850 25923.5
6860 25963.3
6870 26002.9
6880 26042.7
6890 26083.2
6900 26124.3
6910 26165.9
6920 26207.9
6930 26249.9
6940 26292.1
6950 26334
6960 26376.1
6970 26418.9
6980 26461.8
6990 26505.1
7000 26548.6
7010 26591.9
7020 26634.6
7030 26678
7040 26721.6
7050 26765.5
7060 26809.1
7070 26852.6
7080 26895.8
7090 26939.6
7100 26983.7
7110 27027.3
7120 27070.8
7130 27114.6
7140 27158.4
7150 27202.5
7160 27246.6
7170 27291.1
7180 27336.1
7190 27381.4
7200 27426
7210 27471
7220 27515.7
7230 27560.4
7240 27605.3
7250 27650.4
7260 27695.7
7270 27740.7
7280 27785.6
7290 27829.6
7300 27874.2
7310 27918.3
7320 27961.4
7330 28004.5
7340 28046.8
7350 28088.7
7360 28129.9
7370 28171.4
7380 28213.3
7390 28255.4
7400 28297.8
7410 28340.6
7420 28383.2
7430 28426.1
7440 28468.4
7450 28510
7460 28551
7470 28591.9
7480 28633.3
7490 28674.8
7500 28716.3
7510 28757.1
7520 28797.5
7530 28838
7540 28879.1
7550 28920.1
7560 28960.6
7570 29001.6
7580 29042.8
7590 29084.2
7600 29124.9
7610 29165.8
7620 29206.5
7630 29247.3
7640 29287.9
7650 29327.5
7660 29367.6
7670 29408
7680 29448
7690 29488
7700 29528.6
7710 29570
7720 29611.1
7730 29651.9
7740 29693.2
7750 29735.5
7760 29777.6
7770 29820.2
7780 29862.6
7790 29904.4
7800 29946.2
7810 29988.1
7820 30029.9
7830 30071.6
7840 30113.4
7850 30155.6
7860 30198.4
7870 30240.5
7880 30283
7890 30325.3
7900 30367.8
7910 30410.2
7920 30452.7
7930 30495.4
7940 30537.5
7950 30578.8
7960 30620.3
7970 30662.2
7980 30703.8
7990 30744.5
8000 30785.3
8010 30826.2
8020 30867.7
8030 30909.7
8040 30952.5
8050 30995.4
8060 31038
8070 31080.4
8080 31122.4
8090 31164.5
8100 31206.6
8110 31249
8120 31291.1
8130 31332.5
8140 31373.6
8150 31414.8
8160 31456.5
8170 31497.3
8180 31537.9
8190 31578.1
8200 31617.9
8210 31657.8
8220 31697.9
8230 31738.1
8240 31778.5
8250 31818.7
8260 31858.9
8270 31899.2
8280 31939.9
8290 31981.2
8300 32022.7
8310 32064.2
8320 32106.1
8330 32147.5
8340 32188.4
8350 32229
8360 32269.5
8370 32310.2
8380 32351.5
8390 32392.6
8400 32433
8410 32473.7
8420 32514.6
8430 32556.1
8440 32597.6
8450 32638.6
8460 32678.6
8470 32718.7
8480 32759.9
8490 32800.6
8500 32841
8510 32881.3
8520 32922.2
8530 32964
8540 33005.3
8550 33046.9
8560 33088.4
8570 33130.3
8580 33171.7
8590 33213.6
8600 33255.2
8610 33296.8
8620 33338.8
8630 33380.4
8640 33422.5
8650 33463.9
8660 33504.6
8670 33545.3
8680 33586.5
8690 33628
8700 33670.1
8710 33711.9
8720 33753.3
8730 33795.1
8740 33837.9
8750 33881.2
8760 33924.2
8770 33967.5
8780 34011.2
8790 34055.1
8800 34099.1
8810 34143.6
8820 34188.7
8830 34233.5
8840 34278.6
8850 34324.2
8860 34371.5
8870 34419.4
8880 34467.2
8890 34514.7
8900 34562.4
8910 34609.7
8920 34656.4
8930 34702.9
8940 34749.6
8950 34796.7
8960 34843.9
8970 34890.8
8980 34937.8
8990 34984.4
9000 35030.6
9010 35076.3
9020 35121.1
9030 35165.9
9040 35210.5
9050 35255.2
9060 35299.9
9070 35345.7
9080 35390.8
9090 35435.4
9100 35480.7
9110 35525.6
9120 35570.9
9130 35616.2
9140 35661.6
9150 35707.2
9160 35753.2
9170 35799
9180 35844.8
9190 35890
9200 35935.6
9210 35980.7
9220 36025
9230 36069.6
9240 36114.9
9250 36159.9
9260 36204.9
9270 36249.9
9280 36294.6
9290 36339.4
9300 36383.9
9310 36428.8
9320 36473.4
9330 36517.1
9340 36560.9
9350 36605.4
9360 36649.8
9370 36695.1
9380 36740.1
9390 36785.2
9400 36829.8
9410 36874.1
9420 36917.9
9430 36962.2
9440 37007
9450 37052
9460 37097.3
9470 37143.4
9480 37189.9
9490 37236.5
9500 37283.9
9510 37331.7
9520 37377.6
9530 37423.3
9540 37469.1
9550 37514.8
9560 37560.4
9570 37605.9
9580 37651
9590 37696
9600 37739.5
9610 37783.1
9620 37827.4
9630 37871
9640 37914.6
9650 37958.5
9660 38002
9670 38045.1
9680 38087.4
9690 38129.8
9700 38171.9
9710 38213.9
9720 38255.5
9730 38297.8
9740 38340.3
9750 38382.7
9760 38424.6
9770 38467.1
9780 38509.6
9790 38551.6
9800 38593.2
9810 38635
9820 38677.9
9830 38720
9840 38762.4
9850 38805
9860 38847.9
9870 38892
9880 38936.2
9890 38980.7
9900 39025.1
9910 39069.7
9920 39115
9930 39160.7
9940 39205.6
9950 39251.4
9960 39296.8
9970 39341.8
9980 39387
9990 39431.3
