0.000191 -0.000000
0.068504 -0.000003
3.454868 -0.000074
16.936352 -0.000317
17.600373 -0.000488
-0.200098 -0.000414
-5.128862 -0.000286
-2.140940 -0.000230
-1.001550 -0.000102
-0.669468 0.000126
-0.432583 0.000350
-0.146160 0.000342
0.198995 0.000111
0.534454 -0.000132
0.671334 -0.000263
0.756604 -0.000276
0.731204 -0.000153
-0.035849 0.000014
-0.884580 0.000030
-0.535580 0.000067
0.296751 0.000136
0.770693 0.000128
0.891098 0.000089
0.665156 0.000120
0.329745 0.000038
-0.068252 -0.000136
-0.502920 -0.000117
-0.771128 -0.000057
-0.850491 -0.000008
-0.683194 -0.000032
-0.357991 -0.000042
-0.126401 -0.000035
0.125589 -0.000024
0.371136 0.000115
0.385399 0.000068
0.324499 0.000011
0.289239 -0.000037
0.203327 -0.000070
0.039505 -0.000038
